[2026-04-29T22:23:38] START TASK-J005-006: task-work implementation
[2026-04-29T22:24:38] SNAPSHOT TASK-J005-006: elapsed=60s, phase=task-work implementation, files_changed=0, last_tool=Read
[2026-04-29T22:25:38] SNAPSHOT TASK-J005-006: elapsed=120s, phase=task-work implementation, files_changed=0, last_tool=Bash
[2026-04-29T22:26:38] SNAPSHOT TASK-J005-006: elapsed=180s, phase=task-work implementation, files_changed=0, last_tool=Read
[2026-04-29T22:27:38] SNAPSHOT TASK-J005-006: elapsed=240s, phase=task-work implementation, files_changed=1, last_tool=Read
[2026-04-29T22:28:38] SNAPSHOT TASK-J005-006: elapsed=300s, phase=task-work implementation, files_changed=2, last_tool=Read
[2026-04-29T22:29:38] SNAPSHOT TASK-J005-006: elapsed=360s, phase=task-work implementation, files_changed=4, last_tool=Edit
[2026-04-29T22:30:38] SNAPSHOT TASK-J005-006: elapsed=420s, phase=task-work implementation, files_changed=6, last_tool=Bash
[2026-04-29T22:31:38] SNAPSHOT TASK-J005-006: elapsed=480s, phase=task-work implementation, files_changed=6, last_tool=Bash
[2026-04-29T22:32:38] SNAPSHOT TASK-J005-006: elapsed=540s, phase=task-work implementation, files_changed=8, last_tool=Bash
[2026-04-29T22:33:38] SNAPSHOT TASK-J005-006: elapsed=600s, phase=task-work implementation, files_changed=8, last_tool=Bash
[2026-04-29T22:34:38] SNAPSHOT TASK-J005-006: elapsed=660s, phase=task-work implementation, files_changed=8, last_tool=Bash
[2026-04-29T22:35:38] SNAPSHOT TASK-J005-006: elapsed=720s, phase=task-work implementation, files_changed=9, last_tool=Write
[2026-04-29T22:35:46] START TASK-J005-006: specialist:test-orchestrator invocation
[2026-04-29T22:36:38] START TASK-J005-006: specialist:code-reviewer invocation
[2026-04-29T22:37:38] SNAPSHOT TASK-J005-006: elapsed=60s, phase=specialist:code-reviewer invocation, files_changed=0, last_tool=Bash
[2026-04-29T22:38:38] SNAPSHOT TASK-J005-006: elapsed=120s, phase=specialist:code-reviewer invocation, files_changed=0, last_tool=Bash
[2026-04-29T22:39:38] SNAPSHOT TASK-J005-006: elapsed=180s, phase=specialist:code-reviewer invocation, files_changed=0, last_tool=Bash
[2026-04-29T22:40:38] SNAPSHOT TASK-J005-006: elapsed=240s, phase=specialist:code-reviewer invocation, files_changed=0, last_tool=Bash
[2026-04-29T22:41:01] COMPLETE TASK-J005-006: elapsed=1045s, decision=approved, snapshots=4
