[2026-04-29T23:03:53] START TASK-J005-008: task-work implementation
[2026-04-29T23:04:53] SNAPSHOT TASK-J005-008: elapsed=60s, phase=task-work implementation, files_changed=0, last_tool=Read
[2026-04-29T23:05:53] SNAPSHOT TASK-J005-008: elapsed=120s, phase=task-work implementation, files_changed=0, last_tool=Read
[2026-04-29T23:06:53] SNAPSHOT TASK-J005-008: elapsed=180s, phase=task-work implementation, files_changed=0, last_tool=Read
[2026-04-29T23:07:53] SNAPSHOT TASK-J005-008: elapsed=240s, phase=task-work implementation, files_changed=5, last_tool=Edit
[2026-04-29T23:08:53] SNAPSHOT TASK-J005-008: elapsed=300s, phase=task-work implementation, files_changed=13, last_tool=Edit
[2026-04-29T23:09:53] SNAPSHOT TASK-J005-008: elapsed=360s, phase=task-work implementation, files_changed=18, last_tool=Bash
[2026-04-29T23:10:53] SNAPSHOT TASK-J005-008: elapsed=420s, phase=task-work implementation, files_changed=18, last_tool=Bash
[2026-04-29T23:11:53] SNAPSHOT TASK-J005-008: elapsed=480s, phase=task-work implementation, files_changed=18, last_tool=Bash
[2026-04-29T23:12:53] SNAPSHOT TASK-J005-008: elapsed=540s, phase=task-work implementation, files_changed=18, last_tool=Bash
[2026-04-29T23:13:53] SNAPSHOT TASK-J005-008: elapsed=600s, phase=task-work implementation, files_changed=21, last_tool=Edit
[2026-04-29T23:14:53] SNAPSHOT TASK-J005-008: elapsed=660s, phase=task-work implementation, files_changed=23, last_tool=Bash
[2026-04-29T23:15:31] START TASK-J005-008: specialist:test-orchestrator invocation
[2026-04-29T23:16:31] SNAPSHOT TASK-J005-008: elapsed=60s, phase=specialist:test-orchestrator invocation, files_changed=0, last_tool=Bash
[2026-04-29T23:16:39] START TASK-J005-008: specialist:code-reviewer invocation
[2026-04-29T23:17:39] SNAPSHOT TASK-J005-008: elapsed=60s, phase=specialist:code-reviewer invocation, files_changed=0, last_tool=Read
[2026-04-29T23:18:39] SNAPSHOT TASK-J005-008: elapsed=120s, phase=specialist:code-reviewer invocation, files_changed=0, last_tool=Read
[2026-04-29T23:19:39] SNAPSHOT TASK-J005-008: elapsed=180s, phase=specialist:code-reviewer invocation, files_changed=0, last_tool=Read
[2026-04-29T23:20:39] SNAPSHOT TASK-J005-008: elapsed=240s, phase=specialist:code-reviewer invocation, files_changed=0, last_tool=Grep
[2026-04-29T23:21:04] COMPLETE TASK-J005-008: elapsed=1032s, decision=approved, snapshots=4
