[2026-04-25T18:54:35] START TASK-J003-013: task-work implementation
[2026-04-25T18:55:35] SNAPSHOT TASK-J003-013: elapsed=60s, phase=task-work implementation, files_changed=0, last_tool=Bash
[2026-04-25T18:56:35] SNAPSHOT TASK-J003-013: elapsed=120s, phase=task-work implementation, files_changed=0, last_tool=Read
[2026-04-25T18:57:35] SNAPSHOT TASK-J003-013: elapsed=180s, phase=task-work implementation, files_changed=0, last_tool=Bash
[2026-04-25T18:58:35] SNAPSHOT TASK-J003-013: elapsed=240s, phase=task-work implementation, files_changed=0, last_tool=Read
[2026-04-25T18:59:35] SNAPSHOT TASK-J003-013: elapsed=300s, phase=task-work implementation, files_changed=1, last_tool=Bash
[2026-04-25T19:00:35] SNAPSHOT TASK-J003-013: elapsed=360s, phase=task-work implementation, files_changed=1, last_tool=Bash
[2026-04-25T19:01:35] SNAPSHOT TASK-J003-013: elapsed=420s, phase=task-work implementation, files_changed=2, last_tool=Bash
[2026-04-25T19:02:35] SNAPSHOT TASK-J003-013: elapsed=480s, phase=task-work implementation, files_changed=4, last_tool=Bash
[2026-04-25T19:03:35] SNAPSHOT TASK-J003-013: elapsed=540s, phase=task-work implementation, files_changed=4, last_tool=Bash
[2026-04-25T19:04:08] START TASK-J003-013: Player invocation
[2026-04-25T19:05:08] SNAPSHOT TASK-J003-013: elapsed=60s, phase=Player invocation, files_changed=1, last_tool=Write
[2026-04-25T19:05:09] START TASK-J003-013: Coach invocation
[2026-04-25T19:06:09] SNAPSHOT TASK-J003-013: elapsed=60s, phase=Coach invocation, files_changed=0, last_tool=Grep
[2026-04-25T19:07:09] SNAPSHOT TASK-J003-013: elapsed=120s, phase=Coach invocation, files_changed=0, last_tool=Bash
[2026-04-25T19:08:09] SNAPSHOT TASK-J003-013: elapsed=180s, phase=Coach invocation, files_changed=0, last_tool=Bash
[2026-04-25T19:09:09] SNAPSHOT TASK-J003-013: elapsed=240s, phase=Coach invocation, files_changed=0, last_tool=Bash
[2026-04-25T19:10:05] COMPLETE TASK-J003-013: elapsed=931s, decision=approved, snapshots=4
[2026-04-26T09:41:35] START TASK-J003-013: task-work implementation
[2026-04-26T09:42:35] SNAPSHOT TASK-J003-013: elapsed=60s, phase=task-work implementation, files_changed=0, last_tool=Read
[2026-04-26T09:43:35] SNAPSHOT TASK-J003-013: elapsed=120s, phase=task-work implementation, files_changed=0, last_tool=Read
[2026-04-26T09:44:35] SNAPSHOT TASK-J003-013: elapsed=180s, phase=task-work implementation, files_changed=0, last_tool=Read
[2026-04-26T09:45:35] SNAPSHOT TASK-J003-013: elapsed=240s, phase=task-work implementation, files_changed=1, last_tool=Edit
[2026-04-26T09:46:35] SNAPSHOT TASK-J003-013: elapsed=300s, phase=task-work implementation, files_changed=2, last_tool=Edit
[2026-04-26T09:47:35] SNAPSHOT TASK-J003-013: elapsed=360s, phase=task-work implementation, files_changed=3, last_tool=Bash
[2026-04-26T09:48:35] SNAPSHOT TASK-J003-013: elapsed=420s, phase=task-work implementation, files_changed=3, last_tool=Bash
[2026-04-26T09:49:35] SNAPSHOT TASK-J003-013: elapsed=480s, phase=task-work implementation, files_changed=3, last_tool=Bash
[2026-04-26T09:49:46] START TASK-J003-013: Player invocation
[2026-04-26T09:50:39] START TASK-J003-013: Coach invocation
[2026-04-26T09:51:39] SNAPSHOT TASK-J003-013: elapsed=60s, phase=Coach invocation, files_changed=0, last_tool=Bash
[2026-04-26T09:52:39] SNAPSHOT TASK-J003-013: elapsed=120s, phase=Coach invocation, files_changed=0, last_tool=Bash
[2026-04-26T09:53:40] SNAPSHOT TASK-J003-013: elapsed=180s, phase=Coach invocation, files_changed=0, last_tool=Bash
[2026-04-26T09:54:40] SNAPSHOT TASK-J003-013: elapsed=240s, phase=Coach invocation, files_changed=0, last_tool=Bash
[2026-04-26T09:55:01] COMPLETE TASK-J003-013: elapsed=806s, decision=approved, snapshots=4
