[2026-04-25T18:37:55] START TASK-J003-022: task-work implementation
[2026-04-25T18:38:55] SNAPSHOT TASK-J003-022: elapsed=60s, phase=task-work implementation, files_changed=0, last_tool=Read
[2026-04-25T18:39:55] SNAPSHOT TASK-J003-022: elapsed=120s, phase=task-work implementation, files_changed=0, last_tool=Read
[2026-04-25T18:40:55] SNAPSHOT TASK-J003-022: elapsed=180s, phase=task-work implementation, files_changed=0, last_tool=Read
[2026-04-25T18:41:55] SNAPSHOT TASK-J003-022: elapsed=240s, phase=task-work implementation, files_changed=0, last_tool=Read
[2026-04-25T18:42:55] SNAPSHOT TASK-J003-022: elapsed=300s, phase=task-work implementation, files_changed=0, last_tool=Bash
[2026-04-25T18:43:55] SNAPSHOT TASK-J003-022: elapsed=360s, phase=task-work implementation, files_changed=0, last_tool=Bash
[2026-04-25T18:44:55] SNAPSHOT TASK-J003-022: elapsed=420s, phase=task-work implementation, files_changed=0, last_tool=Bash
[2026-04-25T18:45:55] SNAPSHOT TASK-J003-022: elapsed=480s, phase=task-work implementation, files_changed=1, last_tool=TodoWrite
[2026-04-25T18:46:55] SNAPSHOT TASK-J003-022: elapsed=540s, phase=task-work implementation, files_changed=1, last_tool=Bash
[2026-04-25T18:47:18] START TASK-J003-022: Player invocation
[2026-04-25T18:48:18] SNAPSHOT TASK-J003-022: elapsed=60s, phase=Player invocation, files_changed=0, last_tool=Bash
[2026-04-25T18:49:18] SNAPSHOT TASK-J003-022: elapsed=120s, phase=Player invocation, files_changed=0, last_tool=Bash
[2026-04-25T18:50:18] SNAPSHOT TASK-J003-022: elapsed=180s, phase=Player invocation, files_changed=0, last_tool=Bash
[2026-04-25T18:50:25] START TASK-J003-022: Coach invocation
[2026-04-25T18:51:25] SNAPSHOT TASK-J003-022: elapsed=60s, phase=Coach invocation, files_changed=0, last_tool=Read
[2026-04-25T18:52:25] SNAPSHOT TASK-J003-022: elapsed=120s, phase=Coach invocation, files_changed=0, last_tool=Bash
[2026-04-25T18:53:25] SNAPSHOT TASK-J003-022: elapsed=180s, phase=Coach invocation, files_changed=0, last_tool=Bash
[2026-04-25T18:53:56] COMPLETE TASK-J003-022: elapsed=962s, decision=approved, snapshots=3
[2026-04-26T09:22:23] START TASK-J003-022: task-work implementation
[2026-04-26T09:23:23] SNAPSHOT TASK-J003-022: elapsed=60s, phase=task-work implementation, files_changed=0, last_tool=Read
[2026-04-26T09:24:23] SNAPSHOT TASK-J003-022: elapsed=120s, phase=task-work implementation, files_changed=0, last_tool=Bash
[2026-04-26T09:25:23] SNAPSHOT TASK-J003-022: elapsed=180s, phase=task-work implementation, files_changed=0, last_tool=Read
[2026-04-26T09:26:23] SNAPSHOT TASK-J003-022: elapsed=240s, phase=task-work implementation, files_changed=0, last_tool=Read
[2026-04-26T09:27:23] SNAPSHOT TASK-J003-022: elapsed=300s, phase=task-work implementation, files_changed=0, last_tool=Read
[2026-04-26T09:28:23] SNAPSHOT TASK-J003-022: elapsed=360s, phase=task-work implementation, files_changed=0, last_tool=Read
[2026-04-26T09:29:23] SNAPSHOT TASK-J003-022: elapsed=420s, phase=task-work implementation, files_changed=0, last_tool=Bash
[2026-04-26T09:30:23] SNAPSHOT TASK-J003-022: elapsed=480s, phase=task-work implementation, files_changed=0, last_tool=Bash
[2026-04-26T09:31:23] SNAPSHOT TASK-J003-022: elapsed=540s, phase=task-work implementation, files_changed=0, last_tool=Bash
[2026-04-26T09:32:23] SNAPSHOT TASK-J003-022: elapsed=600s, phase=task-work implementation, files_changed=1, last_tool=Read
[2026-04-26T09:33:23] SNAPSHOT TASK-J003-022: elapsed=660s, phase=task-work implementation, files_changed=4, last_tool=Edit
[2026-04-26T09:34:23] SNAPSHOT TASK-J003-022: elapsed=720s, phase=task-work implementation, files_changed=9, last_tool=Bash
[2026-04-26T09:35:23] SNAPSHOT TASK-J003-022: elapsed=780s, phase=task-work implementation, files_changed=9, last_tool=Read
[2026-04-26T09:36:23] SNAPSHOT TASK-J003-022: elapsed=840s, phase=task-work implementation, files_changed=10, last_tool=Bash
[2026-04-26T09:37:15] START TASK-J003-022: Player invocation
[2026-04-26T09:38:11] START TASK-J003-022: Coach invocation
[2026-04-26T09:39:11] SNAPSHOT TASK-J003-022: elapsed=60s, phase=Coach invocation, files_changed=0, last_tool=Bash
[2026-04-26T09:40:11] SNAPSHOT TASK-J003-022: elapsed=120s, phase=Coach invocation, files_changed=0, last_tool=Bash
[2026-04-26T09:41:11] SNAPSHOT TASK-J003-022: elapsed=180s, phase=Coach invocation, files_changed=0, last_tool=Bash
[2026-04-26T09:41:32] COMPLETE TASK-J003-022: elapsed=1150s, decision=approved, snapshots=3
