[2026-04-27T22:00:34] START TASK-J004-006: task-work implementation
[2026-04-27T22:01:34] SNAPSHOT TASK-J004-006: elapsed=60s, phase=task-work implementation, files_changed=0, last_tool=Bash
[2026-04-27T22:02:34] SNAPSHOT TASK-J004-006: elapsed=120s, phase=task-work implementation, files_changed=0, last_tool=Bash
[2026-04-27T22:03:34] SNAPSHOT TASK-J004-006: elapsed=180s, phase=task-work implementation, files_changed=0, last_tool=Bash
[2026-04-27T22:04:34] SNAPSHOT TASK-J004-006: elapsed=240s, phase=task-work implementation, files_changed=1, last_tool=Bash
[2026-04-27T22:05:34] SNAPSHOT TASK-J004-006: elapsed=300s, phase=task-work implementation, files_changed=2, last_tool=Bash
[2026-04-27T22:06:34] SNAPSHOT TASK-J004-006: elapsed=360s, phase=task-work implementation, files_changed=2, last_tool=Bash
[2026-04-27T22:07:34] SNAPSHOT TASK-J004-006: elapsed=420s, phase=task-work implementation, files_changed=3, last_tool=Bash
[2026-04-27T22:08:34] SNAPSHOT TASK-J004-006: elapsed=480s, phase=task-work implementation, files_changed=3, last_tool=Bash
[2026-04-27T22:09:34] SNAPSHOT TASK-J004-006: elapsed=540s, phase=task-work implementation, files_changed=4, last_tool=Write
[2026-04-27T22:09:35] START TASK-J004-006: Player invocation
[2026-04-27T22:10:24] START TASK-J004-006: Coach invocation
[2026-04-27T22:11:24] SNAPSHOT TASK-J004-006: elapsed=60s, phase=Coach invocation, files_changed=0, last_tool=Bash
[2026-04-27T22:12:24] SNAPSHOT TASK-J004-006: elapsed=120s, phase=Coach invocation, files_changed=0, last_tool=Read
[2026-04-27T22:13:39] COMPLETE TASK-J004-006: elapsed=786s, decision=approved, snapshots=2
[2026-04-28T08:01:51] START TASK-J004-006: task-work implementation
[2026-04-28T08:02:51] SNAPSHOT TASK-J004-006: elapsed=60s, phase=task-work implementation, files_changed=0, last_tool=Bash
[2026-04-28T08:03:51] SNAPSHOT TASK-J004-006: elapsed=120s, phase=task-work implementation, files_changed=0, last_tool=Bash
[2026-04-28T08:04:51] SNAPSHOT TASK-J004-006: elapsed=180s, phase=task-work implementation, files_changed=0, last_tool=Bash
[2026-04-28T08:05:51] SNAPSHOT TASK-J004-006: elapsed=240s, phase=task-work implementation, files_changed=1, last_tool=Write
[2026-04-28T08:06:51] SNAPSHOT TASK-J004-006: elapsed=300s, phase=task-work implementation, files_changed=2, last_tool=Bash
[2026-04-28T08:07:51] SNAPSHOT TASK-J004-006: elapsed=360s, phase=task-work implementation, files_changed=2, last_tool=Bash
[2026-04-28T08:08:27] START TASK-J004-006: specialist:test-orchestrator invocation
[2026-04-28T08:09:27] SNAPSHOT TASK-J004-006: elapsed=60s, phase=specialist:test-orchestrator invocation, files_changed=0, last_tool=Bash
[2026-04-28T08:09:31] START TASK-J004-006: specialist:code-reviewer invocation
[2026-04-28T08:10:31] SNAPSHOT TASK-J004-006: elapsed=60s, phase=specialist:code-reviewer invocation, files_changed=0, last_tool=Bash
[2026-04-28T08:11:31] SNAPSHOT TASK-J004-006: elapsed=120s, phase=specialist:code-reviewer invocation, files_changed=0, last_tool=Bash
[2026-04-28T08:12:31] SNAPSHOT TASK-J004-006: elapsed=180s, phase=specialist:code-reviewer invocation, files_changed=0, last_tool=Bash
[2026-04-28T08:13:31] SNAPSHOT TASK-J004-006: elapsed=240s, phase=specialist:code-reviewer invocation, files_changed=0, last_tool=Bash
[2026-04-28T08:13:57] COMPLETE TASK-J004-006: elapsed=728s, decision=approved, snapshots=4
[2026-04-28T11:00:02] START TASK-J004-006: task-work implementation
[2026-04-28T11:01:02] SNAPSHOT TASK-J004-006: elapsed=60s, phase=task-work implementation, files_changed=0, last_tool=Bash
[2026-04-28T11:02:02] SNAPSHOT TASK-J004-006: elapsed=120s, phase=task-work implementation, files_changed=0, last_tool=Bash
[2026-04-28T11:03:02] SNAPSHOT TASK-J004-006: elapsed=180s, phase=task-work implementation, files_changed=0, last_tool=Bash
[2026-04-28T11:04:02] SNAPSHOT TASK-J004-006: elapsed=240s, phase=task-work implementation, files_changed=0, last_tool=Bash
[2026-04-28T11:05:02] SNAPSHOT TASK-J004-006: elapsed=300s, phase=task-work implementation, files_changed=0, last_tool=Bash
[2026-04-28T11:06:02] SNAPSHOT TASK-J004-006: elapsed=360s, phase=task-work implementation, files_changed=2, last_tool=Edit
[2026-04-28T11:07:02] SNAPSHOT TASK-J004-006: elapsed=420s, phase=task-work implementation, files_changed=3, last_tool=Bash
[2026-04-28T11:08:02] SNAPSHOT TASK-J004-006: elapsed=480s, phase=task-work implementation, files_changed=8, last_tool=Bash
[2026-04-28T11:09:02] SNAPSHOT TASK-J004-006: elapsed=540s, phase=task-work implementation, files_changed=10, last_tool=Bash
[2026-04-28T11:10:02] SNAPSHOT TASK-J004-006: elapsed=600s, phase=task-work implementation, files_changed=10, last_tool=Bash
[2026-04-28T11:11:03] SNAPSHOT TASK-J004-006: elapsed=660s, phase=task-work implementation, files_changed=11, last_tool=Write
[2026-04-28T11:11:10] START TASK-J004-006: specialist:test-orchestrator invocation
[2026-04-28T11:11:46] START TASK-J004-006: specialist:code-reviewer invocation
[2026-04-28T11:12:46] SNAPSHOT TASK-J004-006: elapsed=60s, phase=specialist:code-reviewer invocation, files_changed=0, last_tool=Bash
[2026-04-28T11:13:46] SNAPSHOT TASK-J004-006: elapsed=120s, phase=specialist:code-reviewer invocation, files_changed=0, last_tool=Grep
[2026-04-28T11:14:44] COMPLETE TASK-J004-006: elapsed=883s, decision=approved, snapshots=2
