[2026-05-11T22:48:39] START TASK-J006-003: task-work implementation
[2026-05-11T22:49:39] SNAPSHOT TASK-J006-003: elapsed=60s, phase=task-work implementation, files_changed=0, last_tool=Read
[2026-05-11T22:50:39] SNAPSHOT TASK-J006-003: elapsed=120s, phase=task-work implementation, files_changed=0, last_tool=Read
[2026-05-11T22:51:39] SNAPSHOT TASK-J006-003: elapsed=180s, phase=task-work implementation, files_changed=0, last_tool=Read
[2026-05-11T22:52:39] SNAPSHOT TASK-J006-003: elapsed=240s, phase=task-work implementation, files_changed=0, last_tool=Read
[2026-05-11T22:53:39] SNAPSHOT TASK-J006-003: elapsed=300s, phase=task-work implementation, files_changed=1, last_tool=Write
[2026-05-11T22:54:39] SNAPSHOT TASK-J006-003: elapsed=360s, phase=task-work implementation, files_changed=3, last_tool=Bash
[2026-05-11T22:55:39] SNAPSHOT TASK-J006-003: elapsed=420s, phase=task-work implementation, files_changed=3, last_tool=Bash
[2026-05-11T22:56:39] SNAPSHOT TASK-J006-003: elapsed=480s, phase=task-work implementation, files_changed=4, last_tool=Bash
[2026-05-11T22:57:39] SNAPSHOT TASK-J006-003: elapsed=540s, phase=task-work implementation, files_changed=4, last_tool=Bash
[2026-05-11T22:57:57] START TASK-J006-003: specialist:test-orchestrator invocation
[2026-05-11T22:58:46] START TASK-J006-003: specialist:code-reviewer invocation
[2026-05-11T22:59:46] SNAPSHOT TASK-J006-003: elapsed=60s, phase=specialist:code-reviewer invocation, files_changed=0, last_tool=Bash
[2026-05-11T23:00:46] SNAPSHOT TASK-J006-003: elapsed=120s, phase=specialist:code-reviewer invocation, files_changed=0, last_tool=Bash
[2026-05-11T23:01:24] START TASK-J006-003: task-work implementation
[2026-05-11T23:02:24] SNAPSHOT TASK-J006-003: elapsed=60s, phase=task-work implementation, files_changed=0, last_tool=Bash
[2026-05-11T23:03:24] SNAPSHOT TASK-J006-003: elapsed=120s, phase=task-work implementation, files_changed=0, last_tool=Read
[2026-05-11T23:04:24] SNAPSHOT TASK-J006-003: elapsed=180s, phase=task-work implementation, files_changed=3, last_tool=Bash
[2026-05-11T23:05:14] START TASK-J006-003: specialist:test-orchestrator invocation
[2026-05-11T23:06:14] SNAPSHOT TASK-J006-003: elapsed=60s, phase=specialist:test-orchestrator invocation, files_changed=0, last_tool=Bash
[2026-05-11T23:06:27] START TASK-J006-003: specialist:code-reviewer invocation
[2026-05-11T23:07:27] SNAPSHOT TASK-J006-003: elapsed=60s, phase=specialist:code-reviewer invocation, files_changed=0, last_tool=Read
[2026-05-11T23:08:27] SNAPSHOT TASK-J006-003: elapsed=120s, phase=specialist:code-reviewer invocation, files_changed=0, last_tool=Bash
[2026-05-11T23:09:27] SNAPSHOT TASK-J006-003: elapsed=180s, phase=specialist:code-reviewer invocation, files_changed=0, last_tool=Read
[2026-05-11T23:09:39] START TASK-J006-003: task-work implementation
[2026-05-11T23:10:39] SNAPSHOT TASK-J006-003: elapsed=60s, phase=task-work implementation, files_changed=0, last_tool=Bash
[2026-05-11T23:11:30] START TASK-J006-003: specialist:test-orchestrator invocation
[2026-05-11T23:12:30] SNAPSHOT TASK-J006-003: elapsed=60s, phase=specialist:test-orchestrator invocation, files_changed=2, last_tool=Write
[2026-05-11T23:12:34] START TASK-J006-003: specialist:code-reviewer invocation
[2026-05-11T23:13:34] SNAPSHOT TASK-J006-003: elapsed=60s, phase=specialist:code-reviewer invocation, files_changed=0, last_tool=Read
[2026-05-11T23:14:34] SNAPSHOT TASK-J006-003: elapsed=120s, phase=specialist:code-reviewer invocation, files_changed=0, last_tool=Bash
[2026-05-11T23:15:34] SNAPSHOT TASK-J006-003: elapsed=180s, phase=specialist:code-reviewer invocation, files_changed=0, last_tool=Bash
[2026-05-11T23:15:47] COMPLETE TASK-J006-003: elapsed=1629s, decision=unrecoverable_stall, snapshots=3
[2026-05-12T10:46:46] START TASK-J006-003: task-work implementation
[2026-05-12T10:47:46] SNAPSHOT TASK-J006-003: elapsed=60s, phase=task-work implementation, files_changed=0, last_tool=Bash
[2026-05-12T10:48:46] SNAPSHOT TASK-J006-003: elapsed=120s, phase=task-work implementation, files_changed=1, last_tool=Bash
[2026-05-12T10:49:27] START TASK-J006-003: specialist:test-orchestrator invocation
[2026-05-12T10:50:27] SNAPSHOT TASK-J006-003: elapsed=60s, phase=specialist:test-orchestrator invocation, files_changed=1, last_tool=Bash
[2026-05-12T10:50:36] START TASK-J006-003: specialist:code-reviewer invocation
[2026-05-12T10:51:36] SNAPSHOT TASK-J006-003: elapsed=60s, phase=specialist:code-reviewer invocation, files_changed=0, last_tool=Read
[2026-05-12T10:52:36] SNAPSHOT TASK-J006-003: elapsed=120s, phase=specialist:code-reviewer invocation, files_changed=0, last_tool=Read
[2026-05-12T10:53:36] SNAPSHOT TASK-J006-003: elapsed=180s, phase=specialist:code-reviewer invocation, files_changed=0, last_tool=Bash
[2026-05-12T10:54:36] SNAPSHOT TASK-J006-003: elapsed=240s, phase=specialist:code-reviewer invocation, files_changed=0, last_tool=Read
[2026-05-12T10:55:36] SNAPSHOT TASK-J006-003: elapsed=300s, phase=specialist:code-reviewer invocation, files_changed=0, last_tool=Grep
[2026-05-12T10:55:54] COMPLETE TASK-J006-003: elapsed=549s, decision=approved, snapshots=5
