[2026-04-25T18:37:55] START TASK-J003-012: task-work implementation
[2026-04-25T18:38:55] SNAPSHOT TASK-J003-012: elapsed=60s, phase=task-work implementation, files_changed=0, last_tool=Bash
[2026-04-25T18:39:55] SNAPSHOT TASK-J003-012: elapsed=120s, phase=task-work implementation, files_changed=0, last_tool=Read
[2026-04-25T18:40:55] SNAPSHOT TASK-J003-012: elapsed=180s, phase=task-work implementation, files_changed=2, last_tool=Edit
[2026-04-25T18:41:55] SNAPSHOT TASK-J003-012: elapsed=240s, phase=task-work implementation, files_changed=6, last_tool=Edit
[2026-04-25T18:42:55] SNAPSHOT TASK-J003-012: elapsed=300s, phase=task-work implementation, files_changed=8, last_tool=Read
[2026-04-25T18:43:55] SNAPSHOT TASK-J003-012: elapsed=360s, phase=task-work implementation, files_changed=9, last_tool=Read
[2026-04-25T18:44:55] SNAPSHOT TASK-J003-012: elapsed=420s, phase=task-work implementation, files_changed=12, last_tool=Bash
[2026-04-25T18:45:55] SNAPSHOT TASK-J003-012: elapsed=480s, phase=task-work implementation, files_changed=12, last_tool=Bash
[2026-04-25T18:46:55] SNAPSHOT TASK-J003-012: elapsed=540s, phase=task-work implementation, files_changed=12, last_tool=Bash
[2026-04-25T18:47:55] SNAPSHOT TASK-J003-012: elapsed=600s, phase=task-work implementation, files_changed=12, last_tool=Read
[2026-04-25T18:48:55] SNAPSHOT TASK-J003-012: elapsed=660s, phase=task-work implementation, files_changed=12, last_tool=Bash
[2026-04-25T18:49:28] START TASK-J003-012: Player invocation
[2026-04-25T18:50:28] SNAPSHOT TASK-J003-012: elapsed=60s, phase=Player invocation, files_changed=0, last_tool=Bash
[2026-04-25T18:51:28] SNAPSHOT TASK-J003-012: elapsed=120s, phase=Player invocation, files_changed=0, last_tool=Bash
[2026-04-25T18:52:04] START TASK-J003-012: Coach invocation
[2026-04-25T18:53:04] SNAPSHOT TASK-J003-012: elapsed=60s, phase=Coach invocation, files_changed=0, last_tool=Bash
[2026-04-25T18:54:04] SNAPSHOT TASK-J003-012: elapsed=120s, phase=Coach invocation, files_changed=0, last_tool=Bash
[2026-04-25T18:54:32] COMPLETE TASK-J003-012: elapsed=998s, decision=approved, snapshots=2
[2026-04-26T09:22:23] START TASK-J003-012: task-work implementation
[2026-04-26T09:23:23] SNAPSHOT TASK-J003-012: elapsed=60s, phase=task-work implementation, files_changed=0, last_tool=Read
[2026-04-26T09:24:23] SNAPSHOT TASK-J003-012: elapsed=120s, phase=task-work implementation, files_changed=0, last_tool=Read
[2026-04-26T09:25:23] SNAPSHOT TASK-J003-012: elapsed=180s, phase=task-work implementation, files_changed=0, last_tool=Read
[2026-04-26T09:26:23] SNAPSHOT TASK-J003-012: elapsed=240s, phase=task-work implementation, files_changed=1, last_tool=Bash
[2026-04-26T09:27:23] SNAPSHOT TASK-J003-012: elapsed=300s, phase=task-work implementation, files_changed=4, last_tool=Edit
[2026-04-26T09:28:23] SNAPSHOT TASK-J003-012: elapsed=360s, phase=task-work implementation, files_changed=7, last_tool=Bash
[2026-04-26T09:29:23] SNAPSHOT TASK-J003-012: elapsed=420s, phase=task-work implementation, files_changed=12, last_tool=Bash
[2026-04-26T09:30:23] SNAPSHOT TASK-J003-012: elapsed=480s, phase=task-work implementation, files_changed=12, last_tool=Bash
[2026-04-26T09:30:53] START TASK-J003-012: Player invocation
[2026-04-26T09:31:37] START TASK-J003-012: Coach invocation
[2026-04-26T09:32:37] SNAPSHOT TASK-J003-012: elapsed=60s, phase=Coach invocation, files_changed=0, last_tool=Bash
[2026-04-26T09:33:37] SNAPSHOT TASK-J003-012: elapsed=120s, phase=Coach invocation, files_changed=0, last_tool=Bash
[2026-04-26T09:34:37] SNAPSHOT TASK-J003-012: elapsed=180s, phase=Coach invocation, files_changed=0, last_tool=Bash
[2026-04-26T09:35:37] SNAPSHOT TASK-J003-012: elapsed=240s, phase=Coach invocation, files_changed=0, last_tool=Read
[2026-04-26T09:36:25] COMPLETE TASK-J003-012: elapsed=843s, decision=approved, snapshots=4
