[2026-04-25T19:10:08] START TASK-J003-015: task-work implementation
[2026-04-25T19:11:08] SNAPSHOT TASK-J003-015: elapsed=60s, phase=task-work implementation, files_changed=0, last_tool=Read
[2026-04-25T19:12:08] SNAPSHOT TASK-J003-015: elapsed=120s, phase=task-work implementation, files_changed=0, last_tool=Read
[2026-04-25T19:13:08] SNAPSHOT TASK-J003-015: elapsed=180s, phase=task-work implementation, files_changed=0, last_tool=Read
[2026-04-25T19:14:08] SNAPSHOT TASK-J003-015: elapsed=240s, phase=task-work implementation, files_changed=0, last_tool=Read
[2026-04-25T19:15:08] SNAPSHOT TASK-J003-015: elapsed=300s, phase=task-work implementation, files_changed=1, last_tool=Write
[2026-04-25T19:16:08] SNAPSHOT TASK-J003-015: elapsed=360s, phase=task-work implementation, files_changed=1, last_tool=Write
[2026-04-25T19:17:08] SNAPSHOT TASK-J003-015: elapsed=420s, phase=task-work implementation, files_changed=3, last_tool=Bash
[2026-04-25T19:18:08] SNAPSHOT TASK-J003-015: elapsed=480s, phase=task-work implementation, files_changed=3, last_tool=Bash
[2026-04-25T19:19:08] SNAPSHOT TASK-J003-015: elapsed=540s, phase=task-work implementation, files_changed=5, last_tool=Bash
[2026-04-25T19:20:08] SNAPSHOT TASK-J003-015: elapsed=600s, phase=task-work implementation, files_changed=8, last_tool=Bash
[2026-04-25T19:21:08] SNAPSHOT TASK-J003-015: elapsed=660s, phase=task-work implementation, files_changed=8, last_tool=Bash
[2026-04-25T19:21:40] START TASK-J003-015: Player invocation
[2026-04-25T19:22:40] SNAPSHOT TASK-J003-015: elapsed=60s, phase=Player invocation, files_changed=0, last_tool=Bash
[2026-04-25T19:23:21] START TASK-J003-015: Coach invocation
[2026-04-25T19:24:21] SNAPSHOT TASK-J003-015: elapsed=60s, phase=Coach invocation, files_changed=0, last_tool=Read
[2026-04-25T19:25:21] SNAPSHOT TASK-J003-015: elapsed=120s, phase=Coach invocation, files_changed=0, last_tool=Bash
[2026-04-25T19:26:21] SNAPSHOT TASK-J003-015: elapsed=180s, phase=Coach invocation, files_changed=0, last_tool=Read
[2026-04-25T19:27:21] SNAPSHOT TASK-J003-015: elapsed=240s, phase=Coach invocation, files_changed=0, last_tool=Bash
[2026-04-25T19:27:48] COMPLETE TASK-J003-015: elapsed=1060s, decision=approved, snapshots=4
[2026-04-26T09:55:03] START TASK-J003-015: task-work implementation
[2026-04-26T09:56:03] SNAPSHOT TASK-J003-015: elapsed=60s, phase=task-work implementation, files_changed=0, last_tool=Bash
[2026-04-26T09:57:03] SNAPSHOT TASK-J003-015: elapsed=120s, phase=task-work implementation, files_changed=0, last_tool=Read
[2026-04-26T09:58:03] SNAPSHOT TASK-J003-015: elapsed=180s, phase=task-work implementation, files_changed=0, last_tool=Read
[2026-04-26T09:59:03] SNAPSHOT TASK-J003-015: elapsed=240s, phase=task-work implementation, files_changed=0, last_tool=Read
[2026-04-26T10:00:03] SNAPSHOT TASK-J003-015: elapsed=300s, phase=task-work implementation, files_changed=0, last_tool=Bash
[2026-04-26T10:01:03] SNAPSHOT TASK-J003-015: elapsed=360s, phase=task-work implementation, files_changed=1, last_tool=Write
[2026-04-26T10:02:03] SNAPSHOT TASK-J003-015: elapsed=420s, phase=task-work implementation, files_changed=1, last_tool=Write
[2026-04-26T10:03:03] SNAPSHOT TASK-J003-015: elapsed=480s, phase=task-work implementation, files_changed=3, last_tool=Bash
[2026-04-26T10:04:03] SNAPSHOT TASK-J003-015: elapsed=540s, phase=task-work implementation, files_changed=4, last_tool=Bash
[2026-04-26T10:05:03] SNAPSHOT TASK-J003-015: elapsed=600s, phase=task-work implementation, files_changed=4, last_tool=Bash
[2026-04-26T10:05:45] START TASK-J003-015: Player invocation
[2026-04-26T10:06:45] SNAPSHOT TASK-J003-015: elapsed=60s, phase=Player invocation, files_changed=0, last_tool=Bash
[2026-04-26T10:07:02] START TASK-J003-015: Coach invocation
[2026-04-26T10:08:02] SNAPSHOT TASK-J003-015: elapsed=60s, phase=Coach invocation, files_changed=0, last_tool=Bash
[2026-04-26T10:09:02] SNAPSHOT TASK-J003-015: elapsed=120s, phase=Coach invocation, files_changed=0, last_tool=Bash
[2026-04-26T10:10:02] SNAPSHOT TASK-J003-015: elapsed=180s, phase=Coach invocation, files_changed=0, last_tool=Bash
[2026-04-26T10:11:02] SNAPSHOT TASK-J003-015: elapsed=240s, phase=Coach invocation, files_changed=0, last_tool=Read
[2026-04-26T10:12:02] SNAPSHOT TASK-J003-015: elapsed=300s, phase=Coach invocation, files_changed=0, last_tool=Bash
[2026-04-26T10:12:23] COMPLETE TASK-J003-015: elapsed=1040s, decision=approved, snapshots=5
