[2026-04-27T22:31:35] START TASK-J004-009: task-work implementation
[2026-04-27T22:32:35] SNAPSHOT TASK-J004-009: elapsed=60s, phase=task-work implementation, files_changed=0, last_tool=Bash
[2026-04-27T22:33:35] SNAPSHOT TASK-J004-009: elapsed=120s, phase=task-work implementation, files_changed=0, last_tool=Bash
[2026-04-27T22:34:35] SNAPSHOT TASK-J004-009: elapsed=180s, phase=task-work implementation, files_changed=0, last_tool=Read
[2026-04-27T22:35:35] SNAPSHOT TASK-J004-009: elapsed=240s, phase=task-work implementation, files_changed=0, last_tool=Read
[2026-04-27T22:36:35] SNAPSHOT TASK-J004-009: elapsed=300s, phase=task-work implementation, files_changed=1, last_tool=Write
[2026-04-27T22:37:35] SNAPSHOT TASK-J004-009: elapsed=360s, phase=task-work implementation, files_changed=2, last_tool=Bash
[2026-04-27T22:38:35] SNAPSHOT TASK-J004-009: elapsed=420s, phase=task-work implementation, files_changed=4, last_tool=Bash
[2026-04-27T22:39:35] SNAPSHOT TASK-J004-009: elapsed=480s, phase=task-work implementation, files_changed=4, last_tool=Bash
[2026-04-27T22:40:35] SNAPSHOT TASK-J004-009: elapsed=540s, phase=task-work implementation, files_changed=5, last_tool=Bash
[2026-04-27T22:41:35] SNAPSHOT TASK-J004-009: elapsed=600s, phase=task-work implementation, files_changed=5, last_tool=Bash
[2026-04-27T22:41:56] START TASK-J004-009: Player invocation
[2026-04-27T22:42:37] START TASK-J004-009: Coach invocation
[2026-04-27T22:44:29] SNAPSHOT TASK-J004-009: elapsed=60s, phase=Coach invocation, files_changed=0, last_tool=Bash
[2026-04-27T22:45:29] SNAPSHOT TASK-J004-009: elapsed=120s, phase=Coach invocation, files_changed=0, last_tool=Read
[2026-04-27T22:46:29] SNAPSHOT TASK-J004-009: elapsed=180s, phase=Coach invocation, files_changed=0, last_tool=Read
[2026-04-27T22:47:29] SNAPSHOT TASK-J004-009: elapsed=240s, phase=Coach invocation, files_changed=0, last_tool=Bash
[2026-04-27T22:48:35] COMPLETE TASK-J004-009: elapsed=1021s, decision=approved, snapshots=4
[2026-04-28T08:27:49] START TASK-J004-009: task-work implementation
[2026-04-28T08:28:49] SNAPSHOT TASK-J004-009: elapsed=60s, phase=task-work implementation, files_changed=0, last_tool=Bash
[2026-04-28T08:29:49] SNAPSHOT TASK-J004-009: elapsed=120s, phase=task-work implementation, files_changed=0, last_tool=Bash
[2026-04-28T08:30:49] SNAPSHOT TASK-J004-009: elapsed=180s, phase=task-work implementation, files_changed=0, last_tool=Bash
[2026-04-28T08:31:49] SNAPSHOT TASK-J004-009: elapsed=240s, phase=task-work implementation, files_changed=0, last_tool=Bash
[2026-04-28T08:32:49] SNAPSHOT TASK-J004-009: elapsed=300s, phase=task-work implementation, files_changed=0, last_tool=Bash
[2026-04-28T08:33:49] SNAPSHOT TASK-J004-009: elapsed=360s, phase=task-work implementation, files_changed=0, last_tool=Bash
[2026-04-28T08:34:49] SNAPSHOT TASK-J004-009: elapsed=420s, phase=task-work implementation, files_changed=1, last_tool=Write
[2026-04-28T08:35:49] SNAPSHOT TASK-J004-009: elapsed=480s, phase=task-work implementation, files_changed=1, last_tool=Write
[2026-04-28T08:36:49] SNAPSHOT TASK-J004-009: elapsed=540s, phase=task-work implementation, files_changed=2, last_tool=Bash
[2026-04-28T08:37:49] SNAPSHOT TASK-J004-009: elapsed=600s, phase=task-work implementation, files_changed=6, last_tool=Bash
[2026-04-28T08:38:49] SNAPSHOT TASK-J004-009: elapsed=660s, phase=task-work implementation, files_changed=8, last_tool=Edit
[2026-04-28T08:39:49] SNAPSHOT TASK-J004-009: elapsed=720s, phase=task-work implementation, files_changed=12, last_tool=Edit
[2026-04-28T08:40:49] SNAPSHOT TASK-J004-009: elapsed=780s, phase=task-work implementation, files_changed=15, last_tool=Bash
[2026-04-28T08:41:49] SNAPSHOT TASK-J004-009: elapsed=840s, phase=task-work implementation, files_changed=15, last_tool=Bash
[2026-04-28T08:42:47] START TASK-J004-009: specialist:test-orchestrator invocation
[2026-04-28T08:43:39] START TASK-J004-009: specialist:code-reviewer invocation
[2026-04-28T08:44:39] SNAPSHOT TASK-J004-009: elapsed=60s, phase=specialist:code-reviewer invocation, files_changed=0, last_tool=Bash
[2026-04-28T08:45:39] SNAPSHOT TASK-J004-009: elapsed=120s, phase=specialist:code-reviewer invocation, files_changed=0, last_tool=Bash
[2026-04-28T08:46:39] SNAPSHOT TASK-J004-009: elapsed=180s, phase=specialist:code-reviewer invocation, files_changed=0, last_tool=Bash
[2026-04-28T08:47:16] COMPLETE TASK-J004-009: elapsed=1167s, decision=approved, snapshots=3
[2026-04-28T11:35:37] START TASK-J004-009: task-work implementation
[2026-04-28T11:36:37] SNAPSHOT TASK-J004-009: elapsed=60s, phase=task-work implementation, files_changed=0, last_tool=Bash
[2026-04-28T11:37:37] SNAPSHOT TASK-J004-009: elapsed=120s, phase=task-work implementation, files_changed=0, last_tool=Bash
[2026-04-28T11:38:37] SNAPSHOT TASK-J004-009: elapsed=180s, phase=task-work implementation, files_changed=0, last_tool=Read
[2026-04-28T11:39:37] SNAPSHOT TASK-J004-009: elapsed=240s, phase=task-work implementation, files_changed=0, last_tool=Read
[2026-04-28T11:40:37] SNAPSHOT TASK-J004-009: elapsed=300s, phase=task-work implementation, files_changed=0, last_tool=Bash
[2026-04-28T11:41:37] SNAPSHOT TASK-J004-009: elapsed=360s, phase=task-work implementation, files_changed=1, last_tool=Write
[2026-04-28T11:42:37] SNAPSHOT TASK-J004-009: elapsed=420s, phase=task-work implementation, files_changed=1, last_tool=Write
[2026-04-28T11:43:37] SNAPSHOT TASK-J004-009: elapsed=480s, phase=task-work implementation, files_changed=2, last_tool=Bash
[2026-04-28T11:44:37] SNAPSHOT TASK-J004-009: elapsed=540s, phase=task-work implementation, files_changed=4, last_tool=Bash
[2026-04-28T11:45:37] SNAPSHOT TASK-J004-009: elapsed=600s, phase=task-work implementation, files_changed=4, last_tool=Bash
[2026-04-28T11:46:39] START TASK-J004-009: specialist:test-orchestrator invocation
[2026-04-28T11:47:34] START TASK-J004-009: specialist:code-reviewer invocation
[2026-04-28T11:48:34] SNAPSHOT TASK-J004-009: elapsed=60s, phase=specialist:code-reviewer invocation, files_changed=0, last_tool=Grep
[2026-04-28T11:49:34] SNAPSHOT TASK-J004-009: elapsed=120s, phase=specialist:code-reviewer invocation, files_changed=0, last_tool=Bash
[2026-04-28T11:50:46] COMPLETE TASK-J004-009: elapsed=909s, decision=approved, snapshots=2
