[2026-04-28T13:04:01] START TASK-J004-015: task-work implementation
[2026-04-28T13:05:01] SNAPSHOT TASK-J004-015: elapsed=60s, phase=task-work implementation, files_changed=0, last_tool=Grep
[2026-04-28T13:06:01] SNAPSHOT TASK-J004-015: elapsed=120s, phase=task-work implementation, files_changed=0, last_tool=Read
[2026-04-28T13:07:01] SNAPSHOT TASK-J004-015: elapsed=180s, phase=task-work implementation, files_changed=0, last_tool=Read
[2026-04-28T13:08:01] SNAPSHOT TASK-J004-015: elapsed=240s, phase=task-work implementation, files_changed=0, last_tool=Read
[2026-04-28T13:09:01] SNAPSHOT TASK-J004-015: elapsed=300s, phase=task-work implementation, files_changed=0, last_tool=Bash
[2026-04-28T13:10:01] SNAPSHOT TASK-J004-015: elapsed=360s, phase=task-work implementation, files_changed=0, last_tool=Bash
[2026-04-28T13:11:01] SNAPSHOT TASK-J004-015: elapsed=420s, phase=task-work implementation, files_changed=1, last_tool=Bash
[2026-04-28T13:12:01] SNAPSHOT TASK-J004-015: elapsed=480s, phase=task-work implementation, files_changed=2, last_tool=Write
[2026-04-28T13:12:16] START TASK-J004-015: specialist:test-orchestrator invocation
[2026-04-28T13:13:16] SNAPSHOT TASK-J004-015: elapsed=60s, phase=specialist:test-orchestrator invocation, files_changed=0, last_tool=Bash
[2026-04-28T13:14:16] SNAPSHOT TASK-J004-015: elapsed=120s, phase=specialist:test-orchestrator invocation, files_changed=0, last_tool=Bash
[2026-04-28T13:14:58] START TASK-J004-015: specialist:code-reviewer invocation
[2026-04-28T13:15:58] SNAPSHOT TASK-J004-015: elapsed=60s, phase=specialist:code-reviewer invocation, files_changed=0
[2026-04-28T13:16:58] SNAPSHOT TASK-J004-015: elapsed=120s, phase=specialist:code-reviewer invocation, files_changed=0
[2026-04-28T13:17:58] SNAPSHOT TASK-J004-015: elapsed=180s, phase=specialist:code-reviewer invocation, files_changed=0
[2026-04-28T13:18:58] SNAPSHOT TASK-J004-015: elapsed=240s, phase=specialist:code-reviewer invocation, files_changed=0
[2026-04-28T13:19:58] SNAPSHOT TASK-J004-015: elapsed=300s, phase=specialist:code-reviewer invocation, files_changed=0
[2026-04-28T13:20:58] SNAPSHOT TASK-J004-015: elapsed=360s, phase=specialist:code-reviewer invocation, files_changed=0
[2026-04-28T13:21:58] SNAPSHOT TASK-J004-015: elapsed=420s, phase=specialist:code-reviewer invocation, files_changed=0
[2026-04-28T13:22:58] SNAPSHOT TASK-J004-015: elapsed=480s, phase=specialist:code-reviewer invocation, files_changed=0
[2026-04-28T13:23:58] SNAPSHOT TASK-J004-015: elapsed=540s, phase=specialist:code-reviewer invocation, files_changed=0
[2026-04-28T13:24:58] SNAPSHOT TASK-J004-015: elapsed=600s, phase=specialist:code-reviewer invocation, files_changed=0
[2026-04-28T13:25:58] SNAPSHOT TASK-J004-015: elapsed=660s, phase=specialist:code-reviewer invocation, files_changed=0, last_tool=Read
[2026-04-28T13:26:58] SNAPSHOT TASK-J004-015: elapsed=720s, phase=specialist:code-reviewer invocation, files_changed=0, last_tool=Bash
[2026-04-28T13:27:58] SNAPSHOT TASK-J004-015: elapsed=780s, phase=specialist:code-reviewer invocation, files_changed=0, last_tool=Bash
[2026-04-28T13:28:58] SNAPSHOT TASK-J004-015: elapsed=840s, phase=specialist:code-reviewer invocation, files_changed=0, last_tool=Bash
[2026-04-28T13:29:58] SNAPSHOT TASK-J004-015: elapsed=900s, phase=specialist:code-reviewer invocation, files_changed=0, last_tool=Bash
[2026-04-28T13:30:18] COMPLETE TASK-J004-015: elapsed=1589s, decision=approved, snapshots=15
