[2026-04-27T16:43:02] START TASK-J004-002: Player invocation
[2026-04-27T16:44:02] SNAPSHOT TASK-J004-002: elapsed=60s, phase=Player invocation, files_changed=0, last_tool=Bash
[2026-04-27T16:45:02] SNAPSHOT TASK-J004-002: elapsed=120s, phase=Player invocation, files_changed=0, last_tool=Bash
[2026-04-27T16:46:02] SNAPSHOT TASK-J004-002: elapsed=180s, phase=Player invocation, files_changed=1, last_tool=Bash
[2026-04-27T16:47:02] SNAPSHOT TASK-J004-002: elapsed=240s, phase=Player invocation, files_changed=2, last_tool=Bash
[2026-04-27T16:48:02] SNAPSHOT TASK-J004-002: elapsed=300s, phase=Player invocation, files_changed=2, last_tool=Read
[2026-04-27T16:49:02] SNAPSHOT TASK-J004-002: elapsed=360s, phase=Player invocation, files_changed=3, last_tool=Bash
[2026-04-27T16:50:03] COMPLETE TASK-J004-002: elapsed=423s, decision=approved, snapshots=6
[2026-04-27T21:50:53] START TASK-J004-002: Player invocation
[2026-04-27T21:51:53] SNAPSHOT TASK-J004-002: elapsed=60s, phase=Player invocation, files_changed=0, last_tool=Bash
[2026-04-27T21:52:53] SNAPSHOT TASK-J004-002: elapsed=120s, phase=Player invocation, files_changed=1, last_tool=Bash
[2026-04-27T21:53:53] SNAPSHOT TASK-J004-002: elapsed=180s, phase=Player invocation, files_changed=3, last_tool=Bash
[2026-04-27T21:54:53] SNAPSHOT TASK-J004-002: elapsed=240s, phase=Player invocation, files_changed=5, last_tool=Bash
[2026-04-27T21:55:45] COMPLETE TASK-J004-002: elapsed=295s, decision=approved, snapshots=4
[2026-04-28T07:50:36] START TASK-J004-002: Player invocation
[2026-04-28T07:51:36] SNAPSHOT TASK-J004-002: elapsed=60s, phase=Player invocation, files_changed=0, last_tool=Bash
[2026-04-28T07:52:36] SNAPSHOT TASK-J004-002: elapsed=120s, phase=Player invocation, files_changed=1, last_tool=Bash
[2026-04-28T07:53:23] COMPLETE TASK-J004-002: elapsed=171s, decision=approved, snapshots=2
[2026-04-28T10:48:49] START TASK-J004-002: Player invocation
[2026-04-28T10:49:49] SNAPSHOT TASK-J004-002: elapsed=60s, phase=Player invocation, files_changed=0, last_tool=Bash
[2026-04-28T10:50:49] SNAPSHOT TASK-J004-002: elapsed=120s, phase=Player invocation, files_changed=0, last_tool=Bash
[2026-04-28T10:51:49] SNAPSHOT TASK-J004-002: elapsed=180s, phase=Player invocation, files_changed=1, last_tool=Bash
[2026-04-28T10:52:49] SNAPSHOT TASK-J004-002: elapsed=240s, phase=Player invocation, files_changed=2, last_tool=Edit
[2026-04-28T10:53:49] SNAPSHOT TASK-J004-002: elapsed=300s, phase=Player invocation, files_changed=3, last_tool=Read
[2026-04-28T10:54:49] SNAPSHOT TASK-J004-002: elapsed=360s, phase=Player invocation, files_changed=3, last_tool=Bash
[2026-04-28T10:55:41] COMPLETE TASK-J004-002: elapsed=415s, decision=approved, snapshots=6
