[2026-04-25T18:05:00] START TASK-J003-007: task-work implementation
[2026-04-25T18:06:00] SNAPSHOT TASK-J003-007: elapsed=60s, phase=task-work implementation, files_changed=0, last_tool=Read
[2026-04-25T18:07:00] SNAPSHOT TASK-J003-007: elapsed=120s, phase=task-work implementation, files_changed=1, last_tool=Bash
[2026-04-25T18:08:00] SNAPSHOT TASK-J003-007: elapsed=180s, phase=task-work implementation, files_changed=3, last_tool=Read
[2026-04-25T18:09:00] SNAPSHOT TASK-J003-007: elapsed=240s, phase=task-work implementation, files_changed=3, last_tool=Bash
[2026-04-25T18:10:00] SNAPSHOT TASK-J003-007: elapsed=300s, phase=task-work implementation, files_changed=4, last_tool=Read
[2026-04-25T18:11:00] SNAPSHOT TASK-J003-007: elapsed=360s, phase=task-work implementation, files_changed=5, last_tool=Bash
[2026-04-25T18:12:00] SNAPSHOT TASK-J003-007: elapsed=420s, phase=task-work implementation, files_changed=5, last_tool=Bash
[2026-04-25T18:12:16] START TASK-J003-007: Player invocation
[2026-04-25T18:13:16] SNAPSHOT TASK-J003-007: elapsed=60s, phase=Player invocation, files_changed=0, last_tool=Bash
[2026-04-25T18:13:53] START TASK-J003-007: Coach invocation
[2026-04-25T18:14:53] SNAPSHOT TASK-J003-007: elapsed=60s, phase=Coach invocation, files_changed=0, last_tool=Bash
[2026-04-25T18:15:53] SNAPSHOT TASK-J003-007: elapsed=120s, phase=Coach invocation, files_changed=0, last_tool=Read
[2026-04-25T18:16:53] SNAPSHOT TASK-J003-007: elapsed=180s, phase=Coach invocation, files_changed=0, last_tool=Bash
[2026-04-25T18:17:53] SNAPSHOT TASK-J003-007: elapsed=240s, phase=Coach invocation, files_changed=0, last_tool=Bash
[2026-04-25T18:18:53] SNAPSHOT TASK-J003-007: elapsed=300s, phase=Coach invocation, files_changed=0, last_tool=Bash
[2026-04-25T18:19:07] COMPLETE TASK-J003-007: elapsed=848s, decision=approved, snapshots=5
[2026-04-26T08:32:59] START TASK-J003-007: task-work implementation
[2026-04-26T08:33:59] SNAPSHOT TASK-J003-007: elapsed=60s, phase=task-work implementation, files_changed=0, last_tool=Read
[2026-04-26T08:34:59] SNAPSHOT TASK-J003-007: elapsed=120s, phase=task-work implementation, files_changed=0, last_tool=Read
[2026-04-26T08:35:59] SNAPSHOT TASK-J003-007: elapsed=180s, phase=task-work implementation, files_changed=1, last_tool=Bash
[2026-04-26T08:36:59] SNAPSHOT TASK-J003-007: elapsed=240s, phase=task-work implementation, files_changed=5, last_tool=Bash
[2026-04-26T08:37:59] SNAPSHOT TASK-J003-007: elapsed=300s, phase=task-work implementation, files_changed=5, last_tool=Bash
[2026-04-26T08:38:59] SNAPSHOT TASK-J003-007: elapsed=360s, phase=task-work implementation, files_changed=6, last_tool=Write
[2026-04-26T08:39:02] START TASK-J003-007: Player invocation
[2026-04-26T08:40:02] SNAPSHOT TASK-J003-007: elapsed=60s, phase=Player invocation, files_changed=0, last_tool=Bash
[2026-04-26T08:41:02] SNAPSHOT TASK-J003-007: elapsed=120s, phase=Player invocation, files_changed=0, last_tool=Bash
[2026-04-26T08:42:02] SNAPSHOT TASK-J003-007: elapsed=180s, phase=Player invocation, files_changed=0, last_tool=Bash
[2026-04-26T08:42:17] START TASK-J003-007: Coach invocation
[2026-04-26T08:43:17] SNAPSHOT TASK-J003-007: elapsed=60s, phase=Coach invocation, files_changed=0, last_tool=Bash
[2026-04-26T08:44:17] SNAPSHOT TASK-J003-007: elapsed=120s, phase=Coach invocation, files_changed=0, last_tool=Bash
[2026-04-26T08:45:18] START TASK-J003-007: task-work implementation
[2026-04-26T08:46:18] SNAPSHOT TASK-J003-007: elapsed=60s, phase=task-work implementation, files_changed=0, last_tool=Bash
[2026-04-26T08:47:18] SNAPSHOT TASK-J003-007: elapsed=120s, phase=task-work implementation, files_changed=0, last_tool=Bash
[2026-04-26T08:48:18] SNAPSHOT TASK-J003-007: elapsed=180s, phase=task-work implementation, files_changed=0, last_tool=Read
[2026-04-26T08:49:18] SNAPSHOT TASK-J003-007: elapsed=240s, phase=task-work implementation, files_changed=0, last_tool=Bash
[2026-04-26T08:50:18] SNAPSHOT TASK-J003-007: elapsed=300s, phase=task-work implementation, files_changed=0, last_tool=Bash
[2026-04-26T08:51:18] SNAPSHOT TASK-J003-007: elapsed=360s, phase=task-work implementation, files_changed=0, last_tool=Bash
[2026-04-26T08:52:18] SNAPSHOT TASK-J003-007: elapsed=420s, phase=task-work implementation, files_changed=0, last_tool=Bash
[2026-04-26T08:53:18] SNAPSHOT TASK-J003-007: elapsed=480s, phase=task-work implementation, files_changed=0, last_tool=Bash
[2026-04-26T08:54:18] SNAPSHOT TASK-J003-007: elapsed=540s, phase=task-work implementation, files_changed=0, last_tool=Bash
[2026-04-26T08:55:18] SNAPSHOT TASK-J003-007: elapsed=600s, phase=task-work implementation, files_changed=0, last_tool=Glob
[2026-04-26T08:56:18] SNAPSHOT TASK-J003-007: elapsed=660s, phase=task-work implementation, files_changed=1, last_tool=Bash
[2026-04-26T08:57:18] SNAPSHOT TASK-J003-007: elapsed=720s, phase=task-work implementation, files_changed=1, last_tool=Bash
[2026-04-26T08:57:36] START TASK-J003-007: Player invocation
[2026-04-26T08:58:36] SNAPSHOT TASK-J003-007: elapsed=60s, phase=Player invocation, files_changed=0, last_tool=Bash
[2026-04-26T08:59:17] START TASK-J003-007: Coach invocation
[2026-04-26T09:00:17] SNAPSHOT TASK-J003-007: elapsed=60s, phase=Coach invocation, files_changed=0, last_tool=Bash
[2026-04-26T09:01:17] SNAPSHOT TASK-J003-007: elapsed=120s, phase=Coach invocation, files_changed=0, last_tool=Bash
[2026-04-26T09:02:17] SNAPSHOT TASK-J003-007: elapsed=180s, phase=Coach invocation, files_changed=0, last_tool=Bash
[2026-04-26T09:02:37] COMPLETE TASK-J003-007: elapsed=1779s, decision=approved, snapshots=3
