[2026-04-25T18:37:55] START TASK-J003-017: task-work implementation
[2026-04-25T18:38:55] SNAPSHOT TASK-J003-017: elapsed=60s, phase=task-work implementation, files_changed=0, last_tool=Read
[2026-04-25T18:39:55] SNAPSHOT TASK-J003-017: elapsed=120s, phase=task-work implementation, files_changed=0, last_tool=Grep
[2026-04-25T18:40:55] SNAPSHOT TASK-J003-017: elapsed=180s, phase=task-work implementation, files_changed=0, last_tool=Grep
[2026-04-25T18:41:55] SNAPSHOT TASK-J003-017: elapsed=240s, phase=task-work implementation, files_changed=0, last_tool=Read
[2026-04-25T18:42:55] SNAPSHOT TASK-J003-017: elapsed=300s, phase=task-work implementation, files_changed=0, last_tool=Read
[2026-04-25T18:43:55] SNAPSHOT TASK-J003-017: elapsed=360s, phase=task-work implementation, files_changed=1, last_tool=Read
[2026-04-25T18:44:55] SNAPSHOT TASK-J003-017: elapsed=420s, phase=task-work implementation, files_changed=1, last_tool=Read
[2026-04-25T18:45:55] SNAPSHOT TASK-J003-017: elapsed=480s, phase=task-work implementation, files_changed=2, last_tool=Bash
[2026-04-25T18:46:55] SNAPSHOT TASK-J003-017: elapsed=540s, phase=task-work implementation, files_changed=2, last_tool=Bash
[2026-04-25T18:47:55] SNAPSHOT TASK-J003-017: elapsed=600s, phase=task-work implementation, files_changed=2, last_tool=Bash
[2026-04-25T18:48:55] SNAPSHOT TASK-J003-017: elapsed=660s, phase=task-work implementation, files_changed=2, last_tool=Bash
[2026-04-25T18:49:11] START TASK-J003-017: Player invocation
[2026-04-25T18:50:11] SNAPSHOT TASK-J003-017: elapsed=60s, phase=Player invocation, files_changed=0, last_tool=Bash
[2026-04-25T18:50:30] START TASK-J003-017: Coach invocation
[2026-04-25T18:51:30] SNAPSHOT TASK-J003-017: elapsed=60s, phase=Coach invocation, files_changed=0, last_tool=Bash
[2026-04-25T18:52:30] SNAPSHOT TASK-J003-017: elapsed=120s, phase=Coach invocation, files_changed=0, last_tool=Read
[2026-04-25T18:53:30] SNAPSHOT TASK-J003-017: elapsed=180s, phase=Coach invocation, files_changed=0, last_tool=Read
[2026-04-25T18:54:17] COMPLETE TASK-J003-017: elapsed=983s, decision=approved, snapshots=3
[2026-04-26T09:22:23] START TASK-J003-017: task-work implementation
[2026-04-26T09:23:23] SNAPSHOT TASK-J003-017: elapsed=60s, phase=task-work implementation, files_changed=0, last_tool=Read
[2026-04-26T09:24:23] SNAPSHOT TASK-J003-017: elapsed=120s, phase=task-work implementation, files_changed=0, last_tool=Bash
[2026-04-26T09:25:23] SNAPSHOT TASK-J003-017: elapsed=180s, phase=task-work implementation, files_changed=0, last_tool=Bash
[2026-04-26T09:26:23] SNAPSHOT TASK-J003-017: elapsed=240s, phase=task-work implementation, files_changed=1, last_tool=Write
[2026-04-26T09:27:23] SNAPSHOT TASK-J003-017: elapsed=300s, phase=task-work implementation, files_changed=1, last_tool=Read
[2026-04-26T09:28:23] SNAPSHOT TASK-J003-017: elapsed=360s, phase=task-work implementation, files_changed=3, last_tool=Bash
[2026-04-26T09:29:23] SNAPSHOT TASK-J003-017: elapsed=420s, phase=task-work implementation, files_changed=3, last_tool=Bash
[2026-04-26T09:30:23] SNAPSHOT TASK-J003-017: elapsed=480s, phase=task-work implementation, files_changed=3, last_tool=Bash
[2026-04-26T09:31:07] START TASK-J003-017: Player invocation
[2026-04-26T09:32:07] SNAPSHOT TASK-J003-017: elapsed=60s, phase=Player invocation, files_changed=1, last_tool=Write
[2026-04-26T09:32:08] START TASK-J003-017: Coach invocation
[2026-04-26T09:33:08] SNAPSHOT TASK-J003-017: elapsed=60s, phase=Coach invocation, files_changed=0, last_tool=Read
[2026-04-26T09:34:08] SNAPSHOT TASK-J003-017: elapsed=120s, phase=Coach invocation, files_changed=0, last_tool=Bash
[2026-04-26T09:35:08] SNAPSHOT TASK-J003-017: elapsed=180s, phase=Coach invocation, files_changed=0, last_tool=Bash
[2026-04-26T09:36:08] SNAPSHOT TASK-J003-017: elapsed=240s, phase=Coach invocation, files_changed=0, last_tool=Bash
[2026-04-26T09:36:18] COMPLETE TASK-J003-017: elapsed=836s, decision=approved, snapshots=4
