[2026-04-28T13:03:51] START TASK-J004-018: task-work implementation
[2026-04-28T13:04:51] SNAPSHOT TASK-J004-018: elapsed=60s, phase=task-work implementation, files_changed=0, last_tool=Bash
[2026-04-28T13:05:51] SNAPSHOT TASK-J004-018: elapsed=120s, phase=task-work implementation, files_changed=0, last_tool=Bash
[2026-04-28T13:06:51] SNAPSHOT TASK-J004-018: elapsed=180s, phase=task-work implementation, files_changed=0, last_tool=Bash
[2026-04-28T13:07:51] SNAPSHOT TASK-J004-018: elapsed=240s, phase=task-work implementation, files_changed=1, last_tool=Bash
[2026-04-28T13:08:51] SNAPSHOT TASK-J004-018: elapsed=300s, phase=task-work implementation, files_changed=1, last_tool=Bash
[2026-04-28T13:09:10] START TASK-J004-018: specialist:test-orchestrator invocation
[2026-04-28T13:10:10] SNAPSHOT TASK-J004-018: elapsed=60s, phase=specialist:test-orchestrator invocation, files_changed=0, last_tool=Bash
[2026-04-28T13:11:10] SNAPSHOT TASK-J004-018: elapsed=120s, phase=specialist:test-orchestrator invocation, files_changed=0, last_tool=Bash
[2026-04-28T13:12:10] SNAPSHOT TASK-J004-018: elapsed=180s, phase=specialist:test-orchestrator invocation, files_changed=0, last_tool=Bash
[2026-04-28T13:12:17] START TASK-J004-018: specialist:code-reviewer invocation
[2026-04-28T13:13:17] SNAPSHOT TASK-J004-018: elapsed=60s, phase=specialist:code-reviewer invocation, files_changed=0, last_tool=Bash
[2026-04-28T13:14:17] SNAPSHOT TASK-J004-018: elapsed=120s, phase=specialist:code-reviewer invocation, files_changed=0, last_tool=Bash
[2026-04-28T13:15:17] SNAPSHOT TASK-J004-018: elapsed=180s, phase=specialist:code-reviewer invocation, files_changed=0, last_tool=Bash
[2026-04-28T13:16:17] SNAPSHOT TASK-J004-018: elapsed=240s, phase=specialist:code-reviewer invocation, files_changed=0, last_tool=Bash
[2026-04-28T13:17:17] SNAPSHOT TASK-J004-018: elapsed=300s, phase=specialist:code-reviewer invocation, files_changed=0, last_tool=Bash
[2026-04-28T13:18:17] SNAPSHOT TASK-J004-018: elapsed=360s, phase=specialist:code-reviewer invocation, files_changed=0, last_tool=Bash
[2026-04-28T13:19:17] SNAPSHOT TASK-J004-018: elapsed=420s, phase=specialist:code-reviewer invocation, files_changed=0, last_tool=Bash
[2026-04-28T13:20:17] SNAPSHOT TASK-J004-018: elapsed=480s, phase=specialist:code-reviewer invocation, files_changed=0, last_tool=Bash
[2026-04-28T13:21:17] SNAPSHOT TASK-J004-018: elapsed=540s, phase=specialist:code-reviewer invocation, files_changed=0, last_tool=Bash
[2026-04-28T13:22:17] SNAPSHOT TASK-J004-018: elapsed=600s, phase=specialist:code-reviewer invocation, files_changed=0, last_tool=Bash
[2026-04-28T13:23:17] SNAPSHOT TASK-J004-018: elapsed=660s, phase=specialist:code-reviewer invocation, files_changed=0, last_tool=Bash
[2026-04-28T13:24:17] SNAPSHOT TASK-J004-018: elapsed=720s, phase=specialist:code-reviewer invocation, files_changed=0, last_tool=Bash
[2026-04-28T13:25:17] SNAPSHOT TASK-J004-018: elapsed=780s, phase=specialist:code-reviewer invocation, files_changed=0, last_tool=Bash
[2026-04-28T13:26:17] SNAPSHOT TASK-J004-018: elapsed=840s, phase=specialist:code-reviewer invocation, files_changed=0, last_tool=Bash
[2026-04-28T13:27:17] SNAPSHOT TASK-J004-018: elapsed=900s, phase=specialist:code-reviewer invocation, files_changed=0, last_tool=Bash
[2026-04-28T13:27:21] COMPLETE TASK-J004-018: elapsed=1412s, decision=approved, snapshots=15
