[2026-04-28T13:03:51] START TASK-J004-014: task-work implementation
[2026-04-28T13:04:51] SNAPSHOT TASK-J004-014: elapsed=60s, phase=task-work implementation, files_changed=0, last_tool=Read
[2026-04-28T13:05:51] SNAPSHOT TASK-J004-014: elapsed=120s, phase=task-work implementation, files_changed=0, last_tool=Read
[2026-04-28T13:06:51] SNAPSHOT TASK-J004-014: elapsed=180s, phase=task-work implementation, files_changed=0, last_tool=Read
[2026-04-28T13:07:51] SNAPSHOT TASK-J004-014: elapsed=240s, phase=task-work implementation, files_changed=0, last_tool=Read
[2026-04-28T13:08:51] SNAPSHOT TASK-J004-014: elapsed=300s, phase=task-work implementation, files_changed=1, last_tool=Edit
[2026-04-28T13:09:51] SNAPSHOT TASK-J004-014: elapsed=360s, phase=task-work implementation, files_changed=4, last_tool=Read
[2026-04-28T13:10:51] SNAPSHOT TASK-J004-014: elapsed=420s, phase=task-work implementation, files_changed=5, last_tool=Write
[2026-04-28T13:11:51] SNAPSHOT TASK-J004-014: elapsed=480s, phase=task-work implementation, files_changed=7, last_tool=Bash
[2026-04-28T13:12:51] SNAPSHOT TASK-J004-014: elapsed=540s, phase=task-work implementation, files_changed=7, last_tool=Bash
[2026-04-28T13:13:51] SNAPSHOT TASK-J004-014: elapsed=600s, phase=task-work implementation, files_changed=7, last_tool=Bash
[2026-04-28T13:14:51] SNAPSHOT TASK-J004-014: elapsed=660s, phase=task-work implementation, files_changed=7, last_tool=Bash
[2026-04-28T13:15:51] SNAPSHOT TASK-J004-014: elapsed=720s, phase=task-work implementation, files_changed=8, last_tool=Edit
[2026-04-28T13:16:51] SNAPSHOT TASK-J004-014: elapsed=780s, phase=task-work implementation, files_changed=8, last_tool=Edit
[2026-04-28T13:17:51] SNAPSHOT TASK-J004-014: elapsed=840s, phase=task-work implementation, files_changed=8, last_tool=Edit
[2026-04-28T13:18:51] SNAPSHOT TASK-J004-014: elapsed=900s, phase=task-work implementation, files_changed=8, last_tool=Edit
[2026-04-28T13:19:51] SNAPSHOT TASK-J004-014: elapsed=960s, phase=task-work implementation, files_changed=8, last_tool=Edit
[2026-04-28T13:20:51] SNAPSHOT TASK-J004-014: elapsed=1020s, phase=task-work implementation, files_changed=8, last_tool=Edit
[2026-04-28T13:21:51] SNAPSHOT TASK-J004-014: elapsed=1080s, phase=task-work implementation, files_changed=8, last_tool=Edit
[2026-04-28T13:22:51] SNAPSHOT TASK-J004-014: elapsed=1140s, phase=task-work implementation, files_changed=8, last_tool=Edit
[2026-04-28T13:23:51] SNAPSHOT TASK-J004-014: elapsed=1200s, phase=task-work implementation, files_changed=8, last_tool=Edit
[2026-04-28T13:24:51] SNAPSHOT TASK-J004-014: elapsed=1260s, phase=task-work implementation, files_changed=8, last_tool=Edit
[2026-04-28T13:25:51] SNAPSHOT TASK-J004-014: elapsed=1320s, phase=task-work implementation, files_changed=8, last_tool=Bash
[2026-04-28T13:26:51] SNAPSHOT TASK-J004-014: elapsed=1380s, phase=task-work implementation, files_changed=8, last_tool=Bash
[2026-04-28T13:27:48] START TASK-J004-014: specialist:test-orchestrator invocation
[2026-04-28T13:28:48] SNAPSHOT TASK-J004-014: elapsed=60s, phase=specialist:test-orchestrator invocation, files_changed=0, last_tool=Bash
[2026-04-28T13:29:03] START TASK-J004-014: specialist:code-reviewer invocation
[2026-04-28T13:30:03] SNAPSHOT TASK-J004-014: elapsed=60s, phase=specialist:code-reviewer invocation, files_changed=0, last_tool=Read
[2026-04-28T13:31:03] SNAPSHOT TASK-J004-014: elapsed=120s, phase=specialist:code-reviewer invocation, files_changed=0, last_tool=Read
[2026-04-28T13:32:03] SNAPSHOT TASK-J004-014: elapsed=180s, phase=specialist:code-reviewer invocation, files_changed=0, last_tool=Bash
[2026-04-28T13:33:03] SNAPSHOT TASK-J004-014: elapsed=240s, phase=specialist:code-reviewer invocation, files_changed=0, last_tool=Bash
[2026-04-28T13:34:03] SNAPSHOT TASK-J004-014: elapsed=300s, phase=specialist:code-reviewer invocation, files_changed=0, last_tool=Bash
[2026-04-28T13:34:25] COMPLETE TASK-J004-014: elapsed=1835s, decision=approved, snapshots=5
