[2026-04-25T18:21:48] START TASK-J003-009: task-work implementation
[2026-04-25T18:22:48] SNAPSHOT TASK-J003-009: elapsed=60s, phase=task-work implementation, files_changed=0, last_tool=Bash
[2026-04-25T18:23:48] SNAPSHOT TASK-J003-009: elapsed=120s, phase=task-work implementation, files_changed=0, last_tool=Read
[2026-04-25T18:24:48] SNAPSHOT TASK-J003-009: elapsed=180s, phase=task-work implementation, files_changed=2, last_tool=Write
[2026-04-25T18:25:48] SNAPSHOT TASK-J003-009: elapsed=240s, phase=task-work implementation, files_changed=3, last_tool=Bash
[2026-04-25T18:26:48] SNAPSHOT TASK-J003-009: elapsed=300s, phase=task-work implementation, files_changed=4, last_tool=Bash
[2026-04-25T18:27:48] SNAPSHOT TASK-J003-009: elapsed=360s, phase=task-work implementation, files_changed=4, last_tool=Bash
[2026-04-25T18:28:48] SNAPSHOT TASK-J003-009: elapsed=420s, phase=task-work implementation, files_changed=7, last_tool=Bash
[2026-04-25T18:29:38] START TASK-J003-009: Player invocation
[2026-04-25T18:30:38] SNAPSHOT TASK-J003-009: elapsed=60s, phase=Player invocation, files_changed=0, last_tool=Bash
[2026-04-25T18:31:38] SNAPSHOT TASK-J003-009: elapsed=120s, phase=Player invocation, files_changed=0, last_tool=Bash
[2026-04-25T18:32:38] SNAPSHOT TASK-J003-009: elapsed=180s, phase=Player invocation, files_changed=1, last_tool=Write
[2026-04-25T18:32:44] START TASK-J003-009: Coach invocation
[2026-04-25T18:33:44] SNAPSHOT TASK-J003-009: elapsed=60s, phase=Coach invocation, files_changed=0, last_tool=Bash
[2026-04-25T18:34:44] SNAPSHOT TASK-J003-009: elapsed=120s, phase=Coach invocation, files_changed=0, last_tool=Bash
[2026-04-25T18:35:51] COMPLETE TASK-J003-009: elapsed=844s, decision=approved, snapshots=2
[2026-04-26T09:03:37] START TASK-J003-009: task-work implementation
[2026-04-26T09:04:37] SNAPSHOT TASK-J003-009: elapsed=60s, phase=task-work implementation, files_changed=0, last_tool=Read
[2026-04-26T09:05:37] SNAPSHOT TASK-J003-009: elapsed=120s, phase=task-work implementation, files_changed=0, last_tool=Read
[2026-04-26T09:06:37] SNAPSHOT TASK-J003-009: elapsed=180s, phase=task-work implementation, files_changed=3, last_tool=Bash
[2026-04-26T09:07:37] SNAPSHOT TASK-J003-009: elapsed=240s, phase=task-work implementation, files_changed=4, last_tool=Bash
[2026-04-26T09:08:37] SNAPSHOT TASK-J003-009: elapsed=300s, phase=task-work implementation, files_changed=4, last_tool=Bash
[2026-04-26T09:09:10] START TASK-J003-009: Player invocation
[2026-04-26T09:09:53] START TASK-J003-009: Coach invocation
[2026-04-26T09:10:53] SNAPSHOT TASK-J003-009: elapsed=60s, phase=Coach invocation, files_changed=0, last_tool=Bash
[2026-04-26T09:11:53] SNAPSHOT TASK-J003-009: elapsed=120s, phase=Coach invocation, files_changed=0, last_tool=Bash
[2026-04-26T09:12:53] SNAPSHOT TASK-J003-009: elapsed=180s, phase=Coach invocation, files_changed=0, last_tool=Grep
[2026-04-26T09:13:37] COMPLETE TASK-J003-009: elapsed=601s, decision=approved, snapshots=3
