[2026-04-29T22:41:02] START TASK-J005-007: task-work implementation
[2026-04-29T22:42:02] SNAPSHOT TASK-J005-007: elapsed=60s, phase=task-work implementation, files_changed=0, last_tool=Read
[2026-04-29T22:43:02] SNAPSHOT TASK-J005-007: elapsed=120s, phase=task-work implementation, files_changed=2, last_tool=Edit
[2026-04-29T22:44:02] SNAPSHOT TASK-J005-007: elapsed=180s, phase=task-work implementation, files_changed=3, last_tool=Bash
[2026-04-29T22:44:38] START TASK-J005-007: specialist:test-orchestrator invocation
[2026-04-29T22:45:38] SNAPSHOT TASK-J005-007: elapsed=60s, phase=specialist:test-orchestrator invocation, files_changed=0, last_tool=Bash
[2026-04-29T22:46:38] SNAPSHOT TASK-J005-007: elapsed=120s, phase=specialist:test-orchestrator invocation, files_changed=0, last_tool=Bash
[2026-04-29T22:47:38] SNAPSHOT TASK-J005-007: elapsed=180s, phase=specialist:test-orchestrator invocation, files_changed=0, last_tool=Bash
[2026-04-29T22:48:38] SNAPSHOT TASK-J005-007: elapsed=240s, phase=specialist:test-orchestrator invocation, files_changed=0, last_tool=Bash
[2026-04-29T22:49:38] SNAPSHOT TASK-J005-007: elapsed=300s, phase=specialist:test-orchestrator invocation, files_changed=0, last_tool=Bash
[2026-04-29T22:50:27] START TASK-J005-007: specialist:code-reviewer invocation
[2026-04-29T22:51:27] SNAPSHOT TASK-J005-007: elapsed=60s, phase=specialist:code-reviewer invocation, files_changed=0, last_tool=Bash
[2026-04-29T22:52:27] SNAPSHOT TASK-J005-007: elapsed=120s, phase=specialist:code-reviewer invocation, files_changed=0, last_tool=Bash
[2026-04-29T22:53:27] SNAPSHOT TASK-J005-007: elapsed=180s, phase=specialist:code-reviewer invocation, files_changed=0, last_tool=Bash
[2026-04-29T22:54:27] SNAPSHOT TASK-J005-007: elapsed=240s, phase=specialist:code-reviewer invocation, files_changed=0, last_tool=Bash
[2026-04-29T22:55:27] SNAPSHOT TASK-J005-007: elapsed=300s, phase=specialist:code-reviewer invocation, files_changed=0, last_tool=Bash
[2026-04-29T22:56:27] SNAPSHOT TASK-J005-007: elapsed=360s, phase=specialist:code-reviewer invocation, files_changed=0, last_tool=Bash
[2026-04-29T22:57:27] SNAPSHOT TASK-J005-007: elapsed=420s, phase=specialist:code-reviewer invocation, files_changed=0, last_tool=Bash
[2026-04-29T22:58:27] SNAPSHOT TASK-J005-007: elapsed=480s, phase=specialist:code-reviewer invocation, files_changed=0, last_tool=Bash
[2026-04-29T22:59:27] SNAPSHOT TASK-J005-007: elapsed=540s, phase=specialist:code-reviewer invocation, files_changed=0, last_tool=Bash
[2026-04-29T23:00:27] SNAPSHOT TASK-J005-007: elapsed=600s, phase=specialist:code-reviewer invocation, files_changed=0, last_tool=Bash
[2026-04-29T23:01:27] SNAPSHOT TASK-J005-007: elapsed=660s, phase=specialist:code-reviewer invocation, files_changed=0, last_tool=Read
[2026-04-29T23:02:30] COMPLETE TASK-J005-007: elapsed=1288s, decision=approved, snapshots=11
