[2026-04-27T22:00:34] START TASK-J004-010: task-work implementation
[2026-04-27T22:01:34] SNAPSHOT TASK-J004-010: elapsed=60s, phase=task-work implementation, files_changed=0, last_tool=Read
[2026-04-27T22:02:34] SNAPSHOT TASK-J004-010: elapsed=120s, phase=task-work implementation, files_changed=0, last_tool=Bash
[2026-04-27T22:03:34] SNAPSHOT TASK-J004-010: elapsed=180s, phase=task-work implementation, files_changed=0, last_tool=Read
[2026-04-27T22:04:34] SNAPSHOT TASK-J004-010: elapsed=240s, phase=task-work implementation, files_changed=0, last_tool=Bash
[2026-04-27T22:05:34] SNAPSHOT TASK-J004-010: elapsed=300s, phase=task-work implementation, files_changed=0, last_tool=Bash
[2026-04-27T22:06:34] SNAPSHOT TASK-J004-010: elapsed=360s, phase=task-work implementation, files_changed=0, last_tool=Bash
[2026-04-27T22:07:34] SNAPSHOT TASK-J004-010: elapsed=420s, phase=task-work implementation, files_changed=1, last_tool=Write
[2026-04-27T22:08:34] SNAPSHOT TASK-J004-010: elapsed=480s, phase=task-work implementation, files_changed=2, last_tool=Bash
[2026-04-27T22:09:34] SNAPSHOT TASK-J004-010: elapsed=540s, phase=task-work implementation, files_changed=2, last_tool=Bash
[2026-04-27T22:10:34] SNAPSHOT TASK-J004-010: elapsed=600s, phase=task-work implementation, files_changed=4, last_tool=Bash
[2026-04-27T22:11:34] SNAPSHOT TASK-J004-010: elapsed=660s, phase=task-work implementation, files_changed=8, last_tool=Bash
[2026-04-27T22:12:34] SNAPSHOT TASK-J004-010: elapsed=720s, phase=task-work implementation, files_changed=8, last_tool=Bash
[2026-04-27T22:13:34] SNAPSHOT TASK-J004-010: elapsed=780s, phase=task-work implementation, files_changed=8, last_tool=Bash
[2026-04-27T22:14:34] SNAPSHOT TASK-J004-010: elapsed=840s, phase=task-work implementation, files_changed=8, last_tool=Bash
[2026-04-27T22:14:58] START TASK-J004-010: Player invocation
[2026-04-27T22:15:58] SNAPSHOT TASK-J004-010: elapsed=60s, phase=Player invocation, files_changed=0, last_tool=Bash
[2026-04-27T22:16:11] START TASK-J004-010: Coach invocation
[2026-04-27T22:17:11] SNAPSHOT TASK-J004-010: elapsed=60s, phase=Coach invocation, files_changed=0, last_tool=Bash
[2026-04-27T22:18:11] SNAPSHOT TASK-J004-010: elapsed=120s, phase=Coach invocation, files_changed=0, last_tool=Bash
[2026-04-27T22:19:11] SNAPSHOT TASK-J004-010: elapsed=180s, phase=Coach invocation, files_changed=0, last_tool=Bash
[2026-04-27T22:20:11] SNAPSHOT TASK-J004-010: elapsed=240s, phase=Coach invocation, files_changed=0, last_tool=Bash
[2026-04-27T22:20:39] START TASK-J004-010: task-work implementation
[2026-04-27T22:21:40] SNAPSHOT TASK-J004-010: elapsed=60s, phase=task-work implementation, files_changed=0, last_tool=Bash
[2026-04-27T22:22:40] SNAPSHOT TASK-J004-010: elapsed=120s, phase=task-work implementation, files_changed=0, last_tool=Read
[2026-04-27T22:23:40] SNAPSHOT TASK-J004-010: elapsed=180s, phase=task-work implementation, files_changed=1, last_tool=Bash
[2026-04-27T22:24:40] SNAPSHOT TASK-J004-010: elapsed=240s, phase=task-work implementation, files_changed=1, last_tool=Bash
[2026-04-27T22:25:40] SNAPSHOT TASK-J004-010: elapsed=300s, phase=task-work implementation, files_changed=1, last_tool=Read
[2026-04-27T22:26:40] SNAPSHOT TASK-J004-010: elapsed=360s, phase=task-work implementation, files_changed=1, last_tool=Bash
[2026-04-27T22:27:40] SNAPSHOT TASK-J004-010: elapsed=420s, phase=task-work implementation, files_changed=2, last_tool=Write
[2026-04-27T22:27:48] START TASK-J004-010: Player invocation
[2026-04-27T22:28:34] START TASK-J004-010: Coach invocation
[2026-04-27T22:29:34] SNAPSHOT TASK-J004-010: elapsed=60s, phase=Coach invocation, files_changed=0, last_tool=Bash
[2026-04-27T22:30:34] SNAPSHOT TASK-J004-010: elapsed=120s, phase=Coach invocation, files_changed=0, last_tool=Read
[2026-04-27T22:31:31] COMPLETE TASK-J004-010: elapsed=1858s, decision=approved, snapshots=2
[2026-04-28T08:01:51] START TASK-J004-010: task-work implementation
[2026-04-28T08:02:51] SNAPSHOT TASK-J004-010: elapsed=60s, phase=task-work implementation, files_changed=0, last_tool=Grep
[2026-04-28T08:03:51] SNAPSHOT TASK-J004-010: elapsed=120s, phase=task-work implementation, files_changed=0, last_tool=Grep
[2026-04-28T08:04:51] SNAPSHOT TASK-J004-010: elapsed=180s, phase=task-work implementation, files_changed=0, last_tool=Bash
[2026-04-28T08:05:51] SNAPSHOT TASK-J004-010: elapsed=240s, phase=task-work implementation, files_changed=0, last_tool=Bash
[2026-04-28T08:06:51] SNAPSHOT TASK-J004-010: elapsed=300s, phase=task-work implementation, files_changed=2, last_tool=Read
[2026-04-28T08:07:51] SNAPSHOT TASK-J004-010: elapsed=360s, phase=task-work implementation, files_changed=4, last_tool=Bash
[2026-04-28T08:08:51] SNAPSHOT TASK-J004-010: elapsed=420s, phase=task-work implementation, files_changed=4, last_tool=Read
[2026-04-28T08:09:51] SNAPSHOT TASK-J004-010: elapsed=480s, phase=task-work implementation, files_changed=9, last_tool=Edit
[2026-04-28T08:10:51] SNAPSHOT TASK-J004-010: elapsed=540s, phase=task-work implementation, files_changed=9, last_tool=Bash
[2026-04-28T08:11:51] SNAPSHOT TASK-J004-010: elapsed=600s, phase=task-work implementation, files_changed=10, last_tool=Write
[2026-04-28T08:11:57] START TASK-J004-010: specialist:test-orchestrator invocation
[2026-04-28T08:12:57] SNAPSHOT TASK-J004-010: elapsed=60s, phase=specialist:test-orchestrator invocation, files_changed=0, last_tool=Bash
[2026-04-28T08:13:09] START TASK-J004-010: specialist:code-reviewer invocation
[2026-04-28T08:14:09] SNAPSHOT TASK-J004-010: elapsed=60s, phase=specialist:code-reviewer invocation, files_changed=0, last_tool=Bash
[2026-04-28T08:15:09] SNAPSHOT TASK-J004-010: elapsed=120s, phase=specialist:code-reviewer invocation, files_changed=0, last_tool=Bash
[2026-04-28T08:16:09] SNAPSHOT TASK-J004-010: elapsed=180s, phase=specialist:code-reviewer invocation, files_changed=0, last_tool=Grep
[2026-04-28T08:17:09] SNAPSHOT TASK-J004-010: elapsed=240s, phase=specialist:code-reviewer invocation, files_changed=0, last_tool=Bash
[2026-04-28T08:17:31] START TASK-J004-010: task-work implementation
[2026-04-28T08:18:31] SNAPSHOT TASK-J004-010: elapsed=60s, phase=task-work implementation, files_changed=0, last_tool=Bash
[2026-04-28T08:19:31] SNAPSHOT TASK-J004-010: elapsed=120s, phase=task-work implementation, files_changed=0, last_tool=Read
[2026-04-28T08:20:31] SNAPSHOT TASK-J004-010: elapsed=180s, phase=task-work implementation, files_changed=1, last_tool=Bash
[2026-04-28T08:21:31] SNAPSHOT TASK-J004-010: elapsed=240s, phase=task-work implementation, files_changed=1, last_tool=Bash
[2026-04-28T08:22:16] START TASK-J004-010: specialist:test-orchestrator invocation
[2026-04-28T08:23:13] START TASK-J004-010: specialist:code-reviewer invocation
[2026-04-28T08:24:13] SNAPSHOT TASK-J004-010: elapsed=60s, phase=specialist:code-reviewer invocation, files_changed=0, last_tool=Bash
[2026-04-28T08:25:13] SNAPSHOT TASK-J004-010: elapsed=120s, phase=specialist:code-reviewer invocation, files_changed=0, last_tool=Read
[2026-04-28T08:26:13] SNAPSHOT TASK-J004-010: elapsed=180s, phase=specialist:code-reviewer invocation, files_changed=0, last_tool=Bash
[2026-04-28T08:27:13] SNAPSHOT TASK-J004-010: elapsed=240s, phase=specialist:code-reviewer invocation, files_changed=0, last_tool=Bash
[2026-04-28T08:27:48] COMPLETE TASK-J004-010: elapsed=1559s, decision=approved, snapshots=4
[2026-04-28T11:00:03] START TASK-J004-010: task-work implementation
[2026-04-28T11:01:03] SNAPSHOT TASK-J004-010: elapsed=60s, phase=task-work implementation, files_changed=0, last_tool=Read
[2026-04-28T11:02:03] SNAPSHOT TASK-J004-010: elapsed=120s, phase=task-work implementation, files_changed=0, last_tool=Read
[2026-04-28T11:03:03] SNAPSHOT TASK-J004-010: elapsed=180s, phase=task-work implementation, files_changed=0, last_tool=Read
[2026-04-28T11:04:03] SNAPSHOT TASK-J004-010: elapsed=240s, phase=task-work implementation, files_changed=0, last_tool=Bash
[2026-04-28T11:05:03] SNAPSHOT TASK-J004-010: elapsed=300s, phase=task-work implementation, files_changed=1, last_tool=Edit
[2026-04-28T11:06:03] SNAPSHOT TASK-J004-010: elapsed=360s, phase=task-work implementation, files_changed=3, last_tool=Edit
[2026-04-28T11:07:03] SNAPSHOT TASK-J004-010: elapsed=420s, phase=task-work implementation, files_changed=4, last_tool=Edit
[2026-04-28T11:08:03] SNAPSHOT TASK-J004-010: elapsed=480s, phase=task-work implementation, files_changed=5, last_tool=Bash
[2026-04-28T11:09:03] SNAPSHOT TASK-J004-010: elapsed=540s, phase=task-work implementation, files_changed=5, last_tool=Bash
[2026-04-28T11:10:03] SNAPSHOT TASK-J004-010: elapsed=600s, phase=task-work implementation, files_changed=5, last_tool=Bash
[2026-04-28T11:11:03] SNAPSHOT TASK-J004-010: elapsed=660s, phase=task-work implementation, files_changed=12, last_tool=Bash
[2026-04-28T11:12:03] SNAPSHOT TASK-J004-010: elapsed=720s, phase=task-work implementation, files_changed=12, last_tool=Bash
[2026-04-28T11:13:03] SNAPSHOT TASK-J004-010: elapsed=780s, phase=task-work implementation, files_changed=13, last_tool=Write
[2026-04-28T11:13:12] START TASK-J004-010: specialist:test-orchestrator invocation
[2026-04-28T11:14:12] SNAPSHOT TASK-J004-010: elapsed=60s, phase=specialist:test-orchestrator invocation, files_changed=0, last_tool=Bash
[2026-04-28T11:14:26] START TASK-J004-010: specialist:code-reviewer invocation
[2026-04-28T11:15:26] SNAPSHOT TASK-J004-010: elapsed=60s, phase=specialist:code-reviewer invocation, files_changed=0, last_tool=Bash
[2026-04-28T11:16:26] SNAPSHOT TASK-J004-010: elapsed=120s, phase=specialist:code-reviewer invocation, files_changed=0, last_tool=Bash
[2026-04-28T11:17:26] SNAPSHOT TASK-J004-010: elapsed=180s, phase=specialist:code-reviewer invocation, files_changed=0, last_tool=Grep
[2026-04-28T11:18:26] SNAPSHOT TASK-J004-010: elapsed=240s, phase=specialist:code-reviewer invocation, files_changed=0, last_tool=Grep
[2026-04-28T11:19:41] START TASK-J004-010: task-work implementation
[2026-04-28T11:20:41] SNAPSHOT TASK-J004-010: elapsed=60s, phase=task-work implementation, files_changed=0, last_tool=Bash
[2026-04-28T11:21:41] SNAPSHOT TASK-J004-010: elapsed=120s, phase=task-work implementation, files_changed=0, last_tool=Read
[2026-04-28T11:22:41] SNAPSHOT TASK-J004-010: elapsed=180s, phase=task-work implementation, files_changed=2, last_tool=Edit
[2026-04-28T11:23:41] SNAPSHOT TASK-J004-010: elapsed=240s, phase=task-work implementation, files_changed=2, last_tool=Bash
[2026-04-28T11:24:38] START TASK-J004-010: specialist:test-orchestrator invocation
[2026-04-28T11:25:36] START TASK-J004-010: specialist:code-reviewer invocation
[2026-04-28T11:26:36] SNAPSHOT TASK-J004-010: elapsed=60s, phase=specialist:code-reviewer invocation, files_changed=0, last_tool=Bash
[2026-04-28T11:27:36] SNAPSHOT TASK-J004-010: elapsed=120s, phase=specialist:code-reviewer invocation, files_changed=0, last_tool=Bash
[2026-04-28T11:28:36] SNAPSHOT TASK-J004-010: elapsed=180s, phase=specialist:code-reviewer invocation, files_changed=0, last_tool=Bash
[2026-04-28T11:29:36] SNAPSHOT TASK-J004-010: elapsed=240s, phase=specialist:code-reviewer invocation, files_changed=0, last_tool=Read
[2026-04-28T11:30:02] COMPLETE TASK-J004-010: elapsed=1801s, decision=approved, snapshots=4
