[2026-04-25T18:54:35] START TASK-J003-018: task-work implementation
[2026-04-25T18:55:35] SNAPSHOT TASK-J003-018: elapsed=60s, phase=task-work implementation, files_changed=0, last_tool=Read
[2026-04-25T18:56:35] SNAPSHOT TASK-J003-018: elapsed=120s, phase=task-work implementation, files_changed=0, last_tool=Bash
[2026-04-25T18:57:35] SNAPSHOT TASK-J003-018: elapsed=180s, phase=task-work implementation, files_changed=0, last_tool=Bash
[2026-04-25T18:58:35] SNAPSHOT TASK-J003-018: elapsed=240s, phase=task-work implementation, files_changed=0, last_tool=Bash
[2026-04-25T18:59:35] SNAPSHOT TASK-J003-018: elapsed=300s, phase=task-work implementation, files_changed=1, last_tool=Bash
[2026-04-25T19:00:35] SNAPSHOT TASK-J003-018: elapsed=360s, phase=task-work implementation, files_changed=1, last_tool=Bash
[2026-04-25T19:01:35] SNAPSHOT TASK-J003-018: elapsed=420s, phase=task-work implementation, files_changed=1, last_tool=Bash
[2026-04-25T19:02:07] START TASK-J003-018: Player invocation
[2026-04-25T19:03:07] SNAPSHOT TASK-J003-018: elapsed=60s, phase=Player invocation, files_changed=0, last_tool=Bash
[2026-04-25T19:03:23] START TASK-J003-018: Coach invocation
[2026-04-25T19:04:23] SNAPSHOT TASK-J003-018: elapsed=60s, phase=Coach invocation, files_changed=0, last_tool=Bash
[2026-04-25T19:05:23] SNAPSHOT TASK-J003-018: elapsed=120s, phase=Coach invocation, files_changed=0, last_tool=Read
[2026-04-25T19:06:23] SNAPSHOT TASK-J003-018: elapsed=180s, phase=Coach invocation, files_changed=0, last_tool=Bash
[2026-04-25T19:07:07] COMPLETE TASK-J003-018: elapsed=752s, decision=approved, snapshots=3
[2026-04-26T09:41:35] START TASK-J003-018: task-work implementation
[2026-04-26T09:42:35] SNAPSHOT TASK-J003-018: elapsed=60s, phase=task-work implementation, files_changed=0, last_tool=Bash
[2026-04-26T09:43:35] SNAPSHOT TASK-J003-018: elapsed=120s, phase=task-work implementation, files_changed=0, last_tool=Bash
[2026-04-26T09:44:35] SNAPSHOT TASK-J003-018: elapsed=180s, phase=task-work implementation, files_changed=0, last_tool=Bash
[2026-04-26T09:45:35] SNAPSHOT TASK-J003-018: elapsed=240s, phase=task-work implementation, files_changed=1, last_tool=Bash
[2026-04-26T09:46:35] SNAPSHOT TASK-J003-018: elapsed=300s, phase=task-work implementation, files_changed=2, last_tool=Bash
[2026-04-26T09:47:35] SNAPSHOT TASK-J003-018: elapsed=360s, phase=task-work implementation, files_changed=2, last_tool=Bash
[2026-04-26T09:48:35] SNAPSHOT TASK-J003-018: elapsed=420s, phase=task-work implementation, files_changed=2, last_tool=Bash
[2026-04-26T09:49:35] SNAPSHOT TASK-J003-018: elapsed=480s, phase=task-work implementation, files_changed=3, last_tool=Write
[2026-04-26T09:49:39] START TASK-J003-018: Player invocation
[2026-04-26T09:50:31] START TASK-J003-018: Coach invocation
[2026-04-26T09:51:31] SNAPSHOT TASK-J003-018: elapsed=60s, phase=Coach invocation, files_changed=0, last_tool=Bash
[2026-04-26T09:52:31] SNAPSHOT TASK-J003-018: elapsed=120s, phase=Coach invocation, files_changed=0, last_tool=Bash
[2026-04-26T09:53:31] SNAPSHOT TASK-J003-018: elapsed=180s, phase=Coach invocation, files_changed=0, last_tool=Bash
[2026-04-26T09:54:27] COMPLETE TASK-J003-018: elapsed=773s, decision=approved, snapshots=3
