[2026-04-29T22:41:02] START TASK-J005-003: task-work implementation
[2026-04-29T22:42:02] SNAPSHOT TASK-J005-003: elapsed=60s, phase=task-work implementation, files_changed=0, last_tool=Grep
[2026-04-29T22:43:02] SNAPSHOT TASK-J005-003: elapsed=120s, phase=task-work implementation, files_changed=0, last_tool=Bash
[2026-04-29T22:44:02] SNAPSHOT TASK-J005-003: elapsed=180s, phase=task-work implementation, files_changed=2, last_tool=Edit
[2026-04-29T22:45:02] SNAPSHOT TASK-J005-003: elapsed=240s, phase=task-work implementation, files_changed=3, last_tool=Edit
[2026-04-29T22:46:02] SNAPSHOT TASK-J005-003: elapsed=300s, phase=task-work implementation, files_changed=3, last_tool=Edit
[2026-04-29T22:47:02] SNAPSHOT TASK-J005-003: elapsed=360s, phase=task-work implementation, files_changed=4, last_tool=Read
[2026-04-29T22:48:02] SNAPSHOT TASK-J005-003: elapsed=420s, phase=task-work implementation, files_changed=5, last_tool=Bash
[2026-04-29T22:49:02] SNAPSHOT TASK-J005-003: elapsed=480s, phase=task-work implementation, files_changed=5, last_tool=Bash
[2026-04-29T22:50:02] SNAPSHOT TASK-J005-003: elapsed=540s, phase=task-work implementation, files_changed=6, last_tool=Write
[2026-04-29T22:50:15] START TASK-J005-003: specialist:test-orchestrator invocation
[2026-04-29T22:51:15] SNAPSHOT TASK-J005-003: elapsed=60s, phase=specialist:test-orchestrator invocation, files_changed=0, last_tool=Bash
[2026-04-29T22:52:15] SNAPSHOT TASK-J005-003: elapsed=120s, phase=specialist:test-orchestrator invocation, files_changed=0, last_tool=Bash
[2026-04-29T22:53:15] SNAPSHOT TASK-J005-003: elapsed=180s, phase=specialist:test-orchestrator invocation, files_changed=0, last_tool=Bash
[2026-04-29T22:54:15] SNAPSHOT TASK-J005-003: elapsed=240s, phase=specialist:test-orchestrator invocation, files_changed=0, last_tool=Bash
[2026-04-29T22:55:15] SNAPSHOT TASK-J005-003: elapsed=300s, phase=specialist:test-orchestrator invocation, files_changed=0, last_tool=Bash
[2026-04-29T22:56:15] SNAPSHOT TASK-J005-003: elapsed=360s, phase=specialist:test-orchestrator invocation, files_changed=0, last_tool=Bash
[2026-04-29T22:56:30] START TASK-J005-003: specialist:code-reviewer invocation
[2026-04-29T22:57:30] SNAPSHOT TASK-J005-003: elapsed=60s, phase=specialist:code-reviewer invocation, files_changed=0, last_tool=Read
[2026-04-29T22:58:30] SNAPSHOT TASK-J005-003: elapsed=120s, phase=specialist:code-reviewer invocation, files_changed=0, last_tool=Bash
[2026-04-29T22:59:30] SNAPSHOT TASK-J005-003: elapsed=180s, phase=specialist:code-reviewer invocation, files_changed=0, last_tool=Bash
[2026-04-29T23:00:30] SNAPSHOT TASK-J005-003: elapsed=240s, phase=specialist:code-reviewer invocation, files_changed=0, last_tool=Bash
[2026-04-29T23:01:30] SNAPSHOT TASK-J005-003: elapsed=300s, phase=specialist:code-reviewer invocation, files_changed=0, last_tool=Bash
[2026-04-29T23:02:30] SNAPSHOT TASK-J005-003: elapsed=360s, phase=specialist:code-reviewer invocation, files_changed=0, last_tool=Grep
[2026-04-29T23:03:30] SNAPSHOT TASK-J005-003: elapsed=420s, phase=specialist:code-reviewer invocation, files_changed=0, last_tool=Bash
[2026-04-29T23:03:51] COMPLETE TASK-J005-003: elapsed=1370s, decision=approved, snapshots=7
