[2026-04-27T22:00:34] START TASK-J004-007: task-work implementation
[2026-04-27T22:01:34] SNAPSHOT TASK-J004-007: elapsed=60s, phase=task-work implementation, files_changed=0, last_tool=Bash
[2026-04-27T22:02:34] SNAPSHOT TASK-J004-007: elapsed=120s, phase=task-work implementation, files_changed=0, last_tool=Bash
[2026-04-27T22:03:34] SNAPSHOT TASK-J004-007: elapsed=180s, phase=task-work implementation, files_changed=0, last_tool=Bash
[2026-04-27T22:04:34] SNAPSHOT TASK-J004-007: elapsed=240s, phase=task-work implementation, files_changed=0, last_tool=Bash
[2026-04-27T22:05:34] SNAPSHOT TASK-J004-007: elapsed=300s, phase=task-work implementation, files_changed=0, last_tool=Read
[2026-04-27T22:06:34] SNAPSHOT TASK-J004-007: elapsed=360s, phase=task-work implementation, files_changed=0, last_tool=Read
[2026-04-27T22:07:34] SNAPSHOT TASK-J004-007: elapsed=420s, phase=task-work implementation, files_changed=0, last_tool=Read
[2026-04-27T22:08:34] SNAPSHOT TASK-J004-007: elapsed=480s, phase=task-work implementation, files_changed=1, last_tool=Write
[2026-04-27T22:09:34] SNAPSHOT TASK-J004-007: elapsed=540s, phase=task-work implementation, files_changed=2, last_tool=Bash
[2026-04-27T22:10:34] SNAPSHOT TASK-J004-007: elapsed=600s, phase=task-work implementation, files_changed=2, last_tool=Bash
[2026-04-27T22:11:34] SNAPSHOT TASK-J004-007: elapsed=660s, phase=task-work implementation, files_changed=2, last_tool=Bash
[2026-04-27T22:12:24] START TASK-J004-007: Player invocation
[2026-04-27T22:13:02] START TASK-J004-007: Coach invocation
[2026-04-27T22:14:02] SNAPSHOT TASK-J004-007: elapsed=60s, phase=Coach invocation, files_changed=0, last_tool=Bash
[2026-04-27T22:15:02] SNAPSHOT TASK-J004-007: elapsed=120s, phase=Coach invocation, files_changed=0, last_tool=Bash
[2026-04-27T22:16:02] SNAPSHOT TASK-J004-007: elapsed=180s, phase=Coach invocation, files_changed=0, last_tool=Read
[2026-04-27T22:17:02] SNAPSHOT TASK-J004-007: elapsed=240s, phase=Coach invocation, files_changed=0, last_tool=Grep
[2026-04-27T22:18:02] SNAPSHOT TASK-J004-007: elapsed=300s, phase=Coach invocation, files_changed=0, last_tool=Grep
[2026-04-27T22:19:02] SNAPSHOT TASK-J004-007: elapsed=360s, phase=Coach invocation, files_changed=0, last_tool=Grep
[2026-04-27T22:20:02] SNAPSHOT TASK-J004-007: elapsed=420s, phase=Coach invocation, files_changed=0, last_tool=Grep
[2026-04-27T22:21:13] START TASK-J004-007: task-work implementation
[2026-04-27T22:22:13] SNAPSHOT TASK-J004-007: elapsed=60s, phase=task-work implementation, files_changed=0, last_tool=Read
[2026-04-27T22:23:13] SNAPSHOT TASK-J004-007: elapsed=120s, phase=task-work implementation, files_changed=1, last_tool=Bash
[2026-04-27T22:24:13] SNAPSHOT TASK-J004-007: elapsed=180s, phase=task-work implementation, files_changed=1, last_tool=Bash
[2026-04-27T22:25:13] SNAPSHOT TASK-J004-007: elapsed=240s, phase=task-work implementation, files_changed=2, last_tool=Bash
[2026-04-27T22:26:13] SNAPSHOT TASK-J004-007: elapsed=300s, phase=task-work implementation, files_changed=2, last_tool=Bash
[2026-04-27T22:26:53] START TASK-J004-007: Player invocation
[2026-04-27T22:27:53] SNAPSHOT TASK-J004-007: elapsed=60s, phase=Player invocation, files_changed=0, last_tool=Bash
[2026-04-27T22:28:07] START TASK-J004-007: Coach invocation
[2026-04-27T22:29:07] SNAPSHOT TASK-J004-007: elapsed=60s, phase=Coach invocation, files_changed=0, last_tool=Bash
[2026-04-27T22:30:07] SNAPSHOT TASK-J004-007: elapsed=120s, phase=Coach invocation, files_changed=0, last_tool=Grep
[2026-04-27T22:31:07] SNAPSHOT TASK-J004-007: elapsed=180s, phase=Coach invocation, files_changed=0, last_tool=Read
[2026-04-27T22:31:34] COMPLETE TASK-J004-007: elapsed=1861s, decision=approved, snapshots=3
[2026-04-28T08:01:51] START TASK-J004-007: task-work implementation
[2026-04-28T08:02:51] SNAPSHOT TASK-J004-007: elapsed=60s, phase=task-work implementation, files_changed=0, last_tool=Bash
[2026-04-28T08:03:51] SNAPSHOT TASK-J004-007: elapsed=120s, phase=task-work implementation, files_changed=0, last_tool=Bash
[2026-04-28T08:04:51] SNAPSHOT TASK-J004-007: elapsed=180s, phase=task-work implementation, files_changed=0, last_tool=Read
[2026-04-28T08:05:51] SNAPSHOT TASK-J004-007: elapsed=240s, phase=task-work implementation, files_changed=0, last_tool=Read
[2026-04-28T08:06:51] SNAPSHOT TASK-J004-007: elapsed=300s, phase=task-work implementation, files_changed=1, last_tool=Write
[2026-04-28T08:07:51] SNAPSHOT TASK-J004-007: elapsed=360s, phase=task-work implementation, files_changed=1, last_tool=Write
[2026-04-28T08:08:51] SNAPSHOT TASK-J004-007: elapsed=420s, phase=task-work implementation, files_changed=5, last_tool=Edit
[2026-04-28T08:09:51] SNAPSHOT TASK-J004-007: elapsed=480s, phase=task-work implementation, files_changed=8, last_tool=Bash
[2026-04-28T08:10:51] SNAPSHOT TASK-J004-007: elapsed=540s, phase=task-work implementation, files_changed=8, last_tool=Bash
[2026-04-28T08:11:43] START TASK-J004-007: specialist:test-orchestrator invocation
[2026-04-28T08:12:43] SNAPSHOT TASK-J004-007: elapsed=60s, phase=specialist:test-orchestrator invocation, files_changed=0, last_tool=Bash
[2026-04-28T08:13:00] START TASK-J004-007: specialist:code-reviewer invocation
[2026-04-28T08:14:00] SNAPSHOT TASK-J004-007: elapsed=60s, phase=specialist:code-reviewer invocation, files_changed=0, last_tool=Read
[2026-04-28T08:15:00] SNAPSHOT TASK-J004-007: elapsed=120s, phase=specialist:code-reviewer invocation, files_changed=0, last_tool=Bash
[2026-04-28T08:16:00] SNAPSHOT TASK-J004-007: elapsed=180s, phase=specialist:code-reviewer invocation, files_changed=0, last_tool=Read
[2026-04-28T08:17:00] SNAPSHOT TASK-J004-007: elapsed=240s, phase=specialist:code-reviewer invocation, files_changed=0, last_tool=Read
[2026-04-28T08:17:31] START TASK-J004-007: task-work implementation
[2026-04-28T08:18:31] SNAPSHOT TASK-J004-007: elapsed=60s, phase=task-work implementation, files_changed=0, last_tool=Read
[2026-04-28T08:19:31] SNAPSHOT TASK-J004-007: elapsed=120s, phase=task-work implementation, files_changed=1, last_tool=Bash
[2026-04-28T08:20:31] SNAPSHOT TASK-J004-007: elapsed=180s, phase=task-work implementation, files_changed=1, last_tool=Bash
[2026-04-28T08:21:15] START TASK-J004-007: specialist:test-orchestrator invocation
[2026-04-28T08:22:15] START TASK-J004-007: specialist:code-reviewer invocation
[2026-04-28T08:23:15] SNAPSHOT TASK-J004-007: elapsed=60s, phase=specialist:code-reviewer invocation, files_changed=0, last_tool=Bash
[2026-04-28T08:24:15] SNAPSHOT TASK-J004-007: elapsed=120s, phase=specialist:code-reviewer invocation, files_changed=0, last_tool=Grep
[2026-04-28T08:25:15] SNAPSHOT TASK-J004-007: elapsed=180s, phase=specialist:code-reviewer invocation, files_changed=0, last_tool=Read
[2026-04-28T08:25:48] COMPLETE TASK-J004-007: elapsed=1438s, decision=approved, snapshots=3
[2026-04-28T11:00:03] START TASK-J004-007: task-work implementation
[2026-04-28T11:01:03] SNAPSHOT TASK-J004-007: elapsed=60s, phase=task-work implementation, files_changed=0, last_tool=Bash
[2026-04-28T11:02:03] SNAPSHOT TASK-J004-007: elapsed=120s, phase=task-work implementation, files_changed=0, last_tool=Bash
[2026-04-28T11:03:03] SNAPSHOT TASK-J004-007: elapsed=180s, phase=task-work implementation, files_changed=0, last_tool=Bash
[2026-04-28T11:04:03] SNAPSHOT TASK-J004-007: elapsed=240s, phase=task-work implementation, files_changed=0, last_tool=Bash
[2026-04-28T11:05:03] SNAPSHOT TASK-J004-007: elapsed=300s, phase=task-work implementation, files_changed=1, last_tool=Write
[2026-04-28T11:06:03] SNAPSHOT TASK-J004-007: elapsed=360s, phase=task-work implementation, files_changed=1, last_tool=Write
[2026-04-28T11:07:03] SNAPSHOT TASK-J004-007: elapsed=420s, phase=task-work implementation, files_changed=2, last_tool=Bash
[2026-04-28T11:08:03] SNAPSHOT TASK-J004-007: elapsed=480s, phase=task-work implementation, files_changed=5, last_tool=Bash
[2026-04-28T11:09:03] SNAPSHOT TASK-J004-007: elapsed=540s, phase=task-work implementation, files_changed=6, last_tool=Bash
[2026-04-28T11:10:03] SNAPSHOT TASK-J004-007: elapsed=600s, phase=task-work implementation, files_changed=7, last_tool=Write
[2026-04-28T11:10:14] START TASK-J004-007: specialist:test-orchestrator invocation
[2026-04-28T11:11:14] SNAPSHOT TASK-J004-007: elapsed=60s, phase=specialist:test-orchestrator invocation, files_changed=1, last_tool=Write
[2026-04-28T11:11:14] START TASK-J004-007: specialist:code-reviewer invocation
[2026-04-28T11:12:14] SNAPSHOT TASK-J004-007: elapsed=60s, phase=specialist:code-reviewer invocation, files_changed=0, last_tool=Read
[2026-04-28T11:13:14] SNAPSHOT TASK-J004-007: elapsed=120s, phase=specialist:code-reviewer invocation, files_changed=0, last_tool=Read
[2026-04-28T11:14:14] SNAPSHOT TASK-J004-007: elapsed=180s, phase=specialist:code-reviewer invocation, files_changed=0, last_tool=Bash
[2026-04-28T11:14:43] START TASK-J004-007: task-work implementation
[2026-04-28T11:15:43] SNAPSHOT TASK-J004-007: elapsed=60s, phase=task-work implementation, files_changed=0, last_tool=Read
[2026-04-28T11:16:43] SNAPSHOT TASK-J004-007: elapsed=120s, phase=task-work implementation, files_changed=0, last_tool=Bash
[2026-04-28T11:17:44] START TASK-J004-007: specialist:test-orchestrator invocation
[2026-04-28T11:18:28] START TASK-J004-007: specialist:code-reviewer invocation
[2026-04-28T11:19:28] SNAPSHOT TASK-J004-007: elapsed=60s, phase=specialist:code-reviewer invocation, files_changed=0, last_tool=Bash
[2026-04-28T11:20:28] SNAPSHOT TASK-J004-007: elapsed=120s, phase=specialist:code-reviewer invocation, files_changed=0, last_tool=Bash
[2026-04-28T11:21:28] SNAPSHOT TASK-J004-007: elapsed=180s, phase=specialist:code-reviewer invocation, files_changed=0, last_tool=Bash
[2026-04-28T11:21:50] START TASK-J004-007: task-work implementation
[2026-04-28T11:22:50] SNAPSHOT TASK-J004-007: elapsed=60s, phase=task-work implementation, files_changed=0, last_tool=Read
[2026-04-28T11:23:50] SNAPSHOT TASK-J004-007: elapsed=120s, phase=task-work implementation, files_changed=0, last_tool=Bash
[2026-04-28T11:24:50] SNAPSHOT TASK-J004-007: elapsed=180s, phase=task-work implementation, files_changed=0, last_tool=Read
[2026-04-28T11:25:50] SNAPSHOT TASK-J004-007: elapsed=240s, phase=task-work implementation, files_changed=0, last_tool=Bash
[2026-04-28T11:26:50] SNAPSHOT TASK-J004-007: elapsed=300s, phase=task-work implementation, files_changed=0, last_tool=Bash
[2026-04-28T11:27:50] SNAPSHOT TASK-J004-007: elapsed=360s, phase=task-work implementation, files_changed=0, last_tool=Read
[2026-04-28T11:28:50] SNAPSHOT TASK-J004-007: elapsed=420s, phase=task-work implementation, files_changed=1, last_tool=Read
[2026-04-28T11:29:50] SNAPSHOT TASK-J004-007: elapsed=480s, phase=task-work implementation, files_changed=2, last_tool=Bash
[2026-04-28T11:30:50] SNAPSHOT TASK-J004-007: elapsed=540s, phase=task-work implementation, files_changed=2, last_tool=Bash
[2026-04-28T11:31:31] START TASK-J004-007: specialist:test-orchestrator invocation
[2026-04-28T11:32:17] START TASK-J004-007: specialist:code-reviewer invocation
[2026-04-28T11:33:17] SNAPSHOT TASK-J004-007: elapsed=60s, phase=specialist:code-reviewer invocation, files_changed=0, last_tool=Bash
[2026-04-28T11:34:17] SNAPSHOT TASK-J004-007: elapsed=120s, phase=specialist:code-reviewer invocation, files_changed=0, last_tool=Bash
[2026-04-28T11:35:17] SNAPSHOT TASK-J004-007: elapsed=180s, phase=specialist:code-reviewer invocation, files_changed=0, last_tool=Grep
[2026-04-28T11:35:36] COMPLETE TASK-J004-007: elapsed=2135s, decision=approved, snapshots=3
