[2026-04-27T16:43:02] START TASK-J004-003: Player invocation
[2026-04-27T16:44:02] SNAPSHOT TASK-J004-003: elapsed=60s, phase=Player invocation, files_changed=1, last_tool=Edit
[2026-04-27T16:45:02] SNAPSHOT TASK-J004-003: elapsed=120s, phase=Player invocation, files_changed=2, last_tool=Edit
[2026-04-27T16:46:02] SNAPSHOT TASK-J004-003: elapsed=180s, phase=Player invocation, files_changed=3, last_tool=Bash
[2026-04-27T16:47:11] COMPLETE TASK-J004-003: elapsed=251s, decision=approved, snapshots=3
[2026-04-27T21:50:52] START TASK-J004-003: Player invocation
[2026-04-27T21:51:52] SNAPSHOT TASK-J004-003: elapsed=60s, phase=Player invocation, files_changed=1, last_tool=Edit
[2026-04-27T21:52:52] SNAPSHOT TASK-J004-003: elapsed=120s, phase=Player invocation, files_changed=2, last_tool=Edit
[2026-04-27T21:53:53] SNAPSHOT TASK-J004-003: elapsed=180s, phase=Player invocation, files_changed=3, last_tool=Bash
[2026-04-27T21:54:35] COMPLETE TASK-J004-003: elapsed=225s, decision=approved, snapshots=3
[2026-04-28T07:50:34] START TASK-J004-003: Player invocation
[2026-04-28T07:51:34] SNAPSHOT TASK-J004-003: elapsed=60s, phase=Player invocation, files_changed=0, last_tool=Read
[2026-04-28T07:52:34] SNAPSHOT TASK-J004-003: elapsed=120s, phase=Player invocation, files_changed=2, last_tool=Edit
[2026-04-28T07:53:34] SNAPSHOT TASK-J004-003: elapsed=180s, phase=Player invocation, files_changed=3, last_tool=Bash
[2026-04-28T07:54:34] SNAPSHOT TASK-J004-003: elapsed=240s, phase=Player invocation, files_changed=4, last_tool=Write
[2026-04-28T07:54:47] COMPLETE TASK-J004-003: elapsed=256s, decision=approved, snapshots=4
[2026-04-28T10:48:49] START TASK-J004-003: Player invocation
[2026-04-28T10:49:49] SNAPSHOT TASK-J004-003: elapsed=60s, phase=Player invocation, files_changed=0, last_tool=Read
[2026-04-28T10:50:49] SNAPSHOT TASK-J004-003: elapsed=120s, phase=Player invocation, files_changed=1, last_tool=Edit
[2026-04-28T10:51:49] SNAPSHOT TASK-J004-003: elapsed=180s, phase=Player invocation, files_changed=3, last_tool=Write
[2026-04-28T10:52:49] SNAPSHOT TASK-J004-003: elapsed=240s, phase=Player invocation, files_changed=5, last_tool=Bash
[2026-04-28T10:53:49] SNAPSHOT TASK-J004-003: elapsed=300s, phase=Player invocation, files_changed=5, last_tool=Bash
[2026-04-28T10:54:49] SNAPSHOT TASK-J004-003: elapsed=360s, phase=Player invocation, files_changed=6, last_tool=Write
[2026-04-28T10:55:07] COMPLETE TASK-J004-003: elapsed=381s, decision=approved, snapshots=6
