[2026-04-29T23:03:53] START TASK-J005-005: task-work implementation
[2026-04-29T23:04:53] SNAPSHOT TASK-J005-005: elapsed=60s, phase=task-work implementation, files_changed=0, last_tool=Grep
[2026-04-29T23:05:53] SNAPSHOT TASK-J005-005: elapsed=120s, phase=task-work implementation, files_changed=0, last_tool=Bash
[2026-04-29T23:06:53] SNAPSHOT TASK-J005-005: elapsed=180s, phase=task-work implementation, files_changed=0, last_tool=Read
[2026-04-29T23:07:53] SNAPSHOT TASK-J005-005: elapsed=240s, phase=task-work implementation, files_changed=0, last_tool=Read
[2026-04-29T23:08:53] SNAPSHOT TASK-J005-005: elapsed=300s, phase=task-work implementation, files_changed=2, last_tool=Edit
[2026-04-29T23:09:53] SNAPSHOT TASK-J005-005: elapsed=360s, phase=task-work implementation, files_changed=5, last_tool=Read
[2026-04-29T23:10:53] SNAPSHOT TASK-J005-005: elapsed=420s, phase=task-work implementation, files_changed=5, last_tool=Read
[2026-04-29T23:11:53] SNAPSHOT TASK-J005-005: elapsed=480s, phase=task-work implementation, files_changed=6, last_tool=Read
[2026-04-29T23:12:53] SNAPSHOT TASK-J005-005: elapsed=540s, phase=task-work implementation, files_changed=8, last_tool=Read
[2026-04-29T23:13:53] SNAPSHOT TASK-J005-005: elapsed=600s, phase=task-work implementation, files_changed=9, last_tool=Read
[2026-04-29T23:14:53] SNAPSHOT TASK-J005-005: elapsed=660s, phase=task-work implementation, files_changed=11, last_tool=Edit
[2026-04-29T23:15:53] SNAPSHOT TASK-J005-005: elapsed=720s, phase=task-work implementation, files_changed=12, last_tool=Edit
[2026-04-29T23:16:53] SNAPSHOT TASK-J005-005: elapsed=780s, phase=task-work implementation, files_changed=12, last_tool=Edit
[2026-04-29T23:17:53] SNAPSHOT TASK-J005-005: elapsed=840s, phase=task-work implementation, files_changed=13, last_tool=Bash
[2026-04-29T23:18:53] SNAPSHOT TASK-J005-005: elapsed=900s, phase=task-work implementation, files_changed=13, last_tool=Bash
[2026-04-29T23:19:53] SNAPSHOT TASK-J005-005: elapsed=960s, phase=task-work implementation, files_changed=13, last_tool=Bash
[2026-04-29T23:20:53] SNAPSHOT TASK-J005-005: elapsed=1020s, phase=task-work implementation, files_changed=13, last_tool=Bash
[2026-04-29T23:21:53] SNAPSHOT TASK-J005-005: elapsed=1080s, phase=task-work implementation, files_changed=13, last_tool=Bash
[2026-04-29T23:22:53] SNAPSHOT TASK-J005-005: elapsed=1140s, phase=task-work implementation, files_changed=13, last_tool=Bash
[2026-04-29T23:23:53] SNAPSHOT TASK-J005-005: elapsed=1200s, phase=task-work implementation, files_changed=13, last_tool=Bash
[2026-04-29T23:24:21] START TASK-J005-005: specialist:test-orchestrator invocation
[2026-04-29T23:25:21] SNAPSHOT TASK-J005-005: elapsed=60s, phase=specialist:test-orchestrator invocation, files_changed=0, last_tool=Bash
[2026-04-29T23:26:21] SNAPSHOT TASK-J005-005: elapsed=120s, phase=specialist:test-orchestrator invocation, files_changed=0, last_tool=Bash
[2026-04-29T23:27:21] SNAPSHOT TASK-J005-005: elapsed=180s, phase=specialist:test-orchestrator invocation, files_changed=0, last_tool=Bash
[2026-04-29T23:28:21] SNAPSHOT TASK-J005-005: elapsed=240s, phase=specialist:test-orchestrator invocation, files_changed=0, last_tool=Bash
[2026-04-29T23:29:00] START TASK-J005-005: specialist:code-reviewer invocation
[2026-04-29T23:30:00] SNAPSHOT TASK-J005-005: elapsed=60s, phase=specialist:code-reviewer invocation, files_changed=0, last_tool=Read
[2026-04-29T23:31:00] SNAPSHOT TASK-J005-005: elapsed=120s, phase=specialist:code-reviewer invocation, files_changed=0, last_tool=Bash
[2026-04-29T23:32:00] SNAPSHOT TASK-J005-005: elapsed=180s, phase=specialist:code-reviewer invocation, files_changed=0, last_tool=Bash
[2026-04-29T23:33:00] SNAPSHOT TASK-J005-005: elapsed=240s, phase=specialist:code-reviewer invocation, files_changed=0, last_tool=Bash
[2026-04-29T23:34:00] SNAPSHOT TASK-J005-005: elapsed=300s, phase=specialist:code-reviewer invocation, files_changed=0, last_tool=Bash
[2026-04-29T23:35:00] SNAPSHOT TASK-J005-005: elapsed=360s, phase=specialist:code-reviewer invocation, files_changed=0, last_tool=Bash
[2026-04-29T23:36:00] SNAPSHOT TASK-J005-005: elapsed=420s, phase=specialist:code-reviewer invocation, files_changed=0, last_tool=Bash
[2026-04-29T23:36:30] START TASK-J005-005: task-work implementation
[2026-04-29T23:37:30] SNAPSHOT TASK-J005-005: elapsed=60s, phase=task-work implementation, files_changed=0, last_tool=Bash
[2026-04-29T23:38:30] SNAPSHOT TASK-J005-005: elapsed=120s, phase=task-work implementation, files_changed=0, last_tool=Bash
[2026-04-29T23:39:30] SNAPSHOT TASK-J005-005: elapsed=180s, phase=task-work implementation, files_changed=0, last_tool=Bash
[2026-04-29T23:40:20] START TASK-J005-005: specialist:test-orchestrator invocation
[2026-04-29T23:41:20] SNAPSHOT TASK-J005-005: elapsed=60s, phase=specialist:test-orchestrator invocation, files_changed=0, last_tool=Bash
[2026-04-29T23:42:20] SNAPSHOT TASK-J005-005: elapsed=120s, phase=specialist:test-orchestrator invocation, files_changed=0, last_tool=Bash
[2026-04-29T23:43:20] SNAPSHOT TASK-J005-005: elapsed=180s, phase=specialist:test-orchestrator invocation, files_changed=0, last_tool=Bash
[2026-04-29T23:44:20] SNAPSHOT TASK-J005-005: elapsed=240s, phase=specialist:test-orchestrator invocation, files_changed=0, last_tool=Bash
[2026-04-29T23:45:20] SNAPSHOT TASK-J005-005: elapsed=300s, phase=specialist:test-orchestrator invocation, files_changed=0, last_tool=Bash
[2026-04-29T23:46:20] SNAPSHOT TASK-J005-005: elapsed=360s, phase=specialist:test-orchestrator invocation, files_changed=0, last_tool=Bash
[2026-04-29T23:46:54] START TASK-J005-005: specialist:code-reviewer invocation
[2026-04-29T23:47:54] SNAPSHOT TASK-J005-005: elapsed=60s, phase=specialist:code-reviewer invocation, files_changed=0, last_tool=Bash
[2026-04-29T23:48:54] SNAPSHOT TASK-J005-005: elapsed=120s, phase=specialist:code-reviewer invocation, files_changed=0, last_tool=Bash
[2026-04-29T23:49:54] SNAPSHOT TASK-J005-005: elapsed=180s, phase=specialist:code-reviewer invocation, files_changed=0, last_tool=Bash
[2026-04-29T23:50:54] SNAPSHOT TASK-J005-005: elapsed=240s, phase=specialist:code-reviewer invocation, files_changed=0, last_tool=Bash
[2026-04-29T23:51:54] SNAPSHOT TASK-J005-005: elapsed=300s, phase=specialist:code-reviewer invocation, files_changed=0, last_tool=Bash
[2026-04-29T23:52:54] SNAPSHOT TASK-J005-005: elapsed=360s, phase=specialist:code-reviewer invocation, files_changed=0, last_tool=Bash
[2026-04-29T23:53:52] COMPLETE TASK-J005-005: elapsed=3000s, decision=approved, snapshots=6
