[2026-05-12T10:55:55] START TASK-J006-004: task-work implementation
[2026-05-12T10:56:55] SNAPSHOT TASK-J006-004: elapsed=60s, phase=task-work implementation, files_changed=0, last_tool=Grep
[2026-05-12T10:57:55] SNAPSHOT TASK-J006-004: elapsed=120s, phase=task-work implementation, files_changed=0, last_tool=Grep
[2026-05-12T10:58:55] SNAPSHOT TASK-J006-004: elapsed=180s, phase=task-work implementation, files_changed=0, last_tool=Read
[2026-05-12T10:59:55] SNAPSHOT TASK-J006-004: elapsed=240s, phase=task-work implementation, files_changed=0, last_tool=Grep
[2026-05-12T11:00:55] SNAPSHOT TASK-J006-004: elapsed=300s, phase=task-work implementation, files_changed=3, last_tool=Edit
[2026-05-12T11:01:55] SNAPSHOT TASK-J006-004: elapsed=360s, phase=task-work implementation, files_changed=4, last_tool=Edit
[2026-05-12T11:02:55] SNAPSHOT TASK-J006-004: elapsed=420s, phase=task-work implementation, files_changed=6, last_tool=Edit
[2026-05-12T11:03:55] SNAPSHOT TASK-J006-004: elapsed=480s, phase=task-work implementation, files_changed=7, last_tool=Read
[2026-05-12T11:04:55] SNAPSHOT TASK-J006-004: elapsed=540s, phase=task-work implementation, files_changed=7, last_tool=Bash
[2026-05-12T11:05:55] SNAPSHOT TASK-J006-004: elapsed=600s, phase=task-work implementation, files_changed=7, last_tool=Bash
[2026-05-12T11:06:55] SNAPSHOT TASK-J006-004: elapsed=660s, phase=task-work implementation, files_changed=7, last_tool=Bash
[2026-05-12T11:07:55] SNAPSHOT TASK-J006-004: elapsed=720s, phase=task-work implementation, files_changed=10, last_tool=Bash
[2026-05-12T11:08:55] SNAPSHOT TASK-J006-004: elapsed=780s, phase=task-work implementation, files_changed=11, last_tool=Write
[2026-05-12T11:08:55] START TASK-J006-004: specialist:test-orchestrator invocation
[2026-05-12T11:09:33] START TASK-J006-004: specialist:code-reviewer invocation
[2026-05-12T11:10:33] SNAPSHOT TASK-J006-004: elapsed=60s, phase=specialist:code-reviewer invocation, files_changed=0, last_tool=Read
[2026-05-12T11:11:33] SNAPSHOT TASK-J006-004: elapsed=120s, phase=specialist:code-reviewer invocation, files_changed=0, last_tool=Bash
[2026-05-12T11:12:34] SNAPSHOT TASK-J006-004: elapsed=180s, phase=specialist:code-reviewer invocation, files_changed=0, last_tool=Bash
[2026-05-12T11:13:34] SNAPSHOT TASK-J006-004: elapsed=240s, phase=specialist:code-reviewer invocation, files_changed=0, last_tool=Grep
[2026-05-12T11:14:22] COMPLETE TASK-J006-004: elapsed=1107s, decision=approved, snapshots=4
