[2026-04-27T16:43:02] START TASK-J004-001: Player invocation
[2026-04-27T16:44:02] SNAPSHOT TASK-J004-001: elapsed=60s, phase=Player invocation, files_changed=0, last_tool=Read
[2026-04-27T16:45:02] SNAPSHOT TASK-J004-001: elapsed=120s, phase=Player invocation, files_changed=0, last_tool=Read
[2026-04-27T16:46:03] SNAPSHOT TASK-J004-001: elapsed=180s, phase=Player invocation, files_changed=0, last_tool=Read
[2026-04-27T16:47:03] SNAPSHOT TASK-J004-001: elapsed=240s, phase=Player invocation, files_changed=1, last_tool=Write
[2026-04-27T16:48:03] SNAPSHOT TASK-J004-001: elapsed=300s, phase=Player invocation, files_changed=4, last_tool=Read
[2026-04-27T16:49:03] SNAPSHOT TASK-J004-001: elapsed=360s, phase=Player invocation, files_changed=7, last_tool=Bash
[2026-04-27T16:50:03] SNAPSHOT TASK-J004-001: elapsed=420s, phase=Player invocation, files_changed=8, last_tool=Bash
[2026-04-27T16:51:03] SNAPSHOT TASK-J004-001: elapsed=480s, phase=Player invocation, files_changed=9, last_tool=Bash
[2026-04-27T16:51:13] COMPLETE TASK-J004-001: elapsed=494s, decision=approved, snapshots=8
[2026-04-27T21:50:52] START TASK-J004-001: Player invocation
[2026-04-27T21:51:52] SNAPSHOT TASK-J004-001: elapsed=60s, phase=Player invocation, files_changed=0, last_tool=TodoWrite
[2026-04-27T21:52:52] SNAPSHOT TASK-J004-001: elapsed=120s, phase=Player invocation, files_changed=0, last_tool=TodoWrite
[2026-04-27T21:53:52] SNAPSHOT TASK-J004-001: elapsed=180s, phase=Player invocation, files_changed=1, last_tool=TodoWrite
[2026-04-27T21:54:52] SNAPSHOT TASK-J004-001: elapsed=240s, phase=Player invocation, files_changed=3, last_tool=TodoWrite
[2026-04-27T21:55:52] SNAPSHOT TASK-J004-001: elapsed=300s, phase=Player invocation, files_changed=7, last_tool=Bash
[2026-04-27T21:56:52] SNAPSHOT TASK-J004-001: elapsed=360s, phase=Player invocation, files_changed=8, last_tool=TodoWrite
[2026-04-27T21:57:06] COMPLETE TASK-J004-001: elapsed=376s, decision=approved, snapshots=6
[2026-04-28T07:50:34] START TASK-J004-001: Player invocation
[2026-04-28T07:51:34] SNAPSHOT TASK-J004-001: elapsed=60s, phase=Player invocation, files_changed=0, last_tool=Read
[2026-04-28T07:52:34] SNAPSHOT TASK-J004-001: elapsed=120s, phase=Player invocation, files_changed=1, last_tool=Write
[2026-04-28T07:53:34] SNAPSHOT TASK-J004-001: elapsed=180s, phase=Player invocation, files_changed=2, last_tool=Write
[2026-04-28T07:54:34] SNAPSHOT TASK-J004-001: elapsed=240s, phase=Player invocation, files_changed=7, last_tool=Bash
[2026-04-28T07:55:16] COMPLETE TASK-J004-001: elapsed=284s, decision=approved, snapshots=4
[2026-04-28T10:48:49] START TASK-J004-001: Player invocation
[2026-04-28T10:49:49] SNAPSHOT TASK-J004-001: elapsed=60s, phase=Player invocation, files_changed=0, last_tool=Read
[2026-04-28T10:50:49] SNAPSHOT TASK-J004-001: elapsed=120s, phase=Player invocation, files_changed=1, last_tool=Write
[2026-04-28T10:51:49] SNAPSHOT TASK-J004-001: elapsed=180s, phase=Player invocation, files_changed=3, last_tool=Edit
[2026-04-28T10:52:49] SNAPSHOT TASK-J004-001: elapsed=240s, phase=Player invocation, files_changed=7, last_tool=Bash
[2026-04-28T10:53:43] COMPLETE TASK-J004-001: elapsed=297s, decision=approved, snapshots=4
