[2026-04-25T18:21:48] START TASK-J003-011: task-work implementation
[2026-04-25T18:22:48] SNAPSHOT TASK-J003-011: elapsed=60s, phase=task-work implementation, files_changed=0, last_tool=Bash
[2026-04-25T18:23:48] SNAPSHOT TASK-J003-011: elapsed=120s, phase=task-work implementation, files_changed=0, last_tool=Read
[2026-04-25T18:24:48] SNAPSHOT TASK-J003-011: elapsed=180s, phase=task-work implementation, files_changed=0, last_tool=Read
[2026-04-25T18:25:48] SNAPSHOT TASK-J003-011: elapsed=240s, phase=task-work implementation, files_changed=1, last_tool=Edit
[2026-04-25T18:26:48] SNAPSHOT TASK-J003-011: elapsed=300s, phase=task-work implementation, files_changed=5, last_tool=Edit
[2026-04-25T18:27:48] SNAPSHOT TASK-J003-011: elapsed=360s, phase=task-work implementation, files_changed=9, last_tool=Edit
[2026-04-25T18:28:48] SNAPSHOT TASK-J003-011: elapsed=420s, phase=task-work implementation, files_changed=9, last_tool=Edit
[2026-04-25T18:29:48] SNAPSHOT TASK-J003-011: elapsed=480s, phase=task-work implementation, files_changed=10, last_tool=Bash
[2026-04-25T18:30:48] SNAPSHOT TASK-J003-011: elapsed=540s, phase=task-work implementation, files_changed=11, last_tool=Bash
[2026-04-25T18:31:48] SNAPSHOT TASK-J003-011: elapsed=600s, phase=task-work implementation, files_changed=11, last_tool=Bash
[2026-04-25T18:32:33] START TASK-J003-011: Player invocation
[2026-04-25T18:33:23] START TASK-J003-011: Coach invocation
[2026-04-25T18:34:23] SNAPSHOT TASK-J003-011: elapsed=60s, phase=Coach invocation, files_changed=0, last_tool=Bash
[2026-04-25T18:35:23] SNAPSHOT TASK-J003-011: elapsed=120s, phase=Coach invocation, files_changed=0, last_tool=Bash
[2026-04-25T18:36:23] SNAPSHOT TASK-J003-011: elapsed=180s, phase=Coach invocation, files_changed=0, last_tool=Bash
[2026-04-25T18:37:23] SNAPSHOT TASK-J003-011: elapsed=240s, phase=Coach invocation, files_changed=0, last_tool=Bash
[2026-04-25T18:37:52] COMPLETE TASK-J003-011: elapsed=965s, decision=approved, snapshots=4
[2026-04-26T09:03:37] START TASK-J003-011: task-work implementation
[2026-04-26T09:04:37] SNAPSHOT TASK-J003-011: elapsed=60s, phase=task-work implementation, files_changed=0, last_tool=Bash
[2026-04-26T09:05:37] SNAPSHOT TASK-J003-011: elapsed=120s, phase=task-work implementation, files_changed=0, last_tool=Read
[2026-04-26T09:06:37] SNAPSHOT TASK-J003-011: elapsed=180s, phase=task-work implementation, files_changed=0, last_tool=Read
[2026-04-26T09:07:37] SNAPSHOT TASK-J003-011: elapsed=240s, phase=task-work implementation, files_changed=0, last_tool=Bash
[2026-04-26T09:08:37] SNAPSHOT TASK-J003-011: elapsed=300s, phase=task-work implementation, files_changed=2, last_tool=Edit
[2026-04-26T09:09:37] SNAPSHOT TASK-J003-011: elapsed=360s, phase=task-work implementation, files_changed=4, last_tool=Bash
[2026-04-26T09:10:37] SNAPSHOT TASK-J003-011: elapsed=420s, phase=task-work implementation, files_changed=5, last_tool=Bash
[2026-04-26T09:11:37] SNAPSHOT TASK-J003-011: elapsed=480s, phase=task-work implementation, files_changed=5, last_tool=Bash
[2026-04-26T09:12:37] SNAPSHOT TASK-J003-011: elapsed=540s, phase=task-work implementation, files_changed=7, last_tool=Bash
[2026-04-26T09:13:37] SNAPSHOT TASK-J003-011: elapsed=600s, phase=task-work implementation, files_changed=9, last_tool=Bash
[2026-04-26T09:14:37] SNAPSHOT TASK-J003-011: elapsed=660s, phase=task-work implementation, files_changed=9, last_tool=Bash
[2026-04-26T09:15:21] START TASK-J003-011: Player invocation
[2026-04-26T09:16:19] START TASK-J003-011: Coach invocation
[2026-04-26T09:17:19] SNAPSHOT TASK-J003-011: elapsed=60s, phase=Coach invocation, files_changed=0, last_tool=Read
[2026-04-26T09:18:19] SNAPSHOT TASK-J003-011: elapsed=120s, phase=Coach invocation, files_changed=0, last_tool=Bash
[2026-04-26T09:19:19] SNAPSHOT TASK-J003-011: elapsed=180s, phase=Coach invocation, files_changed=0, last_tool=Bash
[2026-04-26T09:20:19] SNAPSHOT TASK-J003-011: elapsed=240s, phase=Coach invocation, files_changed=0, last_tool=Read
[2026-04-26T09:21:19] SNAPSHOT TASK-J003-011: elapsed=300s, phase=Coach invocation, files_changed=0, last_tool=Bash
[2026-04-26T09:22:20] COMPLETE TASK-J003-011: elapsed=1124s, decision=approved, snapshots=5
