[2026-04-28T13:03:51] START TASK-J004-016: task-work implementation
[2026-04-28T13:04:51] SNAPSHOT TASK-J004-016: elapsed=60s, phase=task-work implementation, files_changed=0, last_tool=Read
[2026-04-28T13:05:51] SNAPSHOT TASK-J004-016: elapsed=120s, phase=task-work implementation, files_changed=0, last_tool=Read
[2026-04-28T13:06:51] SNAPSHOT TASK-J004-016: elapsed=180s, phase=task-work implementation, files_changed=0, last_tool=Read
[2026-04-28T13:07:51] SNAPSHOT TASK-J004-016: elapsed=240s, phase=task-work implementation, files_changed=0, last_tool=Read
[2026-04-28T13:08:51] SNAPSHOT TASK-J004-016: elapsed=300s, phase=task-work implementation, files_changed=1, last_tool=Write
[2026-04-28T13:09:51] SNAPSHOT TASK-J004-016: elapsed=360s, phase=task-work implementation, files_changed=2, last_tool=Write
[2026-04-28T13:10:51] SNAPSHOT TASK-J004-016: elapsed=420s, phase=task-work implementation, files_changed=4, last_tool=Bash
[2026-04-28T13:11:51] SNAPSHOT TASK-J004-016: elapsed=480s, phase=task-work implementation, files_changed=6, last_tool=Bash
[2026-04-28T13:12:51] SNAPSHOT TASK-J004-016: elapsed=540s, phase=task-work implementation, files_changed=6, last_tool=Bash
[2026-04-28T13:13:51] SNAPSHOT TASK-J004-016: elapsed=600s, phase=task-work implementation, files_changed=7, last_tool=Write
[2026-04-28T13:14:01] START TASK-J004-016: specialist:test-orchestrator invocation
[2026-04-28T13:14:57] START TASK-J004-016: specialist:code-reviewer invocation
[2026-04-28T13:15:57] SNAPSHOT TASK-J004-016: elapsed=60s, phase=specialist:code-reviewer invocation, files_changed=0
[2026-04-28T13:16:57] SNAPSHOT TASK-J004-016: elapsed=120s, phase=specialist:code-reviewer invocation, files_changed=0
[2026-04-28T13:17:57] SNAPSHOT TASK-J004-016: elapsed=180s, phase=specialist:code-reviewer invocation, files_changed=0
[2026-04-28T13:18:57] SNAPSHOT TASK-J004-016: elapsed=240s, phase=specialist:code-reviewer invocation, files_changed=0
[2026-04-28T13:19:57] SNAPSHOT TASK-J004-016: elapsed=300s, phase=specialist:code-reviewer invocation, files_changed=0
[2026-04-28T13:20:57] SNAPSHOT TASK-J004-016: elapsed=360s, phase=specialist:code-reviewer invocation, files_changed=0, last_tool=Read
[2026-04-28T13:21:57] SNAPSHOT TASK-J004-016: elapsed=420s, phase=specialist:code-reviewer invocation, files_changed=0, last_tool=Bash
[2026-04-28T13:22:57] SNAPSHOT TASK-J004-016: elapsed=480s, phase=specialist:code-reviewer invocation, files_changed=0, last_tool=Bash
[2026-04-28T13:23:57] SNAPSHOT TASK-J004-016: elapsed=540s, phase=specialist:code-reviewer invocation, files_changed=0, last_tool=Bash
[2026-04-28T13:24:57] SNAPSHOT TASK-J004-016: elapsed=600s, phase=specialist:code-reviewer invocation, files_changed=0, last_tool=Bash
[2026-04-28T13:25:03] COMPLETE TASK-J004-016: elapsed=1274s, decision=approved, snapshots=10
