[2026-04-30T10:48:08] START TASK-J005-009: task-work implementation
[2026-04-30T10:49:08] SNAPSHOT TASK-J005-009: elapsed=60s, phase=task-work implementation, files_changed=0, last_tool=Read
[2026-04-30T10:50:09] SNAPSHOT TASK-J005-009: elapsed=120s, phase=task-work implementation, files_changed=0, last_tool=Read
[2026-04-30T10:51:09] SNAPSHOT TASK-J005-009: elapsed=180s, phase=task-work implementation, files_changed=0, last_tool=Bash
[2026-04-30T10:52:09] SNAPSHOT TASK-J005-009: elapsed=240s, phase=task-work implementation, files_changed=0, last_tool=Bash
[2026-04-30T10:53:09] SNAPSHOT TASK-J005-009: elapsed=300s, phase=task-work implementation, files_changed=2, last_tool=Bash
[2026-04-30T10:54:09] SNAPSHOT TASK-J005-009: elapsed=360s, phase=task-work implementation, files_changed=3, last_tool=Write
[2026-04-30T10:54:19] START TASK-J005-009: specialist:test-orchestrator invocation
[2026-04-30T10:55:19] SNAPSHOT TASK-J005-009: elapsed=60s, phase=specialist:test-orchestrator invocation, files_changed=0, last_tool=Bash
[2026-04-30T10:56:19] SNAPSHOT TASK-J005-009: elapsed=120s, phase=specialist:test-orchestrator invocation, files_changed=0, last_tool=Bash
[2026-04-30T10:57:19] SNAPSHOT TASK-J005-009: elapsed=180s, phase=specialist:test-orchestrator invocation, files_changed=0, last_tool=Bash
[2026-04-30T10:58:19] SNAPSHOT TASK-J005-009: elapsed=240s, phase=specialist:test-orchestrator invocation, files_changed=0, last_tool=Bash
[2026-04-30T10:59:19] SNAPSHOT TASK-J005-009: elapsed=300s, phase=specialist:test-orchestrator invocation, files_changed=0, last_tool=Bash
[2026-04-30T11:00:19] SNAPSHOT TASK-J005-009: elapsed=360s, phase=specialist:test-orchestrator invocation, files_changed=0, last_tool=Bash
[2026-04-30T11:01:19] SNAPSHOT TASK-J005-009: elapsed=420s, phase=specialist:test-orchestrator invocation, files_changed=0, last_tool=Bash
[2026-04-30T11:02:19] SNAPSHOT TASK-J005-009: elapsed=480s, phase=specialist:test-orchestrator invocation, files_changed=0, last_tool=Bash
[2026-04-30T11:03:19] SNAPSHOT TASK-J005-009: elapsed=540s, phase=specialist:test-orchestrator invocation, files_changed=0, last_tool=Bash
[2026-04-30T11:04:19] SNAPSHOT TASK-J005-009: elapsed=600s, phase=specialist:test-orchestrator invocation, files_changed=0, last_tool=Bash
[2026-04-30T11:04:57] START TASK-J005-009: specialist:code-reviewer invocation
[2026-04-30T11:05:57] SNAPSHOT TASK-J005-009: elapsed=60s, phase=specialist:code-reviewer invocation, files_changed=0, last_tool=Bash
[2026-04-30T11:06:57] SNAPSHOT TASK-J005-009: elapsed=120s, phase=specialist:code-reviewer invocation, files_changed=0, last_tool=Read
[2026-04-30T11:07:57] SNAPSHOT TASK-J005-009: elapsed=180s, phase=specialist:code-reviewer invocation, files_changed=0, last_tool=Bash
[2026-04-30T11:08:57] SNAPSHOT TASK-J005-009: elapsed=240s, phase=specialist:code-reviewer invocation, files_changed=0, last_tool=Bash
[2026-04-30T11:09:18] COMPLETE TASK-J005-009: elapsed=1272s, decision=approved, snapshots=4
