[2026-04-27T16:43:02] START TASK-J004-004: task-work implementation
[2026-04-27T16:44:02] SNAPSHOT TASK-J004-004: elapsed=60s, phase=task-work implementation, files_changed=0, last_tool=Read
[2026-04-27T16:45:02] SNAPSHOT TASK-J004-004: elapsed=120s, phase=task-work implementation, files_changed=0, last_tool=Read
[2026-04-27T16:46:02] SNAPSHOT TASK-J004-004: elapsed=180s, phase=task-work implementation, files_changed=1, last_tool=Write
[2026-04-27T16:47:02] SNAPSHOT TASK-J004-004: elapsed=240s, phase=task-work implementation, files_changed=3, last_tool=Bash
[2026-04-27T16:48:02] SNAPSHOT TASK-J004-004: elapsed=300s, phase=task-work implementation, files_changed=4, last_tool=Bash
[2026-04-27T16:49:02] SNAPSHOT TASK-J004-004: elapsed=360s, phase=task-work implementation, files_changed=4, last_tool=Bash
[2026-04-27T16:50:02] SNAPSHOT TASK-J004-004: elapsed=420s, phase=task-work implementation, files_changed=4, last_tool=Bash
[2026-04-27T16:50:17] START TASK-J004-004: Player invocation
[2026-04-27T16:51:17] SNAPSHOT TASK-J004-004: elapsed=60s, phase=Player invocation, files_changed=0, last_tool=Bash
[2026-04-27T16:52:17] SNAPSHOT TASK-J004-004: elapsed=120s, phase=Player invocation, files_changed=1, last_tool=Write
[2026-04-27T16:52:19] START TASK-J004-004: Coach invocation
[2026-04-27T16:53:19] SNAPSHOT TASK-J004-004: elapsed=60s, phase=Coach invocation, files_changed=0, last_tool=Bash
[2026-04-27T16:54:19] SNAPSHOT TASK-J004-004: elapsed=120s, phase=Coach invocation, files_changed=0, last_tool=Bash
[2026-04-27T16:55:19] SNAPSHOT TASK-J004-004: elapsed=180s, phase=Coach invocation, files_changed=0, last_tool=Grep
[2026-04-27T16:56:05] START TASK-J004-004: task-work implementation
[2026-04-27T16:57:05] SNAPSHOT TASK-J004-004: elapsed=60s, phase=task-work implementation, files_changed=0, last_tool=Bash
[2026-04-27T16:58:05] SNAPSHOT TASK-J004-004: elapsed=120s, phase=task-work implementation, files_changed=1, last_tool=Write
[2026-04-27T16:58:14] START TASK-J004-004: Player invocation
[2026-04-27T16:59:14] SNAPSHOT TASK-J004-004: elapsed=60s, phase=Player invocation, files_changed=0, last_tool=Bash
[2026-04-27T17:00:14] SNAPSHOT TASK-J004-004: elapsed=120s, phase=Player invocation, files_changed=0, last_tool=Bash
[2026-04-27T17:01:12] START TASK-J004-004: Coach invocation
[2026-04-27T17:02:12] SNAPSHOT TASK-J004-004: elapsed=60s, phase=Coach invocation, files_changed=0, last_tool=Read
[2026-04-27T17:03:12] SNAPSHOT TASK-J004-004: elapsed=120s, phase=Coach invocation, files_changed=0, last_tool=Bash
[2026-04-27T17:04:12] SNAPSHOT TASK-J004-004: elapsed=180s, phase=Coach invocation, files_changed=0, last_tool=Bash
[2026-04-27T17:05:12] SNAPSHOT TASK-J004-004: elapsed=240s, phase=Coach invocation, files_changed=0, last_tool=Read
[2026-04-27T17:06:23] START TASK-J004-004: task-work implementation
[2026-04-27T17:07:23] SNAPSHOT TASK-J004-004: elapsed=60s, phase=task-work implementation, files_changed=0, last_tool=Bash
[2026-04-27T17:08:23] SNAPSHOT TASK-J004-004: elapsed=120s, phase=task-work implementation, files_changed=0, last_tool=Bash
[2026-04-27T17:08:42] START TASK-J004-004: Player invocation
[2026-04-27T17:09:42] SNAPSHOT TASK-J004-004: elapsed=60s, phase=Player invocation, files_changed=0, last_tool=Bash
[2026-04-27T17:10:22] START TASK-J004-004: Coach invocation
[2026-04-27T17:11:22] SNAPSHOT TASK-J004-004: elapsed=60s, phase=Coach invocation, files_changed=0, last_tool=Read
[2026-04-27T17:12:22] SNAPSHOT TASK-J004-004: elapsed=120s, phase=Coach invocation, files_changed=0, last_tool=Bash
[2026-04-27T17:13:22] SNAPSHOT TASK-J004-004: elapsed=180s, phase=Coach invocation, files_changed=0, last_tool=Bash
[2026-04-27T17:14:22] SNAPSHOT TASK-J004-004: elapsed=240s, phase=Coach invocation, files_changed=0, last_tool=Bash
[2026-04-27T17:15:22] SNAPSHOT TASK-J004-004: elapsed=300s, phase=Coach invocation, files_changed=0, last_tool=Bash
[2026-04-27T17:15:48] COMPLETE TASK-J004-004: elapsed=1969s, decision=unrecoverable_stall, snapshots=5
[2026-04-27T19:56:18] START TASK-J004-004: task-work implementation
[2026-04-27T19:57:18] SNAPSHOT TASK-J004-004: elapsed=60s, phase=task-work implementation, files_changed=0, last_tool=Bash
[2026-04-27T19:58:18] SNAPSHOT TASK-J004-004: elapsed=120s, phase=task-work implementation, files_changed=1, last_tool=Read
[2026-04-27T19:59:04] START TASK-J004-004: Player invocation
[2026-04-27T19:59:52] START TASK-J004-004: Coach invocation
[2026-04-27T20:00:52] SNAPSHOT TASK-J004-004: elapsed=60s, phase=Coach invocation, files_changed=0, last_tool=Grep
[2026-04-27T20:01:48] COMPLETE TASK-J004-004: elapsed=332s, decision=approved, snapshots=1
[2026-04-27T21:50:53] START TASK-J004-004: task-work implementation
[2026-04-27T21:51:53] SNAPSHOT TASK-J004-004: elapsed=60s, phase=task-work implementation, files_changed=0, last_tool=Bash
[2026-04-27T21:52:53] SNAPSHOT TASK-J004-004: elapsed=120s, phase=task-work implementation, files_changed=0, last_tool=Read
[2026-04-27T21:53:53] SNAPSHOT TASK-J004-004: elapsed=180s, phase=task-work implementation, files_changed=1, last_tool=Bash
[2026-04-27T21:54:53] SNAPSHOT TASK-J004-004: elapsed=240s, phase=task-work implementation, files_changed=2, last_tool=Bash
[2026-04-27T21:55:53] SNAPSHOT TASK-J004-004: elapsed=300s, phase=task-work implementation, files_changed=6, last_tool=Bash
[2026-04-27T21:56:53] SNAPSHOT TASK-J004-004: elapsed=360s, phase=task-work implementation, files_changed=6, last_tool=Bash
[2026-04-27T21:57:12] START TASK-J004-004: Player invocation
[2026-04-27T21:58:12] SNAPSHOT TASK-J004-004: elapsed=60s, phase=Player invocation, files_changed=0, last_tool=Bash
[2026-04-27T21:58:25] START TASK-J004-004: Coach invocation
[2026-04-27T21:59:25] SNAPSHOT TASK-J004-004: elapsed=60s, phase=Coach invocation, files_changed=0, last_tool=Bash
[2026-04-27T22:00:29] COMPLETE TASK-J004-004: elapsed=580s, decision=approved, snapshots=1
[2026-04-28T07:50:34] START TASK-J004-004: task-work implementation
[2026-04-28T07:51:34] SNAPSHOT TASK-J004-004: elapsed=60s, phase=task-work implementation, files_changed=0, last_tool=Read
[2026-04-28T07:52:34] SNAPSHOT TASK-J004-004: elapsed=120s, phase=task-work implementation, files_changed=0, last_tool=Bash
[2026-04-28T07:53:34] SNAPSHOT TASK-J004-004: elapsed=180s, phase=task-work implementation, files_changed=1, last_tool=Write
[2026-04-28T07:54:34] SNAPSHOT TASK-J004-004: elapsed=240s, phase=task-work implementation, files_changed=2, last_tool=Bash
[2026-04-28T07:55:34] SNAPSHOT TASK-J004-004: elapsed=300s, phase=task-work implementation, files_changed=4, last_tool=Bash
[2026-04-28T07:56:34] SNAPSHOT TASK-J004-004: elapsed=360s, phase=task-work implementation, files_changed=4, last_tool=Bash
[2026-04-28T07:56:56] START TASK-J004-004: specialist:test-orchestrator invocation
[2026-04-28T07:57:56] SNAPSHOT TASK-J004-004: elapsed=60s, phase=specialist:test-orchestrator invocation, files_changed=0, last_tool=Bash
[2026-04-28T07:58:56] SNAPSHOT TASK-J004-004: elapsed=120s, phase=specialist:test-orchestrator invocation, files_changed=0, last_tool=Bash
[2026-04-28T07:59:14] START TASK-J004-004: specialist:code-reviewer invocation
[2026-04-28T08:00:14] SNAPSHOT TASK-J004-004: elapsed=60s, phase=specialist:code-reviewer invocation, files_changed=0, last_tool=Bash
[2026-04-28T08:01:14] SNAPSHOT TASK-J004-004: elapsed=120s, phase=specialist:code-reviewer invocation, files_changed=0, last_tool=Read
[2026-04-28T08:01:46] COMPLETE TASK-J004-004: elapsed=674s, decision=approved, snapshots=2
[2026-04-28T10:48:49] START TASK-J004-004: task-work implementation
[2026-04-28T10:49:49] SNAPSHOT TASK-J004-004: elapsed=60s, phase=task-work implementation, files_changed=0, last_tool=Bash
[2026-04-28T10:50:49] SNAPSHOT TASK-J004-004: elapsed=120s, phase=task-work implementation, files_changed=0, last_tool=Read
[2026-04-28T10:51:49] SNAPSHOT TASK-J004-004: elapsed=180s, phase=task-work implementation, files_changed=1, last_tool=Bash
[2026-04-28T10:52:50] SNAPSHOT TASK-J004-004: elapsed=240s, phase=task-work implementation, files_changed=2, last_tool=Write
[2026-04-28T10:53:50] SNAPSHOT TASK-J004-004: elapsed=300s, phase=task-work implementation, files_changed=3, last_tool=Bash
[2026-04-28T10:54:50] SNAPSHOT TASK-J004-004: elapsed=360s, phase=task-work implementation, files_changed=7, last_tool=Bash
[2026-04-28T10:55:50] SNAPSHOT TASK-J004-004: elapsed=420s, phase=task-work implementation, files_changed=7, last_tool=Bash
[2026-04-28T10:56:26] START TASK-J004-004: specialist:test-orchestrator invocation
[2026-04-28T10:57:16] START TASK-J004-004: specialist:code-reviewer invocation
[2026-04-28T10:58:16] SNAPSHOT TASK-J004-004: elapsed=60s, phase=specialist:code-reviewer invocation, files_changed=0, last_tool=Read
[2026-04-28T10:59:16] SNAPSHOT TASK-J004-004: elapsed=120s, phase=specialist:code-reviewer invocation, files_changed=0, last_tool=Read
[2026-04-28T10:59:58] COMPLETE TASK-J004-004: elapsed=672s, decision=approved, snapshots=2
