[2026-04-27T23:20:46] START TASK-J004-013: task-work implementation
[2026-04-27T23:21:46] SNAPSHOT TASK-J004-013: elapsed=60s, phase=task-work implementation, files_changed=0, last_tool=Read
[2026-04-27T23:22:46] SNAPSHOT TASK-J004-013: elapsed=120s, phase=task-work implementation, files_changed=0, last_tool=Bash
[2026-04-27T23:23:46] SNAPSHOT TASK-J004-013: elapsed=180s, phase=task-work implementation, files_changed=0, last_tool=Read
[2026-04-27T23:24:46] SNAPSHOT TASK-J004-013: elapsed=240s, phase=task-work implementation, files_changed=0, last_tool=Bash
[2026-04-27T23:25:46] SNAPSHOT TASK-J004-013: elapsed=300s, phase=task-work implementation, files_changed=0, last_tool=Read
[2026-04-27T23:26:46] SNAPSHOT TASK-J004-013: elapsed=360s, phase=task-work implementation, files_changed=1, last_tool=Bash
[2026-04-27T23:27:46] SNAPSHOT TASK-J004-013: elapsed=420s, phase=task-work implementation, files_changed=5, last_tool=Edit
[2026-04-27T23:28:46] SNAPSHOT TASK-J004-013: elapsed=480s, phase=task-work implementation, files_changed=9, last_tool=Edit
[2026-04-27T23:29:46] SNAPSHOT TASK-J004-013: elapsed=540s, phase=task-work implementation, files_changed=11, last_tool=Edit
[2026-04-27T23:30:46] SNAPSHOT TASK-J004-013: elapsed=600s, phase=task-work implementation, files_changed=12, last_tool=Bash
[2026-04-27T23:31:46] SNAPSHOT TASK-J004-013: elapsed=660s, phase=task-work implementation, files_changed=12, last_tool=Bash
[2026-04-27T23:32:46] SNAPSHOT TASK-J004-013: elapsed=720s, phase=task-work implementation, files_changed=12, last_tool=Bash
[2026-04-27T23:33:46] SNAPSHOT TASK-J004-013: elapsed=780s, phase=task-work implementation, files_changed=12, last_tool=Bash
[2026-04-27T23:34:46] SNAPSHOT TASK-J004-013: elapsed=840s, phase=task-work implementation, files_changed=12, last_tool=Bash
[2026-04-27T23:35:46] SNAPSHOT TASK-J004-013: elapsed=900s, phase=task-work implementation, files_changed=12, last_tool=Bash
[2026-04-27T23:36:46] SNAPSHOT TASK-J004-013: elapsed=960s, phase=task-work implementation, files_changed=12, last_tool=Bash
[2026-04-27T23:37:46] SNAPSHOT TASK-J004-013: elapsed=1020s, phase=task-work implementation, files_changed=12, last_tool=Bash
[2026-04-27T23:38:46] SNAPSHOT TASK-J004-013: elapsed=1080s, phase=task-work implementation, files_changed=12, last_tool=Bash
[2026-04-27T23:39:46] SNAPSHOT TASK-J004-013: elapsed=1140s, phase=task-work implementation, files_changed=12, last_tool=Bash
[2026-04-27T23:40:03] START TASK-J004-013: Player invocation
[2026-04-27T23:41:03] SNAPSHOT TASK-J004-013: elapsed=60s, phase=Player invocation, files_changed=0, last_tool=Bash
[2026-04-27T23:42:03] SNAPSHOT TASK-J004-013: elapsed=120s, phase=Player invocation, files_changed=0, last_tool=Bash
[2026-04-27T23:43:03] SNAPSHOT TASK-J004-013: elapsed=180s, phase=Player invocation, files_changed=0, last_tool=Bash
[2026-04-27T23:44:03] SNAPSHOT TASK-J004-013: elapsed=240s, phase=Player invocation, files_changed=0, last_tool=ToolSearch
[2026-04-27T23:45:03] SNAPSHOT TASK-J004-013: elapsed=300s, phase=Player invocation, files_changed=0, last_tool=Bash
[2026-04-27T23:46:03] SNAPSHOT TASK-J004-013: elapsed=360s, phase=Player invocation, files_changed=0, last_tool=Bash
[2026-04-27T23:47:03] SNAPSHOT TASK-J004-013: elapsed=420s, phase=Player invocation, files_changed=0, last_tool=Bash
[2026-04-27T23:48:03] SNAPSHOT TASK-J004-013: elapsed=480s, phase=Player invocation, files_changed=0, last_tool=Bash
[2026-04-27T23:49:03] SNAPSHOT TASK-J004-013: elapsed=540s, phase=Player invocation, files_changed=0, last_tool=Bash
[2026-04-27T23:50:03] SNAPSHOT TASK-J004-013: elapsed=600s, phase=Player invocation, files_changed=0, last_tool=Read
[2026-04-27T23:51:03] SNAPSHOT TASK-J004-013: elapsed=660s, phase=Player invocation, files_changed=0, last_tool=Read
[2026-04-27T23:52:03] SNAPSHOT TASK-J004-013: elapsed=720s, phase=Player invocation, files_changed=0, last_tool=Read
[2026-04-27T23:53:03] SNAPSHOT TASK-J004-013: elapsed=780s, phase=Player invocation, files_changed=0, last_tool=Read
[2026-04-27T23:54:03] SNAPSHOT TASK-J004-013: elapsed=840s, phase=Player invocation, files_changed=0, last_tool=Read
[2026-04-27T23:55:03] SNAPSHOT TASK-J004-013: elapsed=900s, phase=Player invocation, files_changed=0, last_tool=Read
[2026-04-27T23:56:03] SNAPSHOT TASK-J004-013: elapsed=960s, phase=Player invocation, files_changed=0, last_tool=Read
[2026-04-27T23:57:03] SNAPSHOT TASK-J004-013: elapsed=1020s, phase=Player invocation, files_changed=0, last_tool=Read
[2026-04-27T23:58:03] SNAPSHOT TASK-J004-013: elapsed=1080s, phase=Player invocation, files_changed=0, last_tool=Read
[2026-04-27T23:59:03] SNAPSHOT TASK-J004-013: elapsed=1140s, phase=Player invocation, files_changed=0, last_tool=Read
[2026-04-28T00:00:03] SNAPSHOT TASK-J004-013: elapsed=1200s, phase=Player invocation, files_changed=0, last_tool=Read
[2026-04-28T00:00:24] COMPLETE TASK-J004-013: elapsed=2378s, decision=timeout_budget_exhausted, snapshots=20
[2026-04-28T07:50:11] START TASK-J004-013: specialist:test-orchestrator invocation
[2026-04-28T07:50:16] START TASK-J004-013: specialist:code-reviewer invocation
[2026-04-28T12:21:25] START TASK-J004-013: task-work implementation
[2026-04-28T12:22:25] SNAPSHOT TASK-J004-013: elapsed=60s, phase=task-work implementation, files_changed=0, last_tool=Read
[2026-04-28T12:23:25] SNAPSHOT TASK-J004-013: elapsed=120s, phase=task-work implementation, files_changed=0, last_tool=Read
[2026-04-28T12:24:25] SNAPSHOT TASK-J004-013: elapsed=180s, phase=task-work implementation, files_changed=0, last_tool=Bash
[2026-04-28T12:25:25] SNAPSHOT TASK-J004-013: elapsed=240s, phase=task-work implementation, files_changed=0, last_tool=Bash
[2026-04-28T12:26:25] SNAPSHOT TASK-J004-013: elapsed=300s, phase=task-work implementation, files_changed=0, last_tool=Read
[2026-04-28T12:27:25] SNAPSHOT TASK-J004-013: elapsed=360s, phase=task-work implementation, files_changed=4, last_tool=Edit
[2026-04-28T12:28:25] SNAPSHOT TASK-J004-013: elapsed=420s, phase=task-work implementation, files_changed=6, last_tool=Edit
[2026-04-28T12:29:25] SNAPSHOT TASK-J004-013: elapsed=480s, phase=task-work implementation, files_changed=9, last_tool=Edit
[2026-04-28T12:30:25] SNAPSHOT TASK-J004-013: elapsed=540s, phase=task-work implementation, files_changed=10, last_tool=Edit
[2026-04-28T12:31:25] SNAPSHOT TASK-J004-013: elapsed=600s, phase=task-work implementation, files_changed=10, last_tool=Read
[2026-04-28T12:32:25] SNAPSHOT TASK-J004-013: elapsed=660s, phase=task-work implementation, files_changed=13, last_tool=Edit
[2026-04-28T12:33:25] SNAPSHOT TASK-J004-013: elapsed=720s, phase=task-work implementation, files_changed=13, last_tool=Bash
[2026-04-28T12:34:25] SNAPSHOT TASK-J004-013: elapsed=780s, phase=task-work implementation, files_changed=13, last_tool=Bash
[2026-04-28T12:35:25] SNAPSHOT TASK-J004-013: elapsed=840s, phase=task-work implementation, files_changed=13, last_tool=Bash
[2026-04-28T12:36:25] SNAPSHOT TASK-J004-013: elapsed=900s, phase=task-work implementation, files_changed=13, last_tool=Bash
[2026-04-28T12:37:25] SNAPSHOT TASK-J004-013: elapsed=960s, phase=task-work implementation, files_changed=13, last_tool=Bash
[2026-04-28T12:38:25] SNAPSHOT TASK-J004-013: elapsed=1020s, phase=task-work implementation, files_changed=13, last_tool=Bash
[2026-04-28T12:39:25] SNAPSHOT TASK-J004-013: elapsed=1080s, phase=task-work implementation, files_changed=13, last_tool=Bash
[2026-04-28T12:40:25] SNAPSHOT TASK-J004-013: elapsed=1140s, phase=task-work implementation, files_changed=13, last_tool=Bash
[2026-04-28T12:41:25] SNAPSHOT TASK-J004-013: elapsed=1200s, phase=task-work implementation, files_changed=13, last_tool=Bash
[2026-04-28T12:42:25] SNAPSHOT TASK-J004-013: elapsed=1260s, phase=task-work implementation, files_changed=13, last_tool=Bash
[2026-04-28T12:43:25] SNAPSHOT TASK-J004-013: elapsed=1320s, phase=task-work implementation, files_changed=13, last_tool=Bash
[2026-04-28T12:44:25] SNAPSHOT TASK-J004-013: elapsed=1380s, phase=task-work implementation, files_changed=13, last_tool=Bash
[2026-04-28T12:45:25] SNAPSHOT TASK-J004-013: elapsed=1440s, phase=task-work implementation, files_changed=13, last_tool=Bash
[2026-04-28T12:46:25] SNAPSHOT TASK-J004-013: elapsed=1500s, phase=task-work implementation, files_changed=13, last_tool=Bash
[2026-04-28T12:47:25] SNAPSHOT TASK-J004-013: elapsed=1560s, phase=task-work implementation, files_changed=15, last_tool=Bash
[2026-04-28T12:48:25] SNAPSHOT TASK-J004-013: elapsed=1620s, phase=task-work implementation, files_changed=20, last_tool=Bash
[2026-04-28T12:49:25] SNAPSHOT TASK-J004-013: elapsed=1680s, phase=task-work implementation, files_changed=23, last_tool=Bash
[2026-04-28T12:50:25] SNAPSHOT TASK-J004-013: elapsed=1740s, phase=task-work implementation, files_changed=23, last_tool=Bash
[2026-04-28T12:51:25] SNAPSHOT TASK-J004-013: elapsed=1800s, phase=task-work implementation, files_changed=23, last_tool=Bash
[2026-04-28T12:52:25] SNAPSHOT TASK-J004-013: elapsed=1860s, phase=task-work implementation, files_changed=25, last_tool=Bash
[2026-04-28T12:53:25] SNAPSHOT TASK-J004-013: elapsed=1920s, phase=task-work implementation, files_changed=25, last_tool=Bash
[2026-04-28T12:54:25] SNAPSHOT TASK-J004-013: elapsed=1980s, phase=task-work implementation, files_changed=25, last_tool=Bash
[2026-04-28T12:54:50] START TASK-J004-013: specialist:test-orchestrator invocation
[2026-04-28T12:55:50] SNAPSHOT TASK-J004-013: elapsed=60s, phase=specialist:test-orchestrator invocation, files_changed=0, last_tool=Bash
[2026-04-28T12:56:50] SNAPSHOT TASK-J004-013: elapsed=120s, phase=specialist:test-orchestrator invocation, files_changed=0, last_tool=Bash
[2026-04-28T12:57:50] SNAPSHOT TASK-J004-013: elapsed=180s, phase=specialist:test-orchestrator invocation, files_changed=0, last_tool=Bash
[2026-04-28T12:58:10] START TASK-J004-013: specialist:code-reviewer invocation
[2026-04-28T12:59:10] SNAPSHOT TASK-J004-013: elapsed=60s, phase=specialist:code-reviewer invocation, files_changed=0, last_tool=Read
[2026-04-28T13:00:10] SNAPSHOT TASK-J004-013: elapsed=120s, phase=specialist:code-reviewer invocation, files_changed=0, last_tool=Read
[2026-04-28T13:01:10] SNAPSHOT TASK-J004-013: elapsed=180s, phase=specialist:code-reviewer invocation, files_changed=0, last_tool=Bash
[2026-04-28T13:02:10] SNAPSHOT TASK-J004-013: elapsed=240s, phase=specialist:code-reviewer invocation, files_changed=0, last_tool=Bash
[2026-04-28T13:03:10] SNAPSHOT TASK-J004-013: elapsed=300s, phase=specialist:code-reviewer invocation, files_changed=0, last_tool=Bash
[2026-04-28T13:03:49] COMPLETE TASK-J004-013: elapsed=2544s, decision=approved, snapshots=5
