[2026-04-25T18:05:00] START TASK-J003-010: task-work implementation
[2026-04-25T18:06:00] SNAPSHOT TASK-J003-010: elapsed=60s, phase=task-work implementation, files_changed=0, last_tool=Read
[2026-04-25T18:07:00] SNAPSHOT TASK-J003-010: elapsed=120s, phase=task-work implementation, files_changed=0, last_tool=Bash
[2026-04-25T18:08:00] SNAPSHOT TASK-J003-010: elapsed=180s, phase=task-work implementation, files_changed=0, last_tool=Read
[2026-04-25T18:09:00] SNAPSHOT TASK-J003-010: elapsed=240s, phase=task-work implementation, files_changed=0, last_tool=Read
[2026-04-25T18:10:00] SNAPSHOT TASK-J003-010: elapsed=300s, phase=task-work implementation, files_changed=2, last_tool=Edit
[2026-04-25T18:11:00] SNAPSHOT TASK-J003-010: elapsed=360s, phase=task-work implementation, files_changed=3, last_tool=Bash
[2026-04-25T18:12:00] SNAPSHOT TASK-J003-010: elapsed=420s, phase=task-work implementation, files_changed=3, last_tool=Bash
[2026-04-25T18:13:00] SNAPSHOT TASK-J003-010: elapsed=480s, phase=task-work implementation, files_changed=6, last_tool=Edit
[2026-04-25T18:14:00] SNAPSHOT TASK-J003-010: elapsed=540s, phase=task-work implementation, files_changed=11, last_tool=Bash
[2026-04-25T18:15:00] SNAPSHOT TASK-J003-010: elapsed=600s, phase=task-work implementation, files_changed=11, last_tool=Bash
[2026-04-25T18:15:41] START TASK-J003-010: Player invocation
[2026-04-25T18:16:41] SNAPSHOT TASK-J003-010: elapsed=60s, phase=Player invocation, files_changed=0, last_tool=Bash
[2026-04-25T18:16:52] START TASK-J003-010: Coach invocation
[2026-04-25T18:17:52] SNAPSHOT TASK-J003-010: elapsed=60s, phase=Coach invocation, files_changed=0, last_tool=Bash
[2026-04-25T18:18:52] SNAPSHOT TASK-J003-010: elapsed=120s, phase=Coach invocation, files_changed=0, last_tool=Bash
[2026-04-25T18:19:52] SNAPSHOT TASK-J003-010: elapsed=180s, phase=Coach invocation, files_changed=0, last_tool=Read
[2026-04-25T18:20:33] COMPLETE TASK-J003-010: elapsed=934s, decision=approved, snapshots=3
[2026-04-26T08:32:59] START TASK-J003-010: task-work implementation
[2026-04-26T08:33:59] SNAPSHOT TASK-J003-010: elapsed=60s, phase=task-work implementation, files_changed=0, last_tool=Read
[2026-04-26T08:34:59] SNAPSHOT TASK-J003-010: elapsed=120s, phase=task-work implementation, files_changed=0, last_tool=Read
[2026-04-26T08:35:59] SNAPSHOT TASK-J003-010: elapsed=180s, phase=task-work implementation, files_changed=0, last_tool=Bash
[2026-04-26T08:36:59] SNAPSHOT TASK-J003-010: elapsed=240s, phase=task-work implementation, files_changed=0, last_tool=Read
[2026-04-26T08:37:59] SNAPSHOT TASK-J003-010: elapsed=300s, phase=task-work implementation, files_changed=0, last_tool=Read
[2026-04-26T08:38:59] SNAPSHOT TASK-J003-010: elapsed=360s, phase=task-work implementation, files_changed=0, last_tool=Read
[2026-04-26T08:39:59] SNAPSHOT TASK-J003-010: elapsed=420s, phase=task-work implementation, files_changed=2, last_tool=Edit
[2026-04-26T08:40:59] SNAPSHOT TASK-J003-010: elapsed=480s, phase=task-work implementation, files_changed=3, last_tool=Bash
[2026-04-26T08:41:59] SNAPSHOT TASK-J003-010: elapsed=540s, phase=task-work implementation, files_changed=5, last_tool=Edit
[2026-04-26T08:42:59] SNAPSHOT TASK-J003-010: elapsed=600s, phase=task-work implementation, files_changed=6, last_tool=Edit
[2026-04-26T08:43:59] SNAPSHOT TASK-J003-010: elapsed=660s, phase=task-work implementation, files_changed=8, last_tool=Bash
[2026-04-26T08:44:59] SNAPSHOT TASK-J003-010: elapsed=720s, phase=task-work implementation, files_changed=8, last_tool=Bash
[2026-04-26T08:45:50] START TASK-J003-010: Player invocation
[2026-04-26T08:46:50] SNAPSHOT TASK-J003-010: elapsed=60s, phase=Player invocation, files_changed=0, last_tool=Bash
[2026-04-26T08:47:08] START TASK-J003-010: Coach invocation
[2026-04-26T08:48:08] SNAPSHOT TASK-J003-010: elapsed=60s, phase=Coach invocation, files_changed=0, last_tool=Read
[2026-04-26T08:49:08] SNAPSHOT TASK-J003-010: elapsed=120s, phase=Coach invocation, files_changed=0, last_tool=Bash
[2026-04-26T08:50:35] START TASK-J003-010: task-work implementation
[2026-04-26T08:51:35] SNAPSHOT TASK-J003-010: elapsed=60s, phase=task-work implementation, files_changed=0, last_tool=Bash
[2026-04-26T08:52:35] SNAPSHOT TASK-J003-010: elapsed=120s, phase=task-work implementation, files_changed=1, last_tool=Bash
[2026-04-26T08:53:35] SNAPSHOT TASK-J003-010: elapsed=180s, phase=task-work implementation, files_changed=1, last_tool=Bash
[2026-04-26T08:54:35] SNAPSHOT TASK-J003-010: elapsed=240s, phase=task-work implementation, files_changed=1, last_tool=Bash
[2026-04-26T08:55:35] SNAPSHOT TASK-J003-010: elapsed=300s, phase=task-work implementation, files_changed=1, last_tool=Bash
[2026-04-26T08:56:35] SNAPSHOT TASK-J003-010: elapsed=360s, phase=task-work implementation, files_changed=1, last_tool=Bash
[2026-04-26T08:57:35] SNAPSHOT TASK-J003-010: elapsed=420s, phase=task-work implementation, files_changed=1, last_tool=Bash
[2026-04-26T08:58:08] START TASK-J003-010: Player invocation
[2026-04-26T08:59:08] SNAPSHOT TASK-J003-010: elapsed=60s, phase=Player invocation, files_changed=0, last_tool=Bash
[2026-04-26T09:00:08] SNAPSHOT TASK-J003-010: elapsed=120s, phase=Player invocation, files_changed=0, last_tool=Bash
[2026-04-26T09:00:12] START TASK-J003-010: Coach invocation
[2026-04-26T09:01:12] SNAPSHOT TASK-J003-010: elapsed=60s, phase=Coach invocation, files_changed=0, last_tool=Bash
[2026-04-26T09:02:12] SNAPSHOT TASK-J003-010: elapsed=120s, phase=Coach invocation, files_changed=0, last_tool=Grep
[2026-04-26T09:03:28] COMPLETE TASK-J003-010: elapsed=1830s, decision=approved, snapshots=2
