[2026-04-25T18:05:00] START TASK-J003-008: task-work implementation
[2026-04-25T18:06:00] SNAPSHOT TASK-J003-008: elapsed=60s, phase=task-work implementation, files_changed=0, last_tool=Read
[2026-04-25T18:07:00] SNAPSHOT TASK-J003-008: elapsed=120s, phase=task-work implementation, files_changed=0, last_tool=Grep
[2026-04-25T18:08:00] SNAPSHOT TASK-J003-008: elapsed=180s, phase=task-work implementation, files_changed=0, last_tool=Grep
[2026-04-25T18:09:00] SNAPSHOT TASK-J003-008: elapsed=240s, phase=task-work implementation, files_changed=0, last_tool=Bash
[2026-04-25T18:10:00] SNAPSHOT TASK-J003-008: elapsed=300s, phase=task-work implementation, files_changed=0, last_tool=Bash
[2026-04-25T18:11:00] SNAPSHOT TASK-J003-008: elapsed=360s, phase=task-work implementation, files_changed=0, last_tool=Grep
[2026-04-25T18:12:00] SNAPSHOT TASK-J003-008: elapsed=420s, phase=task-work implementation, files_changed=1, last_tool=Write
[2026-04-25T18:13:00] SNAPSHOT TASK-J003-008: elapsed=480s, phase=task-work implementation, files_changed=1, last_tool=Write
[2026-04-25T18:14:00] SNAPSHOT TASK-J003-008: elapsed=540s, phase=task-work implementation, files_changed=6, last_tool=Bash
[2026-04-25T18:15:00] SNAPSHOT TASK-J003-008: elapsed=600s, phase=task-work implementation, files_changed=6, last_tool=Bash
[2026-04-25T18:16:00] SNAPSHOT TASK-J003-008: elapsed=660s, phase=task-work implementation, files_changed=6, last_tool=Bash
[2026-04-25T18:16:36] START TASK-J003-008: Player invocation
[2026-04-25T18:17:28] START TASK-J003-008: Coach invocation
[2026-04-25T18:18:28] SNAPSHOT TASK-J003-008: elapsed=60s, phase=Coach invocation, files_changed=0, last_tool=Bash
[2026-04-25T18:19:28] SNAPSHOT TASK-J003-008: elapsed=120s, phase=Coach invocation, files_changed=0, last_tool=Bash
[2026-04-25T18:20:28] SNAPSHOT TASK-J003-008: elapsed=180s, phase=Coach invocation, files_changed=0, last_tool=Bash
[2026-04-25T18:21:28] SNAPSHOT TASK-J003-008: elapsed=240s, phase=Coach invocation, files_changed=0, last_tool=Bash
[2026-04-25T18:21:45] COMPLETE TASK-J003-008: elapsed=1005s, decision=approved, snapshots=4
[2026-04-26T08:32:59] START TASK-J003-008: task-work implementation
[2026-04-26T08:33:59] SNAPSHOT TASK-J003-008: elapsed=60s, phase=task-work implementation, files_changed=0, last_tool=Read
[2026-04-26T08:34:59] SNAPSHOT TASK-J003-008: elapsed=120s, phase=task-work implementation, files_changed=0, last_tool=Bash
[2026-04-26T08:35:59] SNAPSHOT TASK-J003-008: elapsed=180s, phase=task-work implementation, files_changed=0, last_tool=Read
[2026-04-26T08:36:59] SNAPSHOT TASK-J003-008: elapsed=240s, phase=task-work implementation, files_changed=0, last_tool=Read
[2026-04-26T08:37:59] SNAPSHOT TASK-J003-008: elapsed=300s, phase=task-work implementation, files_changed=0, last_tool=Read
[2026-04-26T08:38:59] SNAPSHOT TASK-J003-008: elapsed=360s, phase=task-work implementation, files_changed=0, last_tool=Read
[2026-04-26T08:39:59] SNAPSHOT TASK-J003-008: elapsed=420s, phase=task-work implementation, files_changed=0, last_tool=Bash
[2026-04-26T08:40:59] SNAPSHOT TASK-J003-008: elapsed=480s, phase=task-work implementation, files_changed=1, last_tool=Write
[2026-04-26T08:41:59] SNAPSHOT TASK-J003-008: elapsed=540s, phase=task-work implementation, files_changed=2, last_tool=Write
[2026-04-26T08:42:59] SNAPSHOT TASK-J003-008: elapsed=600s, phase=task-work implementation, files_changed=4, last_tool=Edit
[2026-04-26T08:43:59] SNAPSHOT TASK-J003-008: elapsed=660s, phase=task-work implementation, files_changed=6, last_tool=Bash
[2026-04-26T08:44:59] SNAPSHOT TASK-J003-008: elapsed=720s, phase=task-work implementation, files_changed=6, last_tool=Bash
[2026-04-26T08:45:28] START TASK-J003-008: Player invocation
[2026-04-26T08:46:28] SNAPSHOT TASK-J003-008: elapsed=60s, phase=Player invocation, files_changed=0, last_tool=Bash
[2026-04-26T08:46:57] START TASK-J003-008: Coach invocation
[2026-04-26T08:47:57] SNAPSHOT TASK-J003-008: elapsed=60s, phase=Coach invocation, files_changed=0, last_tool=Bash
[2026-04-26T08:48:57] SNAPSHOT TASK-J003-008: elapsed=120s, phase=Coach invocation, files_changed=0, last_tool=Bash
[2026-04-26T08:49:57] SNAPSHOT TASK-J003-008: elapsed=180s, phase=Coach invocation, files_changed=0, last_tool=Bash
[2026-04-26T08:50:57] SNAPSHOT TASK-J003-008: elapsed=240s, phase=Coach invocation, files_changed=0, last_tool=Bash
[2026-04-26T08:51:34] START TASK-J003-008: task-work implementation
[2026-04-26T08:52:34] SNAPSHOT TASK-J003-008: elapsed=60s, phase=task-work implementation, files_changed=0, last_tool=Bash
[2026-04-26T08:53:34] SNAPSHOT TASK-J003-008: elapsed=120s, phase=task-work implementation, files_changed=0, last_tool=Bash
[2026-04-26T08:54:34] SNAPSHOT TASK-J003-008: elapsed=180s, phase=task-work implementation, files_changed=0, last_tool=Bash
[2026-04-26T08:55:34] SNAPSHOT TASK-J003-008: elapsed=240s, phase=task-work implementation, files_changed=0, last_tool=Bash
[2026-04-26T08:56:09] START TASK-J003-008: Player invocation
[2026-04-26T08:57:09] SNAPSHOT TASK-J003-008: elapsed=60s, phase=Player invocation, files_changed=0, last_tool=Bash
[2026-04-26T08:57:48] START TASK-J003-008: Coach invocation
[2026-04-26T08:58:48] SNAPSHOT TASK-J003-008: elapsed=60s, phase=Coach invocation, files_changed=0, last_tool=Bash
[2026-04-26T08:59:48] SNAPSHOT TASK-J003-008: elapsed=120s, phase=Coach invocation, files_changed=0, last_tool=Bash
[2026-04-26T09:00:48] SNAPSHOT TASK-J003-008: elapsed=180s, phase=Coach invocation, files_changed=0, last_tool=Bash
[2026-04-26T09:01:48] SNAPSHOT TASK-J003-008: elapsed=240s, phase=Coach invocation, files_changed=0, last_tool=Grep
[2026-04-26T09:02:48] SNAPSHOT TASK-J003-008: elapsed=300s, phase=Coach invocation, files_changed=0, last_tool=Bash
[2026-04-26T09:03:34] COMPLETE TASK-J003-008: elapsed=1835s, decision=approved, snapshots=5
