[2026-04-27T22:48:36] START TASK-J004-011: task-work implementation
[2026-04-27T22:49:36] SNAPSHOT TASK-J004-011: elapsed=60s, phase=task-work implementation, files_changed=0, last_tool=Bash
[2026-04-27T22:50:36] SNAPSHOT TASK-J004-011: elapsed=120s, phase=task-work implementation, files_changed=0, last_tool=Read
[2026-04-27T22:51:36] SNAPSHOT TASK-J004-011: elapsed=180s, phase=task-work implementation, files_changed=0, last_tool=Read
[2026-04-27T22:52:36] SNAPSHOT TASK-J004-011: elapsed=240s, phase=task-work implementation, files_changed=0, last_tool=Read
[2026-04-27T22:53:36] SNAPSHOT TASK-J004-011: elapsed=300s, phase=task-work implementation, files_changed=0, last_tool=Read
[2026-04-27T22:54:36] SNAPSHOT TASK-J004-011: elapsed=360s, phase=task-work implementation, files_changed=0, last_tool=Bash
[2026-04-27T22:55:36] SNAPSHOT TASK-J004-011: elapsed=420s, phase=task-work implementation, files_changed=0, last_tool=Bash
[2026-04-27T22:56:36] SNAPSHOT TASK-J004-011: elapsed=480s, phase=task-work implementation, files_changed=0, last_tool=Read
[2026-04-27T22:57:36] SNAPSHOT TASK-J004-011: elapsed=540s, phase=task-work implementation, files_changed=2, last_tool=Edit
[2026-04-27T22:58:36] SNAPSHOT TASK-J004-011: elapsed=600s, phase=task-work implementation, files_changed=4, last_tool=Edit
[2026-04-27T22:59:36] SNAPSHOT TASK-J004-011: elapsed=660s, phase=task-work implementation, files_changed=4, last_tool=Edit
[2026-04-27T23:00:36] SNAPSHOT TASK-J004-011: elapsed=720s, phase=task-work implementation, files_changed=6, last_tool=Read
[2026-04-27T23:01:36] SNAPSHOT TASK-J004-011: elapsed=780s, phase=task-work implementation, files_changed=8, last_tool=Edit
[2026-04-27T23:02:36] SNAPSHOT TASK-J004-011: elapsed=840s, phase=task-work implementation, files_changed=11, last_tool=Bash
[2026-04-27T23:03:36] SNAPSHOT TASK-J004-011: elapsed=900s, phase=task-work implementation, files_changed=11, last_tool=Read
[2026-04-27T23:04:36] SNAPSHOT TASK-J004-011: elapsed=960s, phase=task-work implementation, files_changed=13, last_tool=Bash
[2026-04-27T23:05:36] SNAPSHOT TASK-J004-011: elapsed=1020s, phase=task-work implementation, files_changed=13, last_tool=Bash
[2026-04-27T23:06:36] SNAPSHOT TASK-J004-011: elapsed=1080s, phase=task-work implementation, files_changed=15, last_tool=Bash
[2026-04-27T23:07:36] SNAPSHOT TASK-J004-011: elapsed=1140s, phase=task-work implementation, files_changed=15, last_tool=Bash
[2026-04-27T23:08:36] SNAPSHOT TASK-J004-011: elapsed=1200s, phase=task-work implementation, files_changed=16, last_tool=Bash
[2026-04-27T23:09:36] SNAPSHOT TASK-J004-011: elapsed=1260s, phase=task-work implementation, files_changed=16, last_tool=Bash
[2026-04-27T23:10:36] SNAPSHOT TASK-J004-011: elapsed=1320s, phase=task-work implementation, files_changed=16, last_tool=Bash
[2026-04-27T23:11:33] START TASK-J004-011: Player invocation
[2026-04-27T23:12:33] SNAPSHOT TASK-J004-011: elapsed=60s, phase=Player invocation, files_changed=0, last_tool=Bash
[2026-04-27T23:13:33] SNAPSHOT TASK-J004-011: elapsed=120s, phase=Player invocation, files_changed=0, last_tool=Bash
[2026-04-27T23:14:15] START TASK-J004-011: Coach invocation
[2026-04-27T23:15:15] SNAPSHOT TASK-J004-011: elapsed=60s, phase=Coach invocation, files_changed=0, last_tool=Read
[2026-04-27T23:16:15] SNAPSHOT TASK-J004-011: elapsed=120s, phase=Coach invocation, files_changed=0, last_tool=Bash
[2026-04-27T23:17:15] SNAPSHOT TASK-J004-011: elapsed=180s, phase=Coach invocation, files_changed=0, last_tool=Bash
[2026-04-27T23:18:15] SNAPSHOT TASK-J004-011: elapsed=240s, phase=Coach invocation, files_changed=0, last_tool=Read
[2026-04-27T23:19:15] SNAPSHOT TASK-J004-011: elapsed=300s, phase=Coach invocation, files_changed=0, last_tool=Bash
[2026-04-27T23:20:15] SNAPSHOT TASK-J004-011: elapsed=360s, phase=Coach invocation, files_changed=0, last_tool=Bash
[2026-04-27T23:20:40] COMPLETE TASK-J004-011: elapsed=1924s, decision=approved, snapshots=6
[2026-04-28T08:47:16] START TASK-J004-011: task-work implementation
[2026-04-28T08:48:16] SNAPSHOT TASK-J004-011: elapsed=60s, phase=task-work implementation, files_changed=0, last_tool=Read
[2026-04-28T08:49:16] SNAPSHOT TASK-J004-011: elapsed=120s, phase=task-work implementation, files_changed=0, last_tool=Read
[2026-04-28T08:50:16] SNAPSHOT TASK-J004-011: elapsed=180s, phase=task-work implementation, files_changed=0, last_tool=Bash
[2026-04-28T08:51:16] SNAPSHOT TASK-J004-011: elapsed=240s, phase=task-work implementation, files_changed=0, last_tool=Bash
[2026-04-28T08:52:16] SNAPSHOT TASK-J004-011: elapsed=300s, phase=task-work implementation, files_changed=0, last_tool=Bash
[2026-04-28T08:53:16] SNAPSHOT TASK-J004-011: elapsed=360s, phase=task-work implementation, files_changed=0, last_tool=Bash
[2026-04-28T08:54:16] SNAPSHOT TASK-J004-011: elapsed=420s, phase=task-work implementation, files_changed=0, last_tool=Bash
[2026-04-28T08:55:16] SNAPSHOT TASK-J004-011: elapsed=480s, phase=task-work implementation, files_changed=0, last_tool=Bash
[2026-04-28T08:56:16] SNAPSHOT TASK-J004-011: elapsed=540s, phase=task-work implementation, files_changed=0, last_tool=Bash
[2026-04-28T08:57:16] SNAPSHOT TASK-J004-011: elapsed=600s, phase=task-work implementation, files_changed=0, last_tool=Bash
[2026-04-28T08:58:16] SNAPSHOT TASK-J004-011: elapsed=660s, phase=task-work implementation, files_changed=0, last_tool=Bash
[2026-04-28T08:59:17] SNAPSHOT TASK-J004-011: elapsed=720s, phase=task-work implementation, files_changed=0, last_tool=Bash
[2026-04-28T09:00:17] SNAPSHOT TASK-J004-011: elapsed=780s, phase=task-work implementation, files_changed=1, last_tool=Read
[2026-04-28T09:01:17] SNAPSHOT TASK-J004-011: elapsed=840s, phase=task-work implementation, files_changed=1, last_tool=Read
[2026-04-28T09:02:17] SNAPSHOT TASK-J004-011: elapsed=900s, phase=task-work implementation, files_changed=3, last_tool=Write
[2026-04-28T09:03:17] SNAPSHOT TASK-J004-011: elapsed=960s, phase=task-work implementation, files_changed=5, last_tool=Bash
[2026-04-28T09:04:17] SNAPSHOT TASK-J004-011: elapsed=1020s, phase=task-work implementation, files_changed=7, last_tool=Edit
[2026-04-28T09:05:17] SNAPSHOT TASK-J004-011: elapsed=1080s, phase=task-work implementation, files_changed=11, last_tool=Bash
[2026-04-28T09:06:17] SNAPSHOT TASK-J004-011: elapsed=1140s, phase=task-work implementation, files_changed=12, last_tool=Read
[2026-04-28T09:07:17] SNAPSHOT TASK-J004-011: elapsed=1200s, phase=task-work implementation, files_changed=12, last_tool=Read
[2026-04-28T09:08:17] SNAPSHOT TASK-J004-011: elapsed=1260s, phase=task-work implementation, files_changed=12, last_tool=Bash
[2026-04-28T09:09:17] SNAPSHOT TASK-J004-011: elapsed=1320s, phase=task-work implementation, files_changed=12, last_tool=Bash
[2026-04-28T09:10:17] SNAPSHOT TASK-J004-011: elapsed=1380s, phase=task-work implementation, files_changed=12, last_tool=Bash
[2026-04-28T09:11:17] SNAPSHOT TASK-J004-011: elapsed=1440s, phase=task-work implementation, files_changed=12, last_tool=Bash
[2026-04-28T09:12:17] SNAPSHOT TASK-J004-011: elapsed=1500s, phase=task-work implementation, files_changed=12, last_tool=Bash
[2026-04-28T09:13:17] SNAPSHOT TASK-J004-011: elapsed=1560s, phase=task-work implementation, files_changed=13, last_tool=Read
[2026-04-28T09:14:17] SNAPSHOT TASK-J004-011: elapsed=1620s, phase=task-work implementation, files_changed=13, last_tool=Read
[2026-04-28T09:15:17] SNAPSHOT TASK-J004-011: elapsed=1680s, phase=task-work implementation, files_changed=13, last_tool=Read
[2026-04-28T09:16:17] SNAPSHOT TASK-J004-011: elapsed=1740s, phase=task-work implementation, files_changed=14, last_tool=Bash
[2026-04-28T09:17:17] SNAPSHOT TASK-J004-011: elapsed=1800s, phase=task-work implementation, files_changed=14, last_tool=Bash
[2026-04-28T09:18:17] SNAPSHOT TASK-J004-011: elapsed=1860s, phase=task-work implementation, files_changed=15, last_tool=Read
[2026-04-28T09:19:17] SNAPSHOT TASK-J004-011: elapsed=1920s, phase=task-work implementation, files_changed=15, last_tool=Read
[2026-04-28T09:20:17] SNAPSHOT TASK-J004-011: elapsed=1980s, phase=task-work implementation, files_changed=16, last_tool=Read
[2026-04-28T09:21:17] SNAPSHOT TASK-J004-011: elapsed=2040s, phase=task-work implementation, files_changed=19, last_tool=Bash
[2026-04-28T09:22:17] SNAPSHOT TASK-J004-011: elapsed=2100s, phase=task-work implementation, files_changed=19, last_tool=Bash
[2026-04-28T09:23:17] SNAPSHOT TASK-J004-011: elapsed=2160s, phase=task-work implementation, files_changed=19, last_tool=Bash
[2026-04-28T09:24:31] COMPLETE TASK-J004-011: elapsed=2235s, decision=timeout_budget_exhausted, snapshots=36
[2026-04-28T11:50:47] START TASK-J004-011: task-work implementation
[2026-04-28T11:51:47] SNAPSHOT TASK-J004-011: elapsed=60s, phase=task-work implementation, files_changed=0, last_tool=Read
[2026-04-28T11:52:47] SNAPSHOT TASK-J004-011: elapsed=120s, phase=task-work implementation, files_changed=0, last_tool=Bash
[2026-04-28T11:53:47] SNAPSHOT TASK-J004-011: elapsed=180s, phase=task-work implementation, files_changed=0, last_tool=Bash
[2026-04-28T11:54:47] SNAPSHOT TASK-J004-011: elapsed=240s, phase=task-work implementation, files_changed=0, last_tool=Bash
[2026-04-28T11:55:47] SNAPSHOT TASK-J004-011: elapsed=300s, phase=task-work implementation, files_changed=0, last_tool=Read
[2026-04-28T11:56:47] SNAPSHOT TASK-J004-011: elapsed=360s, phase=task-work implementation, files_changed=0, last_tool=Read
[2026-04-28T11:57:47] SNAPSHOT TASK-J004-011: elapsed=420s, phase=task-work implementation, files_changed=0, last_tool=Read
[2026-04-28T11:58:47] SNAPSHOT TASK-J004-011: elapsed=480s, phase=task-work implementation, files_changed=0, last_tool=TodoWrite
[2026-04-28T11:59:47] SNAPSHOT TASK-J004-011: elapsed=540s, phase=task-work implementation, files_changed=2, last_tool=Edit
[2026-04-28T12:00:47] SNAPSHOT TASK-J004-011: elapsed=600s, phase=task-work implementation, files_changed=4, last_tool=Edit
[2026-04-28T12:01:47] SNAPSHOT TASK-J004-011: elapsed=660s, phase=task-work implementation, files_changed=4, last_tool=Edit
[2026-04-28T12:02:47] SNAPSHOT TASK-J004-011: elapsed=720s, phase=task-work implementation, files_changed=6, last_tool=Bash
[2026-04-28T12:03:47] SNAPSHOT TASK-J004-011: elapsed=780s, phase=task-work implementation, files_changed=6, last_tool=Bash
[2026-04-28T12:04:47] SNAPSHOT TASK-J004-011: elapsed=840s, phase=task-work implementation, files_changed=7, last_tool=Write
[2026-04-28T12:05:47] SNAPSHOT TASK-J004-011: elapsed=900s, phase=task-work implementation, files_changed=9, last_tool=Write
[2026-04-28T12:06:47] SNAPSHOT TASK-J004-011: elapsed=960s, phase=task-work implementation, files_changed=10, last_tool=Bash
[2026-04-28T12:07:47] SNAPSHOT TASK-J004-011: elapsed=1020s, phase=task-work implementation, files_changed=10, last_tool=Bash
[2026-04-28T12:08:47] SNAPSHOT TASK-J004-011: elapsed=1080s, phase=task-work implementation, files_changed=10, last_tool=Bash
[2026-04-28T12:09:47] SNAPSHOT TASK-J004-011: elapsed=1140s, phase=task-work implementation, files_changed=13, last_tool=Bash
[2026-04-28T12:10:47] SNAPSHOT TASK-J004-011: elapsed=1200s, phase=task-work implementation, files_changed=13, last_tool=Bash
[2026-04-28T12:11:47] SNAPSHOT TASK-J004-011: elapsed=1260s, phase=task-work implementation, files_changed=13, last_tool=Bash
[2026-04-28T12:12:31] START TASK-J004-011: specialist:test-orchestrator invocation
[2026-04-28T12:13:31] SNAPSHOT TASK-J004-011: elapsed=60s, phase=specialist:test-orchestrator invocation, files_changed=0, last_tool=Bash
[2026-04-28T12:14:02] START TASK-J004-011: specialist:code-reviewer invocation
[2026-04-28T12:15:02] SNAPSHOT TASK-J004-011: elapsed=60s, phase=specialist:code-reviewer invocation, files_changed=0, last_tool=Read
[2026-04-28T12:16:02] SNAPSHOT TASK-J004-011: elapsed=120s, phase=specialist:code-reviewer invocation, files_changed=0, last_tool=Bash
[2026-04-28T12:17:02] SNAPSHOT TASK-J004-011: elapsed=180s, phase=specialist:code-reviewer invocation, files_changed=0, last_tool=Bash
[2026-04-28T12:18:02] SNAPSHOT TASK-J004-011: elapsed=240s, phase=specialist:code-reviewer invocation, files_changed=0, last_tool=Bash
[2026-04-28T12:19:02] SNAPSHOT TASK-J004-011: elapsed=300s, phase=specialist:code-reviewer invocation, files_changed=0, last_tool=Read
[2026-04-28T12:20:02] SNAPSHOT TASK-J004-011: elapsed=360s, phase=specialist:code-reviewer invocation, files_changed=0, last_tool=Read
[2026-04-28T12:21:02] SNAPSHOT TASK-J004-011: elapsed=420s, phase=specialist:code-reviewer invocation, files_changed=0, last_tool=Read
[2026-04-28T12:21:24] COMPLETE TASK-J004-011: elapsed=1837s, decision=approved, snapshots=7
